{"tool":"pest","result":"failed","tests":93,"passed":88,"assertions":194,"duration_ms":6811,"failed":5,"failures":[{"test":"P\\Tests\\Feature\\Auth\\RegistrationTest::__pest_evaluable_new_users_can_register","file":"\\Repositorio\\Sites\\hub\\vendor\\laravel\\framework\\src\\Illuminate\\Testing\\TestResponseAssert.php","line":45,"message":"Session has unexpected errors: \r\n\r\n{\n \"default\": [\n \"validation.required\",\n \"validation.required\",\n \"validation.required\"\n ]\n}\nFailed asserting that true is false.\r\n\r\nThe following errors occurred during the last request:\n\nvalidation.required\r\nvalidation.required\r\nvalidation.required"},{"test":"P\\Tests\\Feature\\Auth\\RegistrationTest::__pest_evaluable_new_users_can_register_without_email","file":"\\Repositorio\\Sites\\hub\\vendor\\laravel\\framework\\src\\Illuminate\\Testing\\TestResponseAssert.php","line":45,"message":"Session has unexpected errors: \r\n\r\n{\n \"default\": [\n \"validation.required\",\n \"validation.required\",\n \"validation.required\"\n ]\n}\nFailed asserting that true is false.\r\n\r\nThe following errors occurred during the last request:\n\nvalidation.required\r\nvalidation.required\r\nvalidation.required"},{"test":"P\\Tests\\Feature\\DashboardTest::__pest_evaluable_authenticated_users_can_visit_the_dashboard","file":"\\Repositorio\\Sites\\hub\\vendor\\laravel\\framework\\src\\Illuminate\\Testing\\TestResponseAssert.php","line":45,"message":"Expected response status code [200] but received 500.\nFailed asserting that 500 is identical to 200.\r\n\r\nThe following exception occurred during the last request:\n\nInvalidArgumentException: Unable to locate a class or view for component [flux::icon.shield]. in C:\\Repositorio\\Sites\\hub\\vendor\\laravel\\framework\\src\\Illuminate\\View\\Compilers\\ComponentTagCompiler.php:315\nStack trace:\n#0 C:\\Repositorio\\Sites\\hub\\vendor\\laravel\\framework\\src\\Illuminate\\View\\Compilers\\ComponentTagCompiler.php(235): Illuminate\\View\\Compilers\\ComponentTagCompiler->componentClass('flux::icon.shie..')\n#1 C:\\Repositorio\\Sites\\hub\\vendor\\livewire\\flux\\src\\FluxTagCompiler.php(25): Illuminate\\View\\Compilers\\ComponentTagCompiler->componentString('flux::icon.shie..', Array)\n#2 C:\\Repositorio\\Sites\\hub\\vendor\\livewire\\flux\\src\\FluxTagCompiler.php(161): Flux\\FluxTagCompiler->componentString('flux::icon.shie..', Array)\n#3 [internal function]: Flux\\FluxTagCompiler->{closure:Flux\\FluxTagCompiler::compileSelfClosingTags():147}(Array)\n#4 C:\\Repositorio\\Sites\\hub\\vendor\\livewire\\flux\\src\\FluxTagCompiler.php(147): preg_replace_callback('/\\n <..', Object(Closure), '<?php # [BlazeF..')\n#5 C:\\Repositorio\\Sites\\hub\\vendor\\laravel\\framework\\src\\Illuminate\\View\\Compilers\\ComponentTagCompiler.php(89): Flux\\FluxTagCompiler->compileSelfClosingTags('<?php # [BlazeF..')\n#6 C:\\Repositorio\\Sites\\hub\\vendor\\laravel\\framework\\src\\Illuminate\\View\\Compilers\\ComponentTagCompiler.php(76): Illuminate\\View\\Compilers\\ComponentTagCompiler->compileTags('<?php # [BlazeF..')\n#7 C:\\Repositorio\\Sites\\hub\\vendor\\livewire\\flux\\src\\FluxServiceProvider.php(78): Illuminate\\View\\Compilers\\ComponentTagCompiler->compile('<?php # [BlazeF..')\n#8 C:\\Repositorio\\Sites\\hub\\vendor\\laravel\\framework\\src\\Illuminate\\View\\Compilers\\BladeCompiler.php(301): Flux\\FluxServiceProvider->{closure:Flux\\FluxServiceProvider::bootTagCompiler():77}('<?php # [BlazeF..')\n#9 C:\\Repositorio\\Sites\\hub\\vendor\\laravel\\framework\\src\\Illuminate\\View\\Compilers\\BladeCompiler.php(188): Illuminate\\View\\Compilers\\BladeCompiler->compileString('<?php # [BlazeF..')\n#10 C:\\Repositorio\\Sites\\hub\\vendor\\laravel\\framework\\src\\Illuminate\\View\\Engines\\CompilerEngine.php(68): Illuminate\\View\\Compilers\\BladeCompiler->compile('C:\\\\Repositorio\\\\..')\n#11 C:\\Repositorio\\Sites\\hub\\vendor\\livewire\\livewire\\src\\Mechanisms\\ExtendBlade\\ExtendedCompilerEngine.php(10): Illuminate\\View\\Engines\\CompilerEngine->get('C:\\\\Repositorio\\\\..', Array)\n#12 C:\\Repositorio\\Sites\\hub\\vendor\\laravel\\framework\\src\\Illuminate\\View\\View.php(208): Livewire\\Mechanisms\\ExtendBlade\\ExtendedCompilerEngine->get('C:\\\\Repositorio\\\\..', Array)\n#13 C:\\Repositorio\\Sites\\hub\\vendor\\laravel\\framework\\src\\Illuminate\\View\\View.php(191): Illuminate\\View\\View->getContents()\n#14 C:\\Repositorio\\Sites\\hub\\vendor\\laravel\\framework\\src\\Illuminate\\View\\View.php(160): Illuminate\\View\\View->renderContents()\n#15 C:\\Repositorio\\Sites\\hub\\vendor\\laravel\\framework\\src\\Illuminate\\Http\\Response.php(82): Illuminate\\View\\View->render()\n#16 C:\\Repositorio\\Sites\\hub\\vendor\\laravel\\framework\\src\\Illuminate\\Http\\Response.php(40): Illuminate\\Http\\Response->setContent(Object(Illuminate\\View\\View))\n#17 C:\\Repositorio\\Sites\\hub\\vendor\\laravel\\framework\\src\\Illuminate\\Routing\\ResponseFactory.php(61): Illuminate\\Http\\Response->__construct(Object(Illuminate\\View\\View), 200, Array)\n#18 C:\\Repositorio\\Sites\\hub\\vendor\\laravel\\framework\\src\\Illuminate\\Routing\\ResponseFactory.php(91): Illuminate\\Routing\\ResponseFactory->make(Object(Illuminate\\View\\View), 200, Array)\n#19 C:\\Repositorio\\Sites\\hub\\vendor\\laravel\\framework\\src\\Illuminate\\Routing\\ViewController.php(40): Illuminate\\Routing\\ResponseFactory->view('dashboard', Array, 200, Array)\n#20 C:\\Repositorio\\Sites\\hub\\vendor\\laravel\\framework\\src\\Illuminate\\Routing\\ViewController.php(57): Illuminate\\Routing\\ViewController->__invoke(current_team: 'santiago-e-maia..', view: 'dashboard', data: Array, status: 200, headers: Array)\n#21 C:\\Repositorio\\Sites\\hub\\vendor\\laravel\\framework\\src\\Illuminate\\Routing\\ControllerDispatcher.php(43): Illuminate\\Routing\\ViewController->callAction('__invoke', Array)\n#22 C:\\Repositorio\\Sites\\hub\\vendor\\laravel\\framework\\src\\Illuminate\\Routing\\Route.php(275): Illuminate\\Routing\\ControllerDispatcher->dispatch(Object(Illuminate\\Routing\\Route), Object(Illuminate\\Routing\\ViewController), '__invoke')\n#23 C:\\Repositorio\\Sites\\hub\\vendor\\laravel\\framework\\src\\Illuminate\\Routing\\Route.php(215): Illuminate\\Routing\\Route->runController()\n#24 C:\\Repositorio\\Sites\\hub\\vendor\\laravel\\framework\\src\\Illuminate\\Routing\\Router.php(822): Illuminate\\Routing\\Route->run()\n#25 C:\\Repositorio\\Sites\\hub\\vendor\\laravel\\framework\\src\\Illuminate\\Pipeline\\Pipeline.php(180): Illuminate\\Routing\\Router->{closure:Illuminate\\Routing\\Router::runRouteWithinStack():821}(Object(Illuminate\\Http\\Request))\n#26 C:\\Repositorio\\Sites\\hub\\app\\Http\\Middleware\\EnsureTeamMembership.php(31): Illuminate\\Pipeline\\Pipeline->{closure:Illuminate\\Pipeline\\Pipeline::prepareDestination():178}(Object(Illuminate\\Http\\Request))\n#27 C:\\Repositorio\\Sites\\hub\\vendor\\laravel\\framework\\src\\Illuminate\\Pipeline\\Pipeline.php(219): App\\Http\\Middleware\\EnsureTeamMembership->handle(Object(Illuminate\\Http\\Request), Object(Closure))\n#28 C:\\Repositorio\\Sites\\hub\\vendor\\laravel\\framework\\src\\Illuminate\\Auth\\Middleware\\EnsureEmailIsVerified.php(41): Illuminate\\Pipeline\\Pipeline->{closure:{closure:Illuminate\\Pipeline\\Pipeline::carry():194}:195}(Object(Illuminate\\Http\\Request))\n#29 C:\\Repositorio\\Sites\\hub\\vendor\\laravel\\framework\\src\\Illuminate\\Pipeline\\Pipeline.php(219): Illuminate\\Auth\\Middleware\\EnsureEmailIsVerified->handle(Object(Illuminate\\Http\\Request), Object(Closure))\n#30 C:\\Repositorio\\Sites\\hub\\app\\Http\\Middleware\\SetTeamUrlDefaults.php(26): Illuminate\\Pipeline\\Pipeline->{closure:{closure:Illuminate\\Pipeline\\Pipeline::carry():194}:195}(Object(Illuminate\\Http\\Request))\n#31 C:\\Repositorio\\Sites\\hub\\vendor\\laravel\\framework\\src\\Illuminate\\Pipeline\\Pipeline.php(219): App\\Http\\Middleware\\SetTeamUrlDefaults->handle(Object(Illuminate\\Http\\Request), Object(Closure))\n#32 C:\\Repositorio\\Sites\\hub\\vendor\\laravel\\framework\\src\\Illuminate\\Routing\\Middleware\\SubstituteBindings.php(52): Illuminate\\Pipeline\\Pipeline->{closure:{closure:Illuminate\\Pipeline\\Pipeline::carry():194}:195}(Object(Illuminate\\Http\\Request))\n#33 C:\\Repositorio\\Sites\\hub\\vendor\\laravel\\framework\\src\\Illuminate\\Pipeline\\Pipeline.php(219): Illuminate\\Routing\\Middleware\\SubstituteBindings->handle(Object(Illuminate\\Http\\Request), Object(Closure))\n#34 C:\\Repositorio\\Sites\\hub\\vendor\\laravel\\framework\\src\\Illuminate\\Auth\\Middleware\\Authenticate.php(63): Illuminate\\Pipeline\\Pipeline->{closure:{closure:Illuminate\\Pipeline\\Pipeline::carry():194}:195}(Object(Illuminate\\Http\\Request))\n#35 C:\\Repositorio\\Sites\\hub\\vendor\\laravel\\framework\\src\\Illuminate\\Pipeline\\Pipeline.php(219): Illuminate\\Auth\\Middleware\\Authenticate->handle(Object(Illuminate\\Http\\Request), Object(Closure))\n#36 C:\\Repositorio\\Sites\\hub\\vendor\\laravel\\framework\\src\\Illuminate\\Foundation\\Http\\Middleware\\PreventRequestForgery.php(104): Illuminate\\Pipeline\\Pipeline->{closure:{closure:Illuminate\\Pipeline\\Pipeline::carry():194}:195}(Object(Illuminate\\Http\\Request))\n#37 C:\\Repositorio\\Sites\\hub\\vendor\\laravel\\framework\\src\\Illuminate\\Pipeline\\Pipeline.php(219): Illuminate\\Foundation\\Http\\Middleware\\PreventRequestForgery->handle(Object(Illuminate\\Http\\Request), Object(Closure))\n#38 C:\\Repositorio\\Sites\\hub\\vendor\\laravel\\framework\\src\\Illuminate\\View\\Middleware\\ShareErrorsFromSession.php(48): Illuminate\\Pipeline\\Pipeline->{closure:{closure:Illuminate\\Pipeline\\Pipeline::carry():194}:195}(Object(Illuminate\\Http\\Request))\n#39 C:\\Repositorio\\Sites\\hub\\vendor\\laravel\\framework\\src\\Illuminate\\Pipeline\\Pipeline.php(219): Illuminate\\View\\Middleware\\ShareErrorsFromSession->handle(Object(Illuminate\\Http\\Request), Object(Closure))\n#40 C:\\Repositorio\\Sites\\hub\\vendor\\laravel\\framework\\src\\Illuminate\\Session\\Middleware\\StartSession.php(120): Illuminate\\Pipeline\\Pipeline->{closure:{closure:Illuminate\\Pipeline\\Pipeline::carry():194}:195}(Object(Illuminate\\Http\\Request))\n#41 C:\\Repositorio\\Sites\\hub\\vendor\\laravel\\framework\\src\\Illuminate\\Session\\Middleware\\StartSession.php(63): Illuminate\\Session\\Middleware\\StartSession->handleStatefulRequest(Object(Illuminate\\Http\\Request), Object(Illuminate\\Session\\Store), Object(Closure))\n#42 C:\\Repositorio\\Sites\\hub\\vendor\\laravel\\framework\\src\\Illuminate\\Pipeline\\Pipeline.php(219): Illuminate\\Session\\Middleware\\StartSession->handle(Object(Illuminate\\Http\\Request), Object(Closure))\n#43 C:\\Repositorio\\Sites\\hub\\vendor\\laravel\\framework\\src\\Illuminate\\Cookie\\Middleware\\AddQueuedCookiesToResponse.php(36): Illuminate\\Pipeline\\Pipeline->{closure:{closure:Illuminate\\Pipeline\\Pipeline::carry():194}:195}(Object(Illuminate\\Http\\Request))\n#44 C:\\Repositorio\\Sites\\hub\\vendor\\laravel\\framework\\src\\Illuminate\\Pipeline\\Pipeline.php(219): Illuminate\\Cookie\\Middleware\\AddQueuedCookiesToResponse->handle(Object(Illuminate\\Http\\Request), Object(Closure))\n#45 C:\\Repositorio\\Sites\\hub\\vendor\\laravel\\framework\\src\\Illuminate\\Cookie\\Middleware\\EncryptCookies.php(74): Illuminate\\Pipeline\\Pipeline->{closure:{closure:Illuminate\\Pipeline\\Pipeline::carry():194}:195}(Object(Illuminate\\Http\\Request))\n#46 C:\\Repositorio\\Sites\\hub\\vendor\\laravel\\framework\\src\\Illuminate\\Pipeline\\Pipeline.php(219): Illuminate\\Cookie\\Middleware\\EncryptCookies->handle(Object(Illuminate\\Http\\Request), Object(Closure))\n#47 C:\\Repositorio\\Sites\\hub\\vendor\\laravel\\framework\\src\\Illuminate\\Pipeline\\Pipeline.php(137): Illuminate\\Pipeline\\Pipeline->{closure:{closure:Illuminate\\Pipeline\\Pipeline::carry():194}:195}(Object(Illuminate\\Http\\Request))\n#48 C:\\Repositorio\\Sites\\hub\\vendor\\laravel\\framework\\src\\Illuminate\\Routing\\Router.php(821): Illuminate\\Pipeline\\Pipeline->then(Object(Closure))\n#49 C:\\Repositorio\\Sites\\hub\\vendor\\laravel\\framework\\src\\Illuminate\\Routing\\Router.php(800): Illuminate\\Routing\\Router->runRouteWithinStack(Object(Illuminate\\Routing\\Route), Object(Illuminate\\Http\\Request))\n#50 C:\\Repositorio\\Sites\\hub\\vendor\\laravel\\framework\\src\\Illuminate\\Routing\\Router.php(764): Illuminate\\Routing\\Router->runRoute(Object(Illuminate\\Http\\Request), Object(Illuminate\\Routing\\Route))\n#51 C:\\Repositorio\\Sites\\hub\\vendor\\laravel\\framework\\src\\Illuminate\\Routing\\Router.php(753): Illuminate\\Routing\\Router->dispatchToRoute(Object(Illuminate\\Http\\Request))\n#52 C:\\Repositorio\\Sites\\hub\\vendor\\laravel\\framework\\src\\Illuminate\\Foundation\\Http\\Kernel.php(200): Illuminate\\Routing\\Router->dispatch(Object(Illuminate\\Http\\Request))\n#53 C:\\Repositorio\\Sites\\hub\\vendor\\laravel\\framework\\src\\Illuminate\\Pipeline\\Pipeline.php(180): Illuminate\\Foundation\\Http\\Kernel->{closure:Illuminate\\Foundation\\Http\\Kernel::dispatchToRouter():197}(Object(Illuminate\\Http\\Request))\n#54 C:\\Repositorio\\Sites\\hub\\vendor\\livewire\\livewire\\src\\Features\\SupportDisablingBackButtonCache\\DisableBackButtonCacheMiddleware.php(19): Illuminate\\Pipeline\\Pipeline->{closure:Illuminate\\Pipeline\\Pipeline::prepareDestination():178}(Object(Illuminate\\Http\\Request))\n#55 C:\\Repositorio\\Sites\\hub\\vendor\\laravel\\framework\\src\\Illuminate\\Pipeline\\Pipeline.php(219): Livewire\\Features\\SupportDisablingBackButtonCache\\DisableBackButtonCacheMiddleware->handle(Object(Illuminate\\Http\\Request), Object(Closure))\n#56 C:\\Repositorio\\Sites\\hub\\vendor\\laravel\\framework\\src\\Illuminate\\Foundation\\Http\\Middleware\\TransformsRequest.php(21): Illuminate\\Pipeline\\Pipeline->{closure:{closure:Illuminate\\Pipeline\\Pipeline::carry():194}:195}(Object(Illuminate\\Http\\Request))\n#57 C:\\Repositorio\\Sites\\hub\\vendor\\laravel\\framework\\src\\Illuminate\\Foundation\\Http\\Middleware\\ConvertEmptyStringsToNull.php(31): Illuminate\\Foundation\\Http\\Middleware\\TransformsRequest->handle(Object(Illuminate\\Http\\Request), Object(Closure))\n#58 C:\\Repositorio\\Sites\\hub\\vendor\\laravel\\framework\\src\\Illuminate\\Pipeline\\Pipeline.php(219): Illuminate\\Foundation\\Http\\Middleware\\ConvertEmptyStringsToNull->handle(Object(Illuminate\\Http\\Request), Object(Closure))\n#59 C:\\Repositorio\\Sites\\hub\\vendor\\laravel\\framework\\src\\Illuminate\\Foundation\\Http\\Middleware\\TransformsRequest.php(21): Illuminate\\Pipeline\\Pipeline->{closure:{closure:Illuminate\\Pipeline\\Pipeline::carry():194}:195}(Object(Illuminate\\Http\\Request))\n#60 C:\\Repositorio\\Sites\\hub\\vendor\\laravel\\framework\\src\\Illuminate\\Foundation\\Http\\Middleware\\TrimStrings.php(51): Illuminate\\Foundation\\Http\\Middleware\\TransformsRequest->handle(Object(Illuminate\\Http\\Request), Object(Closure))\n#61 C:\\Repositorio\\Sites\\hub\\vendor\\laravel\\framework\\src\\Illuminate\\Pipeline\\Pipeline.php(219): Illuminate\\Foundation\\Http\\Middleware\\TrimStrings->handle(Object(Illuminate\\Http\\Request), Object(Closure))\n#62 C:\\Repositorio\\Sites\\hub\\vendor\\laravel\\framework\\src\\Illuminate\\Http\\Middleware\\ValidatePostSize.php(27): Illuminate\\Pipeline\\Pipeline->{closure:{closure:Illuminate\\Pipeline\\Pipeline::carry():194}:195}(Object(Illuminate\\Http\\Request))\n#63 C:\\Repositorio\\Sites\\hub\\vendor\\laravel\\framework\\src\\Illuminate\\Pipeline\\Pipeline.php(219): Illuminate\\Http\\Middleware\\ValidatePostSize->handle(Object(Illuminate\\Http\\Request), Object(Closure))\n#64 C:\\Repositorio\\Sites\\hub\\vendor\\laravel\\framework\\src\\Illuminate\\Foundation\\Http\\Middleware\\PreventRequestsDuringMaintenance.php(109): Illuminate\\Pipeline\\Pipeline->{closure:{closure:Illuminate\\Pipeline\\Pipeline::carry():194}:195}(Object(Illuminate\\Http\\Request))\n#65 C:\\Repositorio\\Sites\\hub\\vendor\\laravel\\framework\\src\\Illuminate\\Pipeline\\Pipeline.php(219): Illuminate\\Foundation\\Http\\Middleware\\PreventRequestsDuringMaintenance->handle(Object(Illuminate\\Http\\Request), Object(Closure))\n#66 C:\\Repositorio\\Sites\\hub\\vendor\\laravel\\framework\\src\\Illuminate\\Http\\Middleware\\HandleCors.php(61): Illuminate\\Pipeline\\Pipeline->{closure:{closure:Illuminate\\Pipeline\\Pipeline::carry():194}:195}(Object(Illuminate\\Http\\Request))\n#67 C:\\Repositorio\\Sites\\hub\\vendor\\laravel\\framework\\src\\Illuminate\\Pipeline\\Pipeline.php(219): Illuminate\\Http\\Middleware\\HandleCors->handle(Object(Illuminate\\Http\\Request), Object(Closure))\n#68 C:\\Repositorio\\Sites\\hub\\vendor\\laravel\\framework\\src\\Illuminate\\Http\\Middleware\\TrustProxies.php(58): Illuminate\\Pipeline\\Pipeline->{closure:{closure:Illuminate\\Pipeline\\Pipeline::carry():194}:195}(Object(Illuminate\\Http\\Request))\n#69 C:\\Repositorio\\Sites\\hub\\vendor\\laravel\\framework\\src\\Illuminate\\Pipeline\\Pipeline.php(219): Illuminate\\Http\\Middleware\\TrustProxies->handle(Object(Illuminate\\Http\\Request), Object(Closure))\n#70 C:\\Repositorio\\Sites\\hub\\vendor\\laravel\\framework\\src\\Illuminate\\Foundation\\Http\\Middleware\\InvokeDeferredCallbacks.php(22): Illuminate\\Pipeline\\Pipeline->{closure:{closure:Illuminate\\Pipeline\\Pipeline::carry():194}:195}(Object(Illuminate\\Http\\Request))\n#71 C:\\Repositorio\\Sites\\hub\\vendor\\laravel\\framework\\src\\Illuminate\\Pipeline\\Pipeline.php(219): Illuminate\\Foundation\\Http\\Middleware\\InvokeDeferredCallbacks->handle(Object(Illuminate\\Http\\Request), Object(Closure))\n#72 C:\\Repositorio\\Sites\\hub\\vendor\\laravel\\framework\\src\\Illuminate\\Http\\Middleware\\ValidatePathEncoding.php(28): Illuminate\\Pipeline\\Pipeline->{closure:{closure:Illuminate\\Pipeline\\Pipeline::carry():194}:195}(Object(Illuminate\\Http\\Request))\n#73 C:\\Repositorio\\Sites\\hub\\vendor\\laravel\\framework\\src\\Illuminate\\Pipeline\\Pipeline.php(219): Illuminate\\Http\\Middleware\\ValidatePathEncoding->handle(Object(Illuminate\\Http\\Request), Object(Closure))\n#74 C:\\Repositorio\\Sites\\hub\\vendor\\laravel\\framework\\src\\Illuminate\\Pipeline\\Pipeline.php(137): Illuminate\\Pipeline\\Pipeline->{closure:{closure:Illuminate\\Pipeline\\Pipeline::carry():194}:195}(Object(Illuminate\\Http\\Request))\n#75 C:\\Repositorio\\Sites\\hub\\vendor\\laravel\\framework\\src\\Illuminate\\Foundation\\Http\\Kernel.php(175): Illuminate\\Pipeline\\Pipeline->then(Object(Closure))\n#76 C:\\Repositorio\\Sites\\hub\\vendor\\laravel\\framework\\src\\Illuminate\\Foundation\\Http\\Kernel.php(144): Illuminate\\Foundation\\Http\\Kernel->sendRequestThroughRouter(Object(Illuminate\\Http\\Request))\n#77 C:\\Repositorio\\Sites\\hub\\vendor\\laravel\\framework\\src\\Illuminate\\Foundation\\Testing\\Concerns\\MakesHttpRequests.php(607): Illuminate\\Foundation\\Http\\Kernel->handle(Object(Illuminate\\Http\\Request))\n#78 C:\\Repositorio\\Sites\\hub\\vendor\\laravel\\framework\\src\\Illuminate\\Foundation\\Testing\\Concerns\\MakesHttpRequests.php(368): Illuminate\\Foundation\\Testing\\TestCase->call('GET', 'http://hub.test..', Array, Array, Array, Array)\n#79 C:\\Repositorio\\Sites\\hub\\tests\\Feature\\DashboardTest.php(19): Illuminate\\Foundation\\Testing\\TestCase->get('http://hub.test..')\n#80 C:\\Repositorio\\Sites\\hub\\vendor\\pestphp\\pest\\src\\Factories\\TestCaseMethodFactory.php(177): P\\Tests\\Feature\\DashboardTest->{closure:C:\\Repositorio\\Sites\\hub\\tests\\Feature\\DashboardTest.php:13}()\n#81 [internal function]: P\\Tests\\Feature\\DashboardTest->{closure:Pest\\Factories\\TestCaseMethodFactory::getClosure():167}()\n#82 C:\\Repositorio\\Sites\\hub\\vendor\\pestphp\\pest\\src\\Concerns\\Testable.php(581): call_user_func_array(Object(Closure), Array)\n#83 C:\\Repositorio\\Sites\\hub\\vendor\\pestphp\\pest\\src\\Support\\ExceptionTrace.php(26): P\\Tests\\Feature\\DashboardTest->{closure:Pest\\Concerns\\Testable::__callClosure():581}()\n#84 C:\\Repositorio\\Sites\\hub\\vendor\\pestphp\\pest\\src\\Concerns\\Testable.php(581): Pest\\Support\\ExceptionTrace::ensure(Object(Closure))\n#85 C:\\Repositorio\\Sites\\hub\\vendor\\pestphp\\pest\\src\\Concerns\\Testable.php(403): P\\Tests\\Feature\\DashboardTest->__callClosure(Object(Closure), Array)\n#86 C:\\Repositorio\\Sites\\hub\\vendor\\pestphp\\pest\\src\\Factories\\TestCaseFactory.php(175) : eval()'d code(26): P\\Tests\\Feature\\DashboardTest->__runTest(Object(Closure))\n#87 C:\\Repositorio\\Sites\\hub\\vendor\\phpunit\\phpunit\\src\\Framework\\TestCase.php(1318): P\\Tests\\Feature\\DashboardTest->__pest_evaluable_authenticated_users_can_visit_the_dashboard()\n#88 C:\\Repositorio\\Sites\\hub\\vendor\\phpunit\\phpunit\\src\\Framework\\TestCase.php(1355): PHPUnit\\Framework\\TestCase->invokeTestMethod('__pest_evaluabl..', Array)\n#89 C:\\Repositorio\\Sites\\hub\\vendor\\phpunit\\phpunit\\src\\Framework\\TestCase.php(521): PHPUnit\\Framework\\TestCase->runTest()\n#90 C:\\Repositorio\\Sites\\hub\\vendor\\phpunit\\phpunit\\src\\Framework\\TestRunner\\TestRunner.php(99): PHPUnit\\Framework\\TestCase->runBare()\n#91 C:\\Repositorio\\Sites\\hub\\vendor\\phpunit\\phpunit\\src\\Framework\\TestCase.php(361): PHPUnit\\Framework\\TestRunner->run(Object(P\\Tests\\Feature\\DashboardTest))\n#92 C:\\Repositorio\\Sites\\hub\\vendor\\phpunit\\phpunit\\src\\Framework\\TestSuite.php(374): PHPUnit\\Framework\\TestCase->run()\n#93 C:\\Repositorio\\Sites\\hub\\vendor\\phpunit\\phpunit\\src\\Framework\\TestSuite.php(374): PHPUnit\\Framework\\TestSuite->run()\n#94 C:\\Repositorio\\Sites\\hub\\vendor\\phpunit\\phpunit\\src\\Framework\\TestSuite.php(374): PHPUnit\\Framework\\TestSuite->run()\n#95 C:\\Repositorio\\Sites\\hub\\vendor\\phpunit\\phpunit\\src\\TextUI\\TestRunner.php(64): PHPUnit\\Framework\\TestSuite->run()\n#96 C:\\Repositorio\\Sites\\hub\\vendor\\phpunit\\phpunit\\src\\TextUI\\Application.php(229): PHPUnit\\TextUI\\TestRunner->run(Object(PHPUnit\\TextUI\\Configuration\\Configuration), Object(PHPUnit\\Runner\\ResultCache\\DefaultResultCache), Object(PHPUnit\\Framework\\TestSuite))\n#97 C:\\Repositorio\\Sites\\hub\\vendor\\pestphp\\pest\\src\\Kernel.php(117): PHPUnit\\TextUI\\Application->run(Array)\n#98 C:\\Repositorio\\Sites\\hub\\vendor\\pestphp\\pest\\bin\\pest(207): Pest\\Kernel->handle(Array, Array)\n#99 C:\\Repositorio\\Sites\\hub\\vendor\\pestphp\\pest\\bin\\pest(215): {closure:C:\\Repositorio\\Sites\\hub\\vendor\\pestphp\\pest\\bin\\pest:21}()\n#100 {main}\n\n----------------------------------------------------------------------------------\n\nUnable to locate a class or view for component [flux::icon.shield]."},{"test":"P\\Tests\\Feature\\Settings\\AuthorizationTest::__pest_evaluable_super__admin__can__view__roles__index","file":"\\Repositorio\\Sites\\hub\\vendor\\laravel\\framework\\src\\Illuminate\\Testing\\TestResponseAssert.php","line":45,"message":"Expected response status code [200] but received 500.\nFailed asserting that 500 is identical to 200.\r\n\r\nThe following exception occurred during the last request:\n\nException: Flux component [icon.history] does not exist. in C:\\Repositorio\\Sites\\hub\\storage\\framework\\views\\4c20301f673ff9e4b9fb45b1e464ba49.php:41\nStack trace:\n#0 C:\\Repositorio\\Sites\\hub\\storage\\framework\\views\\120f2dc41f7a3566b6ef41821f09a22b.php(99): _4c20301f673ff9e4b9fb45b1e464ba49(Object(Livewire\\Blaze\\Runtime\\BlazeRuntime), NULL, NULL, NULL, NULL, NULL)\n#1 C:\\Repositorio\\Sites\\hub\\storage\\framework\\views\\543ddf4e9e078e6dd9f148d1083b04b8.php(257): _120f2dc41f7a3566b6ef41821f09a22b(Object(Livewire\\Blaze\\Runtime\\BlazeRuntime), NULL, NULL, NULL, NULL, NULL)\n#2 C:\\Repositorio\\Sites\\hub\\vendor\\laravel\\framework\\src\\Illuminate\\Filesystem\\Filesystem.php(123): require('C:\\\\Repositorio\\\\..')\n#3 C:\\Repositorio\\Sites\\hub\\vendor\\laravel\\framework\\src\\Illuminate\\Filesystem\\Filesystem.php(124): Illuminate\\Filesystem\\Filesystem::{closure:Illuminate\\Filesystem\\Filesystem::getRequire():120}()\n#4 C:\\Repositorio\\Sites\\hub\\vendor\\laravel\\framework\\src\\Illuminate\\View\\Engines\\PhpEngine.php(57): Illuminate\\Filesystem\\Filesystem->getRequire('C:\\\\Repositorio\\\\..', Array)\n#5 C:\\Repositorio\\Sites\\hub\\vendor\\livewire\\livewire\\src\\Mechanisms\\ExtendBlade\\ExtendedCompilerEngine.php(22): Illuminate\\View\\Engines\\PhpEngine->evaluatePath('C:\\\\Repositorio\\\\..', Array)\n#6 C:\\Repositorio\\Sites\\hub\\vendor\\laravel\\framework\\src\\Illuminate\\View\\Engines\\CompilerEngine.php(76): Livewire\\Mechanisms\\ExtendBlade\\ExtendedCompilerEngine->evaluatePath('C:\\\\Repositorio\\\\..', Array)\n#7 C:\\Repositorio\\Sites\\hub\\vendor\\livewire\\livewire\\src\\Mechanisms\\ExtendBlade\\ExtendedCompilerEngine.php(10): Illuminate\\View\\Engines\\CompilerEngine->get('C:\\\\Repositorio\\\\..', Array)\n#8 C:\\Repositorio\\Sites\\hub\\vendor\\laravel\\framework\\src\\Illuminate\\View\\View.php(208): Livewire\\Mechanisms\\ExtendBlade\\ExtendedCompilerEngine->get('C:\\\\Repositorio\\\\..', Array)\n#9 C:\\Repositorio\\Sites\\hub\\vendor\\laravel\\framework\\src\\Illuminate\\View\\View.php(191): Illuminate\\View\\View->getContents()\n#10 C:\\Repositorio\\Sites\\hub\\vendor\\laravel\\framework\\src\\Illuminate\\View\\View.php(160): Illuminate\\View\\View->renderContents()\n#11 C:\\Repositorio\\Sites\\hub\\vendor\\laravel\\framework\\src\\Illuminate\\View\\Concerns\\ManagesComponents.php(103): Illuminate\\View\\View->render()\n#12 C:\\Repositorio\\Sites\\hub\\storage\\framework\\views\\e966c07df729b68eb28f6c0bec1f4f33.php(22): Illuminate\\View\\Factory->renderComponent()\n#13 C:\\Repositorio\\Sites\\hub\\vendor\\laravel\\framework\\src\\Illuminate\\Filesystem\\Filesystem.php(123): require('C:\\\\Repositorio\\\\..')\n#14 C:\\Repositorio\\Sites\\hub\\vendor\\laravel\\framework\\src\\Illuminate\\Filesystem\\Filesystem.php(124): Illuminate\\Filesystem\\Filesystem::{closure:Illuminate\\Filesystem\\Filesystem::getRequire():120}()\n#15 C:\\Repositorio\\Sites\\hub\\vendor\\laravel\\framework\\src\\Illuminate\\View\\Engines\\PhpEngine.php(57): Illuminate\\Filesystem\\Filesystem->getRequire('C:\\\\Repositorio\\\\..', Array)\n#16 C:\\Repositorio\\Sites\\hub\\vendor\\livewire\\livewire\\src\\Mechanisms\\ExtendBlade\\ExtendedCompilerEngine.php(22): Illuminate\\View\\Engines\\PhpEngine->evaluatePath('C:\\\\Repositorio\\\\..', Array)\n#17 C:\\Repositorio\\Sites\\hub\\vendor\\laravel\\framework\\src\\Illuminate\\View\\Engines\\CompilerEngine.php(76): Livewire\\Mechanisms\\ExtendBlade\\ExtendedCompilerEngine->evaluatePath('C:\\\\Repositorio\\\\..', Array)\n#18 C:\\Repositorio\\Sites\\hub\\vendor\\livewire\\livewire\\src\\Mechanisms\\ExtendBlade\\ExtendedCompilerEngine.php(10): Illuminate\\View\\Engines\\CompilerEngine->get('C:\\\\Repositorio\\\\..', Array)\n#19 C:\\Repositorio\\Sites\\hub\\vendor\\laravel\\framework\\src\\Illuminate\\View\\View.php(208): Livewire\\Mechanisms\\ExtendBlade\\ExtendedCompilerEngine->get('C:\\\\Repositorio\\\\..', Array)\n#20 C:\\Repositorio\\Sites\\hub\\vendor\\laravel\\framework\\src\\Illuminate\\View\\View.php(191): Illuminate\\View\\View->getContents()\n#21 C:\\Repositorio\\Sites\\hub\\vendor\\laravel\\framework\\src\\Illuminate\\View\\View.php(160): Illuminate\\View\\View->renderContents()\n#22 C:\\Repositorio\\Sites\\hub\\vendor\\laravel\\framework\\src\\Illuminate\\View\\Concerns\\ManagesComponents.php(103): Illuminate\\View\\View->render()\n#23 C:\\Repositorio\\Sites\\hub\\storage\\framework\\views\\2506d848c8eba2890692aceacdabb9db.php(17): Illuminate\\View\\Factory->renderComponent()\n#24 C:\\Repositorio\\Sites\\hub\\vendor\\laravel\\framework\\src\\Illuminate\\Filesystem\\Filesystem.php(123): require('C:\\\\Repositorio\\\\..')\n#25 C:\\Repositorio\\Sites\\hub\\vendor\\laravel\\framework\\src\\Illuminate\\Filesystem\\Filesystem.php(124): Illuminate\\Filesystem\\Filesystem::{closure:Illuminate\\Filesystem\\Filesystem::getRequire():120}()\n#26 C:\\Repositorio\\Sites\\hub\\vendor\\laravel\\framework\\src\\Illuminate\\View\\Engines\\PhpEngine.php(57): Illuminate\\Filesystem\\Filesystem->getRequire('C:\\\\Repositorio\\\\..', Array)\n#27 C:\\Repositorio\\Sites\\hub\\vendor\\livewire\\livewire\\src\\Mechanisms\\ExtendBlade\\ExtendedCompilerEngine.php(22): Illuminate\\View\\Engines\\PhpEngine->evaluatePath('C:\\\\Repositorio\\\\..', Array)\n#28 C:\\Repositorio\\Sites\\hub\\vendor\\laravel\\framework\\src\\Illuminate\\View\\Engines\\CompilerEngine.php(76): Livewire\\Mechanisms\\ExtendBlade\\ExtendedCompilerEngine->evaluatePath('C:\\\\Repositorio\\\\..', Array)\n#29 C:\\Repositorio\\Sites\\hub\\vendor\\livewire\\livewire\\src\\Mechanisms\\ExtendBlade\\ExtendedCompilerEngine.php(10): Illuminate\\View\\Engines\\CompilerEngine->get('C:\\\\Repositorio\\\\..', Array)\n#30 C:\\Repositorio\\Sites\\hub\\vendor\\laravel\\framework\\src\\Illuminate\\View\\View.php(208): Livewire\\Mechanisms\\ExtendBlade\\ExtendedCompilerEngine->get('C:\\\\Repositorio\\\\..', Array)\n#31 C:\\Repositorio\\Sites\\hub\\vendor\\laravel\\framework\\src\\Illuminate\\View\\View.php(191): Illuminate\\View\\View->getContents()\n#32 C:\\Repositorio\\Sites\\hub\\vendor\\laravel\\framework\\src\\Illuminate\\View\\View.php(160): Illuminate\\View\\View->renderContents()\n#33 C:\\Repositorio\\Sites\\hub\\vendor\\laravel\\framework\\src\\Illuminate\\View\\Compilers\\BladeCompiler.php(361): Illuminate\\View\\View->render()\n#34 C:\\Repositorio\\Sites\\hub\\vendor\\laravel\\framework\\src\\Illuminate\\Support\\Facades\\Facade.php(363): Illuminate\\View\\Compilers\\BladeCompiler::render(' <?php $layo..', Array)\n#35 C:\\Repositorio\\Sites\\hub\\vendor\\livewire\\livewire\\src\\Features\\SupportPageComponents\\SupportPageComponents.php(162): Illuminate\\Support\\Facades\\Facade::__callStatic('render', Array)\n#36 C:\\Repositorio\\Sites\\hub\\vendor\\livewire\\livewire\\src\\Features\\SupportPageComponents\\HandlesPageComponents.php(26): Livewire\\Features\\SupportPageComponents\\SupportPageComponents::renderContentsIntoLayout('<section wire:s..', Object(Livewire\\Features\\SupportPageComponents\\PageComponentConfig))\n#37 C:\\Repositorio\\Sites\\hub\\vendor\\laravel\\framework\\src\\Illuminate\\Container\\BoundMethod.php(36): Livewire\\Component->__invoke()\n#38 C:\\Repositorio\\Sites\\hub\\vendor\\laravel\\framework\\src\\Illuminate\\Container\\Util.php(43): Illuminate\\Container\\BoundMethod::{closure:Illuminate\\Container\\BoundMethod::call():35}()\n#39 C:\\Repositorio\\Sites\\hub\\vendor\\laravel\\framework\\src\\Illuminate\\Container\\BoundMethod.php(96): Illuminate\\Container\\Util::unwrapIfClosure(Object(Closure))\n#40 C:\\Repositorio\\Sites\\hub\\vendor\\laravel\\framework\\src\\Illuminate\\Container\\BoundMethod.php(35): Illuminate\\Container\\BoundMethod::callBoundMethod(Object(Illuminate\\Foundation\\Application), Array, Object(Closure))\n#41 C:\\Repositorio\\Sites\\hub\\vendor\\laravel\\framework\\src\\Illuminate\\Container\\Container.php(799): Illuminate\\Container\\BoundMethod::call(Object(Illuminate\\Foundation\\Application), Array, Array, NULL)\n#42 C:\\Repositorio\\Sites\\hub\\vendor\\livewire\\livewire\\src\\Mechanisms\\HandleRouting\\LivewirePageController.php(15): Illuminate\\Container\\Container->call(Array)\n#43 C:\\Repositorio\\Sites\\hub\\vendor\\laravel\\framework\\src\\Illuminate\\Routing\\ControllerDispatcher.php(46): Livewire\\Mechanisms\\HandleRouting\\LivewirePageController->__invoke()\n#44 C:\\Repositorio\\Sites\\hub\\vendor\\laravel\\framework\\src\\Illuminate\\Routing\\Route.php(275): Illuminate\\Routing\\ControllerDispatcher->dispatch(Object(Illuminate\\Routing\\Route), Object(Livewire\\Mechanisms\\HandleRouting\\LivewirePageController), '__invoke')\n#45 C:\\Repositorio\\Sites\\hub\\vendor\\laravel\\framework\\src\\Illuminate\\Routing\\Route.php(215): Illuminate\\Routing\\Route->runController()\n#46 C:\\Repositorio\\Sites\\hub\\vendor\\laravel\\framework\\src\\Illuminate\\Routing\\Router.php(822): Illuminate\\Routing\\Route->run()\n#47 C:\\Repositorio\\Sites\\hub\\vendor\\laravel\\framework\\src\\Illuminate\\Pipeline\\Pipeline.php(180): Illuminate\\Routing\\Router->{closure:Illuminate\\Routing\\Router::runRouteWithinStack():821}(Object(Illuminate\\Http\\Request))\n#48 C:\\Repositorio\\Sites\\hub\\app\\Http\\Middleware\\CheckPermission.php(24): Illuminate\\Pipeline\\Pipeline->{closure:Illuminate\\Pipeline\\Pipeline::prepareDestination():178}(Object(Illuminate\\Http\\Request))\n#49 C:\\Repositorio\\Sites\\hub\\vendor\\laravel\\framework\\src\\Illuminate\\Pipeline\\Pipeline.php(219): App\\Http\\Middleware\\CheckPermission->handle(Object(Illuminate\\Http\\Request), Object(Closure), 'view-roles')\n#50 C:\\Repositorio\\Sites\\hub\\vendor\\laravel\\framework\\src\\Illuminate\\Auth\\Middleware\\EnsureEmailIsVerified.php(41): Illuminate\\Pipeline\\Pipeline->{closure:{closure:Illuminate\\Pipeline\\Pipeline::carry():194}:195}(Object(Illuminate\\Http\\Request))\n#51 C:\\Repositorio\\Sites\\hub\\vendor\\laravel\\framework\\src\\Illuminate\\Pipeline\\Pipeline.php(219): Illuminate\\Auth\\Middleware\\EnsureEmailIsVerified->handle(Object(Illuminate\\Http\\Request), Object(Closure))\n#52 C:\\Repositorio\\Sites\\hub\\app\\Http\\Middleware\\SetTeamUrlDefaults.php(26): Illuminate\\Pipeline\\Pipeline->{closure:{closure:Illuminate\\Pipeline\\Pipeline::carry():194}:195}(Object(Illuminate\\Http\\Request))\n#53 C:\\Repositorio\\Sites\\hub\\vendor\\laravel\\framework\\src\\Illuminate\\Pipeline\\Pipeline.php(219): App\\Http\\Middleware\\SetTeamUrlDefaults->handle(Object(Illuminate\\Http\\Request), Object(Closure))\n#54 C:\\Repositorio\\Sites\\hub\\vendor\\laravel\\framework\\src\\Illuminate\\Routing\\Middleware\\SubstituteBindings.php(52): Illuminate\\Pipeline\\Pipeline->{closure:{closure:Illuminate\\Pipeline\\Pipeline::carry():194}:195}(Object(Illuminate\\Http\\Request))\n#55 C:\\Repositorio\\Sites\\hub\\vendor\\laravel\\framework\\src\\Illuminate\\Pipeline\\Pipeline.php(219): Illuminate\\Routing\\Middleware\\SubstituteBindings->handle(Object(Illuminate\\Http\\Request), Object(Closure))\n#56 C:\\Repositorio\\Sites\\hub\\vendor\\laravel\\framework\\src\\Illuminate\\Auth\\Middleware\\Authenticate.php(63): Illuminate\\Pipeline\\Pipeline->{closure:{closure:Illuminate\\Pipeline\\Pipeline::carry():194}:195}(Object(Illuminate\\Http\\Request))\n#57 C:\\Repositorio\\Sites\\hub\\vendor\\laravel\\framework\\src\\Illuminate\\Pipeline\\Pipeline.php(219): Illuminate\\Auth\\Middleware\\Authenticate->handle(Object(Illuminate\\Http\\Request), Object(Closure))\n#58 C:\\Repositorio\\Sites\\hub\\vendor\\laravel\\framework\\src\\Illuminate\\Foundation\\Http\\Middleware\\PreventRequestForgery.php(104): Illuminate\\Pipeline\\Pipeline->{closure:{closure:Illuminate\\Pipeline\\Pipeline::carry():194}:195}(Object(Illuminate\\Http\\Request))\n#59 C:\\Repositorio\\Sites\\hub\\vendor\\laravel\\framework\\src\\Illuminate\\Pipeline\\Pipeline.php(219): Illuminate\\Foundation\\Http\\Middleware\\PreventRequestForgery->handle(Object(Illuminate\\Http\\Request), Object(Closure))\n#60 C:\\Repositorio\\Sites\\hub\\vendor\\laravel\\framework\\src\\Illuminate\\View\\Middleware\\ShareErrorsFromSession.php(48): Illuminate\\Pipeline\\Pipeline->{closure:{closure:Illuminate\\Pipeline\\Pipeline::carry():194}:195}(Object(Illuminate\\Http\\Request))\n#61 C:\\Repositorio\\Sites\\hub\\vendor\\laravel\\framework\\src\\Illuminate\\Pipeline\\Pipeline.php(219): Illuminate\\View\\Middleware\\ShareErrorsFromSession->handle(Object(Illuminate\\Http\\Request), Object(Closure))\n#62 C:\\Repositorio\\Sites\\hub\\vendor\\laravel\\framework\\src\\Illuminate\\Session\\Middleware\\StartSession.php(120): Illuminate\\Pipeline\\Pipeline->{closure:{closure:Illuminate\\Pipeline\\Pipeline::carry():194}:195}(Object(Illuminate\\Http\\Request))\n#63 C:\\Repositorio\\Sites\\hub\\vendor\\laravel\\framework\\src\\Illuminate\\Session\\Middleware\\StartSession.php(63): Illuminate\\Session\\Middleware\\StartSession->handleStatefulRequest(Object(Illuminate\\Http\\Request), Object(Illuminate\\Session\\Store), Object(Closure))\n#64 C:\\Repositorio\\Sites\\hub\\vendor\\laravel\\framework\\src\\Illuminate\\Pipeline\\Pipeline.php(219): Illuminate\\Session\\Middleware\\StartSession->handle(Object(Illuminate\\Http\\Request), Object(Closure))\n#65 C:\\Repositorio\\Sites\\hub\\vendor\\laravel\\framework\\src\\Illuminate\\Cookie\\Middleware\\AddQueuedCookiesToResponse.php(36): Illuminate\\Pipeline\\Pipeline->{closure:{closure:Illuminate\\Pipeline\\Pipeline::carry():194}:195}(Object(Illuminate\\Http\\Request))\n#66 C:\\Repositorio\\Sites\\hub\\vendor\\laravel\\framework\\src\\Illuminate\\Pipeline\\Pipeline.php(219): Illuminate\\Cookie\\Middleware\\AddQueuedCookiesToResponse->handle(Object(Illuminate\\Http\\Request), Object(Closure))\n#67 C:\\Repositorio\\Sites\\hub\\vendor\\laravel\\framework\\src\\Illuminate\\Cookie\\Middleware\\EncryptCookies.php(74): Illuminate\\Pipeline\\Pipeline->{closure:{closure:Illuminate\\Pipeline\\Pipeline::carry():194}:195}(Object(Illuminate\\Http\\Request))\n#68 C:\\Repositorio\\Sites\\hub\\vendor\\laravel\\framework\\src\\Illuminate\\Pipeline\\Pipeline.php(219): Illuminate\\Cookie\\Middleware\\EncryptCookies->handle(Object(Illuminate\\Http\\Request), Object(Closure))\n#69 C:\\Repositorio\\Sites\\hub\\vendor\\laravel\\framework\\src\\Illuminate\\Pipeline\\Pipeline.php(137): Illuminate\\Pipeline\\Pipeline->{closure:{closure:Illuminate\\Pipeline\\Pipeline::carry():194}:195}(Object(Illuminate\\Http\\Request))\n#70 C:\\Repositorio\\Sites\\hub\\vendor\\laravel\\framework\\src\\Illuminate\\Routing\\Router.php(821): Illuminate\\Pipeline\\Pipeline->then(Object(Closure))\n#71 C:\\Repositorio\\Sites\\hub\\vendor\\laravel\\framework\\src\\Illuminate\\Routing\\Router.php(800): Illuminate\\Routing\\Router->runRouteWithinStack(Object(Illuminate\\Routing\\Route), Object(Illuminate\\Http\\Request))\n#72 C:\\Repositorio\\Sites\\hub\\vendor\\laravel\\framework\\src\\Illuminate\\Routing\\Router.php(764): Illuminate\\Routing\\Router->runRoute(Object(Illuminate\\Http\\Request), Object(Illuminate\\Routing\\Route))\n#73 C:\\Repositorio\\Sites\\hub\\vendor\\laravel\\framework\\src\\Illuminate\\Routing\\Router.php(753): Illuminate\\Routing\\Router->dispatchToRoute(Object(Illuminate\\Http\\Request))\n#74 C:\\Repositorio\\Sites\\hub\\vendor\\laravel\\framework\\src\\Illuminate\\Foundation\\Http\\Kernel.php(200): Illuminate\\Routing\\Router->dispatch(Object(Illuminate\\Http\\Request))\n#75 C:\\Repositorio\\Sites\\hub\\vendor\\laravel\\framework\\src\\Illuminate\\Pipeline\\Pipeline.php(180): Illuminate\\Foundation\\Http\\Kernel->{closure:Illuminate\\Foundation\\Http\\Kernel::dispatchToRouter():197}(Object(Illuminate\\Http\\Request))\n#76 C:\\Repositorio\\Sites\\hub\\vendor\\livewire\\livewire\\src\\Features\\SupportDisablingBackButtonCache\\DisableBackButtonCacheMiddleware.php(19): Illuminate\\Pipeline\\Pipeline->{closure:Illuminate\\Pipeline\\Pipeline::prepareDestination():178}(Object(Illuminate\\Http\\Request))\n#77 C:\\Repositorio\\Sites\\hub\\vendor\\laravel\\framework\\src\\Illuminate\\Pipeline\\Pipeline.php(219): Livewire\\Features\\SupportDisablingBackButtonCache\\DisableBackButtonCacheMiddleware->handle(Object(Illuminate\\Http\\Request), Object(Closure))\n#78 C:\\Repositorio\\Sites\\hub\\vendor\\laravel\\framework\\src\\Illuminate\\Foundation\\Http\\Middleware\\TransformsRequest.php(21): Illuminate\\Pipeline\\Pipeline->{closure:{closure:Illuminate\\Pipeline\\Pipeline::carry():194}:195}(Object(Illuminate\\Http\\Request))\n#79 C:\\Repositorio\\Sites\\hub\\vendor\\laravel\\framework\\src\\Illuminate\\Foundation\\Http\\Middleware\\ConvertEmptyStringsToNull.php(31): Illuminate\\Foundation\\Http\\Middleware\\TransformsRequest->handle(Object(Illuminate\\Http\\Request), Object(Closure))\n#80 C:\\Repositorio\\Sites\\hub\\vendor\\laravel\\framework\\src\\Illuminate\\Pipeline\\Pipeline.php(219): Illuminate\\Foundation\\Http\\Middleware\\ConvertEmptyStringsToNull->handle(Object(Illuminate\\Http\\Request), Object(Closure))\n#81 C:\\Repositorio\\Sites\\hub\\vendor\\laravel\\framework\\src\\Illuminate\\Foundation\\Http\\Middleware\\TransformsRequest.php(21): Illuminate\\Pipeline\\Pipeline->{closure:{closure:Illuminate\\Pipeline\\Pipeline::carry():194}:195}(Object(Illuminate\\Http\\Request))\n#82 C:\\Repositorio\\Sites\\hub\\vendor\\laravel\\framework\\src\\Illuminate\\Foundation\\Http\\Middleware\\TrimStrings.php(51): Illuminate\\Foundation\\Http\\Middleware\\TransformsRequest->handle(Object(Illuminate\\Http\\Request), Object(Closure))\n#83 C:\\Repositorio\\Sites\\hub\\vendor\\laravel\\framework\\src\\Illuminate\\Pipeline\\Pipeline.php(219): Illuminate\\Foundation\\Http\\Middleware\\TrimStrings->handle(Object(Illuminate\\Http\\Request), Object(Closure))\n#84 C:\\Repositorio\\Sites\\hub\\vendor\\laravel\\framework\\src\\Illuminate\\Http\\Middleware\\ValidatePostSize.php(27): Illuminate\\Pipeline\\Pipeline->{closure:{closure:Illuminate\\Pipeline\\Pipeline::carry():194}:195}(Object(Illuminate\\Http\\Request))\n#85 C:\\Repositorio\\Sites\\hub\\vendor\\laravel\\framework\\src\\Illuminate\\Pipeline\\Pipeline.php(219): Illuminate\\Http\\Middleware\\ValidatePostSize->handle(Object(Illuminate\\Http\\Request), Object(Closure))\n#86 C:\\Repositorio\\Sites\\hub\\vendor\\laravel\\framework\\src\\Illuminate\\Foundation\\Http\\Middleware\\PreventRequestsDuringMaintenance.php(109): Illuminate\\Pipeline\\Pipeline->{closure:{closure:Illuminate\\Pipeline\\Pipeline::carry():194}:195}(Object(Illuminate\\Http\\Request))\n#87 C:\\Repositorio\\Sites\\hub\\vendor\\laravel\\framework\\src\\Illuminate\\Pipeline\\Pipeline.php(219): Illuminate\\Foundation\\Http\\Middleware\\PreventRequestsDuringMaintenance->handle(Object(Illuminate\\Http\\Request), Object(Closure))\n#88 C:\\Repositorio\\Sites\\hub\\vendor\\laravel\\framework\\src\\Illuminate\\Http\\Middleware\\HandleCors.php(61): Illuminate\\Pipeline\\Pipeline->{closure:{closure:Illuminate\\Pipeline\\Pipeline::carry():194}:195}(Object(Illuminate\\Http\\Request))\n#89 C:\\Repositorio\\Sites\\hub\\vendor\\laravel\\framework\\src\\Illuminate\\Pipeline\\Pipeline.php(219): Illuminate\\Http\\Middleware\\HandleCors->handle(Object(Illuminate\\Http\\Request), Object(Closure))\n#90 C:\\Repositorio\\Sites\\hub\\vendor\\laravel\\framework\\src\\Illuminate\\Http\\Middleware\\TrustProxies.php(58): Illuminate\\Pipeline\\Pipeline->{closure:{closure:Illuminate\\Pipeline\\Pipeline::carry():194}:195}(Object(Illuminate\\Http\\Request))\n#91 C:\\Repositorio\\Sites\\hub\\vendor\\laravel\\framework\\src\\Illuminate\\Pipeline\\Pipeline.php(219): Illuminate\\Http\\Middleware\\TrustProxies->handle(Object(Illuminate\\Http\\Request), Object(Closure))\n#92 C:\\Repositorio\\Sites\\hub\\vendor\\laravel\\framework\\src\\Illuminate\\Foundation\\Http\\Middleware\\InvokeDeferredCallbacks.php(22): Illuminate\\Pipeline\\Pipeline->{closure:{closure:Illuminate\\Pipeline\\Pipeline::carry():194}:195}(Object(Illuminate\\Http\\Request))\n#93 C:\\Repositorio\\Sites\\hub\\vendor\\laravel\\framework\\src\\Illuminate\\Pipeline\\Pipeline.php(219): Illuminate\\Foundation\\Http\\Middleware\\InvokeDeferredCallbacks->handle(Object(Illuminate\\Http\\Request), Object(Closure))\n#94 C:\\Repositorio\\Sites\\hub\\vendor\\laravel\\framework\\src\\Illuminate\\Http\\Middleware\\ValidatePathEncoding.php(28): Illuminate\\Pipeline\\Pipeline->{closure:{closure:Illuminate\\Pipeline\\Pipeline::carry():194}:195}(Object(Illuminate\\Http\\Request))\n#95 C:\\Repositorio\\Sites\\hub\\vendor\\laravel\\framework\\src\\Illuminate\\Pipeline\\Pipeline.php(219): Illuminate\\Http\\Middleware\\ValidatePathEncoding->handle(Object(Illuminate\\Http\\Request), Object(Closure))\n#96 C:\\Repositorio\\Sites\\hub\\vendor\\laravel\\framework\\src\\Illuminate\\Pipeline\\Pipeline.php(137): Illuminate\\Pipeline\\Pipeline->{closure:{closure:Illuminate\\Pipeline\\Pipeline::carry():194}:195}(Object(Illuminate\\Http\\Request))\n#97 C:\\Repositorio\\Sites\\hub\\vendor\\laravel\\framework\\src\\Illuminate\\Foundation\\Http\\Kernel.php(175): Illuminate\\Pipeline\\Pipeline->then(Object(Closure))\n#98 C:\\Repositorio\\Sites\\hub\\vendor\\laravel\\framework\\src\\Illuminate\\Foundation\\Http\\Kernel.php(144): Illuminate\\Foundation\\Http\\Kernel->sendRequestThroughRouter(Object(Illuminate\\Http\\Request))\n#99 C:\\Repositorio\\Sites\\hub\\vendor\\laravel\\framework\\src\\Illuminate\\Foundation\\Testing\\Concerns\\MakesHttpRequests.php(607): Illuminate\\Foundation\\Http\\Kernel->handle(Object(Illuminate\\Http\\Request))\n#100 C:\\Repositorio\\Sites\\hub\\vendor\\laravel\\framework\\src\\Illuminate\\Foundation\\Testing\\Concerns\\MakesHttpRequests.php(368): Illuminate\\Foundation\\Testing\\TestCase->call('GET', 'http://hub.test..', Array, Array, Array, Array)\n#101 C:\\Repositorio\\Sites\\hub\\tests\\Feature\\Settings\\AuthorizationTest.php(50): Illuminate\\Foundation\\Testing\\TestCase->get('http://hub.test..')\n#102 C:\\Repositorio\\Sites\\hub\\vendor\\pestphp\\pest\\src\\Factories\\TestCaseMethodFactory.php(177): P\\Tests\\Feature\\Settings\\AuthorizationTest->{closure:C:\\Repositorio\\Sites\\hub\\tests\\Feature\\Settings\\AuthorizationTest.php:46}()\n#103 [internal function]: P\\Tests\\Feature\\Settings\\AuthorizationTest->{closure:Pest\\Factories\\TestCaseMethodFactory::getClosure():167}()\n#104 C:\\Repositorio\\Sites\\hub\\vendor\\pestphp\\pest\\src\\Concerns\\Testable.php(581): call_user_func_array(Object(Closure), Array)\n#105 C:\\Repositorio\\Sites\\hub\\vendor\\pestphp\\pest\\src\\Support\\ExceptionTrace.php(26): P\\Tests\\Feature\\Settings\\AuthorizationTest->{closure:Pest\\Concerns\\Testable::__callClosure():581}()\n#106 C:\\Repositorio\\Sites\\hub\\vendor\\pestphp\\pest\\src\\Concerns\\Testable.php(581): Pest\\Support\\ExceptionTrace::ensure(Object(Closure))\n#107 C:\\Repositorio\\Sites\\hub\\vendor\\pestphp\\pest\\src\\Concerns\\Testable.php(403): P\\Tests\\Feature\\Settings\\AuthorizationTest->__callClosure(Object(Closure), Array)\n#108 C:\\Repositorio\\Sites\\hub\\vendor\\pestphp\\pest\\src\\Factories\\TestCaseFactory.php(175) : eval()'d code(17): P\\Tests\\Feature\\Settings\\AuthorizationTest->__runTest(Object(Closure))\n#109 C:\\Repositorio\\Sites\\hub\\vendor\\phpunit\\phpunit\\src\\Framework\\TestCase.php(1318): P\\Tests\\Feature\\Settings\\AuthorizationTest->__pest_evaluable_super__admin__can__view__roles__index()\n#110 C:\\Repositorio\\Sites\\hub\\vendor\\phpunit\\phpunit\\src\\Framework\\TestCase.php(1355): PHPUnit\\Framework\\TestCase->invokeTestMethod('__pest_evaluabl..', Array)\n#111 C:\\Repositorio\\Sites\\hub\\vendor\\phpunit\\phpunit\\src\\Framework\\TestCase.php(521): PHPUnit\\Framework\\TestCase->runTest()\n#112 C:\\Repositorio\\Sites\\hub\\vendor\\phpunit\\phpunit\\src\\Framework\\TestRunner\\TestRunner.php(99): PHPUnit\\Framework\\TestCase->runBare()\n#113 C:\\Repositorio\\Sites\\hub\\vendor\\phpunit\\phpunit\\src\\Framework\\TestCase.php(361): PHPUnit\\Framework\\TestRunner->run(Object(P\\Tests\\Feature\\Settings\\AuthorizationTest))\n#114 C:\\Repositorio\\Sites\\hub\\vendor\\phpunit\\phpunit\\src\\Framework\\TestSuite.php(374): PHPUnit\\Framework\\TestCase->run()\n#115 C:\\Repositorio\\Sites\\hub\\vendor\\phpunit\\phpunit\\src\\Framework\\TestSuite.php(374): PHPUnit\\Framework\\TestSuite->run()\n#116 C:\\Repositorio\\Sites\\hub\\vendor\\phpunit\\phpunit\\src\\Framework\\TestSuite.php(374): PHPUnit\\Framework\\TestSuite->run()\n#117 C:\\Repositorio\\Sites\\hub\\vendor\\phpunit\\phpunit\\src\\TextUI\\TestRunner.php(64): PHPUnit\\Framework\\TestSuite->run()\n#118 C:\\Repositorio\\Sites\\hub\\vendor\\phpunit\\phpunit\\src\\TextUI\\Application.php(229): PHPUnit\\TextUI\\TestRunner->run(Object(PHPUnit\\TextUI\\Configuration\\Configuration), Object(PHPUnit\\Runner\\ResultCache\\DefaultResultCache), Object(PHPUnit\\Framework\\TestSuite))\n#119 C:\\Repositorio\\Sites\\hub\\vendor\\pestphp\\pest\\src\\Kernel.php(117): PHPUnit\\TextUI\\Application->run(Array)\n#120 C:\\Repositorio\\Sites\\hub\\vendor\\pestphp\\pest\\bin\\pest(207): Pest\\Kernel->handle(Array, Array)\n#121 C:\\Repositorio\\Sites\\hub\\vendor\\pestphp\\pest\\bin\\pest(215): {closure:C:\\Repositorio\\Sites\\hub\\vendor\\pestphp\\pest\\bin\\pest:21}()\n#122 {main}\n\nNext Illuminate\\View\\ViewException: Flux component [icon.history] does not exist. (View: C:\\Repositorio\\Sites\\hub\\resources\\views\\layouts\\app\\sidebar.blade.php) in C:\\Repositorio\\Sites\\hub\\storage\\framework\\views\\4c20301f673ff9e4b9fb45b1e464ba49.php:41\nStack trace:\n#0 C:\\Repositorio\\Sites\\hub\\vendor\\livewire\\livewire\\src\\Mechanisms\\ExtendBlade\\ExtendedCompilerEngine.php(58): Illuminate\\View\\Engines\\CompilerEngine->handleViewException(Object(Exception), 3)\n#1 C:\\Repositorio\\Sites\\hub\\vendor\\laravel\\framework\\src\\Illuminate\\View\\Engines\\PhpEngine.php(59): Livewire\\Mechanisms\\ExtendBlade\\ExtendedCompilerEngine->handleViewException(Object(Exception), 3)\n#2 C:\\Repositorio\\Sites\\hub\\vendor\\livewire\\livewire\\src\\Mechanisms\\ExtendBlade\\ExtendedCompilerEngine.php(22): Illuminate\\View\\Engines\\PhpEngine->evaluatePath('C:\\\\Repositorio\\\\..', Array)\n#3 C:\\Repositorio\\Sites\\hub\\vendor\\laravel\\framework\\src\\Illuminate\\View\\Engines\\CompilerEngine.php(76): Livewire\\Mechanisms\\ExtendBlade\\ExtendedCompilerEngine->evaluatePath('C:\\\\Repositorio\\\\..', Array)\n#4 C:\\Repositorio\\Sites\\hub\\vendor\\livewire\\livewire\\src\\Mechanisms\\ExtendBlade\\ExtendedCompilerEngine.php(10): Illuminate\\View\\Engines\\CompilerEngine->get('C:\\\\Repositorio\\\\..', Array)\n#5 C:\\Repositorio\\Sites\\hub\\vendor\\laravel\\framework\\src\\Illuminate\\View\\View.php(208): Livewire\\Mechanisms\\ExtendBlade\\ExtendedCompilerEngine->get('C:\\\\Repositorio\\\\..', Array)\n#6 C:\\Repositorio\\Sites\\hub\\vendor\\laravel\\framework\\src\\Illuminate\\View\\View.php(191): Illuminate\\View\\View->getContents()\n#7 C:\\Repositorio\\Sites\\hub\\vendor\\laravel\\framework\\src\\Illuminate\\View\\View.php(160): Illuminate\\View\\View->renderContents()\n#8 C:\\Repositorio\\Sites\\hub\\vendor\\laravel\\framework\\src\\Illuminate\\View\\Concerns\\ManagesComponents.php(103): Illuminate\\View\\View->render()\n#9 C:\\Repositorio\\Sites\\hub\\storage\\framework\\views\\e966c07df729b68eb28f6c0bec1f4f33.php(22): Illuminate\\View\\Factory->renderComponent()\n#10 C:\\Repositorio\\Sites\\hub\\vendor\\laravel\\framework\\src\\Illuminate\\Filesystem\\Filesystem.php(123): require('C:\\\\Repositorio\\\\..')\n#11 C:\\Repositorio\\Sites\\hub\\vendor\\laravel\\framework\\src\\Illuminate\\Filesystem\\Filesystem.php(124): Illuminate\\Filesystem\\Filesystem::{closure:Illuminate\\Filesystem\\Filesystem::getRequire():120}()\n#12 C:\\Repositorio\\Sites\\hub\\vendor\\laravel\\framework\\src\\Illuminate\\View\\Engines\\PhpEngine.php(57): Illuminate\\Filesystem\\Filesystem->getRequire('C:\\\\Repositorio\\\\..', Array)\n#13 C:\\Repositorio\\Sites\\hub\\vendor\\livewire\\livewire\\src\\Mechanisms\\ExtendBlade\\ExtendedCompilerEngine.php(22): Illuminate\\View\\Engines\\PhpEngine->evaluatePath('C:\\\\Repositorio\\\\..', Array)\n#14 C:\\Repositorio\\Sites\\hub\\vendor\\laravel\\framework\\src\\Illuminate\\View\\Engines\\CompilerEngine.php(76): Livewire\\Mechanisms\\ExtendBlade\\ExtendedCompilerEngine->evaluatePath('C:\\\\Repositorio\\\\..', Array)\n#15 C:\\Repositorio\\Sites\\hub\\vendor\\livewire\\livewire\\src\\Mechanisms\\ExtendBlade\\ExtendedCompilerEngine.php(10): Illuminate\\View\\Engines\\CompilerEngine->get('C:\\\\Repositorio\\\\..', Array)\n#16 C:\\Repositorio\\Sites\\hub\\vendor\\laravel\\framework\\src\\Illuminate\\View\\View.php(208): Livewire\\Mechanisms\\ExtendBlade\\ExtendedCompilerEngine->get('C:\\\\Repositorio\\\\..', Array)\n#17 C:\\Repositorio\\Sites\\hub\\vendor\\laravel\\framework\\src\\Illuminate\\View\\View.php(191): Illuminate\\View\\View->getContents()\n#18 C:\\Repositorio\\Sites\\hub\\vendor\\laravel\\framework\\src\\Illuminate\\View\\View.php(160): Illuminate\\View\\View->renderContents()\n#19 C:\\Repositorio\\Sites\\hub\\vendor\\laravel\\framework\\src\\Illuminate\\View\\Concerns\\ManagesComponents.php(103): Illuminate\\View\\View->render()\n#20 C:\\Repositorio\\Sites\\hub\\storage\\framework\\views\\2506d848c8eba2890692aceacdabb9db.php(17): Illuminate\\View\\Factory->renderComponent()\n#21 C:\\Repositorio\\Sites\\hub\\vendor\\laravel\\framework\\src\\Illuminate\\Filesystem\\Filesystem.php(123): require('C:\\\\Repositorio\\\\..')\n#22 C:\\Repositorio\\Sites\\hub\\vendor\\laravel\\framework\\src\\Illuminate\\Filesystem\\Filesystem.php(124): Illuminate\\Filesystem\\Filesystem::{closure:Illuminate\\Filesystem\\Filesystem::getRequire():120}()\n#23 C:\\Repositorio\\Sites\\hub\\vendor\\laravel\\framework\\src\\Illuminate\\View\\Engines\\PhpEngine.php(57): Illuminate\\Filesystem\\Filesystem->getRequire('C:\\\\Repositorio\\\\..', Array)\n#24 C:\\Repositorio\\Sites\\hub\\vendor\\livewire\\livewire\\src\\Mechanisms\\ExtendBlade\\ExtendedCompilerEngine.php(22): Illuminate\\View\\Engines\\PhpEngine->evaluatePath('C:\\\\Repositorio\\\\..', Array)\n#25 C:\\Repositorio\\Sites\\hub\\vendor\\laravel\\framework\\src\\Illuminate\\View\\Engines\\CompilerEngine.php(76): Livewire\\Mechanisms\\ExtendBlade\\ExtendedCompilerEngine->evaluatePath('C:\\\\Repositorio\\\\..', Array)\n#26 C:\\Repositorio\\Sites\\hub\\vendor\\livewire\\livewire\\src\\Mechanisms\\ExtendBlade\\ExtendedCompilerEngine.php(10): Illuminate\\View\\Engines\\CompilerEngine->get('C:\\\\Repositorio\\\\..', Array)\n#27 C:\\Repositorio\\Sites\\hub\\vendor\\laravel\\framework\\src\\Illuminate\\View\\View.php(208): Livewire\\Mechanisms\\ExtendBlade\\ExtendedCompilerEngine->get('C:\\\\Repositorio\\\\..', Array)\n#28 C:\\Repositorio\\Sites\\hub\\vendor\\laravel\\framework\\src\\Illuminate\\View\\View.php(191): Illuminate\\View\\View->getContents()\n#29 C:\\Repositorio\\Sites\\hub\\vendor\\laravel\\framework\\src\\Illuminate\\View\\View.php(160): Illuminate\\View\\View->renderContents()\n#30 C:\\Repositorio\\Sites\\hub\\vendor\\laravel\\framework\\src\\Illuminate\\View\\Compilers\\BladeCompiler.php(361): Illuminate\\View\\View->render()\n#31 C:\\Repositorio\\Sites\\hub\\vendor\\laravel\\framework\\src\\Illuminate\\Support\\Facades\\Facade.php(363): Illuminate\\View\\Compilers\\BladeCompiler::render(' <?php $layo..', Array)\n#32 C:\\Repositorio\\Sites\\hub\\vendor\\livewire\\livewire\\src\\Features\\SupportPageComponents\\SupportPageComponents.php(162): Illuminate\\Support\\Facades\\Facade::__callStatic('render', Array)\n#33 C:\\Repositorio\\Sites\\hub\\vendor\\livewire\\livewire\\src\\Features\\SupportPageComponents\\HandlesPageComponents.php(26): Livewire\\Features\\SupportPageComponents\\SupportPageComponents::renderContentsIntoLayout('<section wire:s..', Object(Livewire\\Features\\SupportPageComponents\\PageComponentConfig))\n#34 C:\\Repositorio\\Sites\\hub\\vendor\\laravel\\framework\\src\\Illuminate\\Container\\BoundMethod.php(36): Livewire\\Component->__invoke()\n#35 C:\\Repositorio\\Sites\\hub\\vendor\\laravel\\framework\\src\\Illuminate\\Container\\Util.php(43): Illuminate\\Container\\BoundMethod::{closure:Illuminate\\Container\\BoundMethod::call():35}()\n#36 C:\\Repositorio\\Sites\\hub\\vendor\\laravel\\framework\\src\\Illuminate\\Container\\BoundMethod.php(96): Illuminate\\Container\\Util::unwrapIfClosure(Object(Closure))\n#37 C:\\Repositorio\\Sites\\hub\\vendor\\laravel\\framework\\src\\Illuminate\\Container\\BoundMethod.php(35): Illuminate\\Container\\BoundMethod::callBoundMethod(Object(Illuminate\\Foundation\\Application), Array, Object(Closure))\n#38 C:\\Repositorio\\Sites\\hub\\vendor\\laravel\\framework\\src\\Illuminate\\Container\\Container.php(799): Illuminate\\Container\\BoundMethod::call(Object(Illuminate\\Foundation\\Application), Array, Array, NULL)\n#39 C:\\Repositorio\\Sites\\hub\\vendor\\livewire\\livewire\\src\\Mechanisms\\HandleRouting\\LivewirePageController.php(15): Illuminate\\Container\\Container->call(Array)\n#40 C:\\Repositorio\\Sites\\hub\\vendor\\laravel\\framework\\src\\Illuminate\\Routing\\ControllerDispatcher.php(46): Livewire\\Mechanisms\\HandleRouting\\LivewirePageController->__invoke()\n#41 C:\\Repositorio\\Sites\\hub\\vendor\\laravel\\framework\\src\\Illuminate\\Routing\\Route.php(275): Illuminate\\Routing\\ControllerDispatcher->dispatch(Object(Illuminate\\Routing\\Route), Object(Livewire\\Mechanisms\\HandleRouting\\LivewirePageController), '__invoke')\n#42 C:\\Repositorio\\Sites\\hub\\vendor\\laravel\\framework\\src\\Illuminate\\Routing\\Route.php(215): Illuminate\\Routing\\Route->runController()\n#43 C:\\Repositorio\\Sites\\hub\\vendor\\laravel\\framework\\src\\Illuminate\\Routing\\Router.php(822): Illuminate\\Routing\\Route->run()\n#44 C:\\Repositorio\\Sites\\hub\\vendor\\laravel\\framework\\src\\Illuminate\\Pipeline\\Pipeline.php(180): Illuminate\\Routing\\Router->{closure:Illuminate\\Routing\\Router::runRouteWithinStack():821}(Object(Illuminate\\Http\\Request))\n#45 C:\\Repositorio\\Sites\\hub\\app\\Http\\Middleware\\CheckPermission.php(24): Illuminate\\Pipeline\\Pipeline->{closure:Illuminate\\Pipeline\\Pipeline::prepareDestination():178}(Object(Illuminate\\Http\\Request))\n#46 C:\\Repositorio\\Sites\\hub\\vendor\\laravel\\framework\\src\\Illuminate\\Pipeline\\Pipeline.php(219): App\\Http\\Middleware\\CheckPermission->handle(Object(Illuminate\\Http\\Request), Object(Closure), 'view-roles')\n#47 C:\\Repositorio\\Sites\\hub\\vendor\\laravel\\framework\\src\\Illuminate\\Auth\\Middleware\\EnsureEmailIsVerified.php(41): Illuminate\\Pipeline\\Pipeline->{closure:{closure:Illuminate\\Pipeline\\Pipeline::carry():194}:195}(Object(Illuminate\\Http\\Request))\n#48 C:\\Repositorio\\Sites\\hub\\vendor\\laravel\\framework\\src\\Illuminate\\Pipeline\\Pipeline.php(219): Illuminate\\Auth\\Middleware\\EnsureEmailIsVerified->handle(Object(Illuminate\\Http\\Request), Object(Closure))\n#49 C:\\Repositorio\\Sites\\hub\\app\\Http\\Middleware\\SetTeamUrlDefaults.php(26): Illuminate\\Pipeline\\Pipeline->{closure:{closure:Illuminate\\Pipeline\\Pipeline::carry():194}:195}(Object(Illuminate\\Http\\Request))\n#50 C:\\Repositorio\\Sites\\hub\\vendor\\laravel\\framework\\src\\Illuminate\\Pipeline\\Pipeline.php(219): App\\Http\\Middleware\\SetTeamUrlDefaults->handle(Object(Illuminate\\Http\\Request), Object(Closure))\n#51 C:\\Repositorio\\Sites\\hub\\vendor\\laravel\\framework\\src\\Illuminate\\Routing\\Middleware\\SubstituteBindings.php(52): Illuminate\\Pipeline\\Pipeline->{closure:{closure:Illuminate\\Pipeline\\Pipeline::carry():194}:195}(Object(Illuminate\\Http\\Request))\n#52 C:\\Repositorio\\Sites\\hub\\vendor\\laravel\\framework\\src\\Illuminate\\Pipeline\\Pipeline.php(219): Illuminate\\Routing\\Middleware\\SubstituteBindings->handle(Object(Illuminate\\Http\\Request), Object(Closure))\n#53 C:\\Repositorio\\Sites\\hub\\vendor\\laravel\\framework\\src\\Illuminate\\Auth\\Middleware\\Authenticate.php(63): Illuminate\\Pipeline\\Pipeline->{closure:{closure:Illuminate\\Pipeline\\Pipeline::carry():194}:195}(Object(Illuminate\\Http\\Request))\n#54 C:\\Repositorio\\Sites\\hub\\vendor\\laravel\\framework\\src\\Illuminate\\Pipeline\\Pipeline.php(219): Illuminate\\Auth\\Middleware\\Authenticate->handle(Object(Illuminate\\Http\\Request), Object(Closure))\n#55 C:\\Repositorio\\Sites\\hub\\vendor\\laravel\\framework\\src\\Illuminate\\Foundation\\Http\\Middleware\\PreventRequestForgery.php(104): Illuminate\\Pipeline\\Pipeline->{closure:{closure:Illuminate\\Pipeline\\Pipeline::carry():194}:195}(Object(Illuminate\\Http\\Request))\n#56 C:\\Repositorio\\Sites\\hub\\vendor\\laravel\\framework\\src\\Illuminate\\Pipeline\\Pipeline.php(219): Illuminate\\Foundation\\Http\\Middleware\\PreventRequestForgery->handle(Object(Illuminate\\Http\\Request), Object(Closure))\n#57 C:\\Repositorio\\Sites\\hub\\vendor\\laravel\\framework\\src\\Illuminate\\View\\Middleware\\ShareErrorsFromSession.php(48): Illuminate\\Pipeline\\Pipeline->{closure:{closure:Illuminate\\Pipeline\\Pipeline::carry():194}:195}(Object(Illuminate\\Http\\Request))\n#58 C:\\Repositorio\\Sites\\hub\\vendor\\laravel\\framework\\src\\Illuminate\\Pipeline\\Pipeline.php(219): Illuminate\\View\\Middleware\\ShareErrorsFromSession->handle(Object(Illuminate\\Http\\Request), Object(Closure))\n#59 C:\\Repositorio\\Sites\\hub\\vendor\\laravel\\framework\\src\\Illuminate\\Session\\Middleware\\StartSession.php(120): Illuminate\\Pipeline\\Pipeline->{closure:{closure:Illuminate\\Pipeline\\Pipeline::carry():194}:195}(Object(Illuminate\\Http\\Request))\n#60 C:\\Repositorio\\Sites\\hub\\vendor\\laravel\\framework\\src\\Illuminate\\Session\\Middleware\\StartSession.php(63): Illuminate\\Session\\Middleware\\StartSession->handleStatefulRequest(Object(Illuminate\\Http\\Request), Object(Illuminate\\Session\\Store), Object(Closure))\n#61 C:\\Repositorio\\Sites\\hub\\vendor\\laravel\\framework\\src\\Illuminate\\Pipeline\\Pipeline.php(219): Illuminate\\Session\\Middleware\\StartSession->handle(Object(Illuminate\\Http\\Request), Object(Closure))\n#62 C:\\Repositorio\\Sites\\hub\\vendor\\laravel\\framework\\src\\Illuminate\\Cookie\\Middleware\\AddQueuedCookiesToResponse.php(36): Illuminate\\Pipeline\\Pipeline->{closure:{closure:Illuminate\\Pipeline\\Pipeline::carry():194}:195}(Object(Illuminate\\Http\\Request))\n#63 C:\\Repositorio\\Sites\\hub\\vendor\\laravel\\framework\\src\\Illuminate\\Pipeline\\Pipeline.php(219): Illuminate\\Cookie\\Middleware\\AddQueuedCookiesToResponse->handle(Object(Illuminate\\Http\\Request), Object(Closure))\n#64 C:\\Repositorio\\Sites\\hub\\vendor\\laravel\\framework\\src\\Illuminate\\Cookie\\Middleware\\EncryptCookies.php(74): Illuminate\\Pipeline\\Pipeline->{closure:{closure:Illuminate\\Pipeline\\Pipeline::carry():194}:195}(Object(Illuminate\\Http\\Request))\n#65 C:\\Repositorio\\Sites\\hub\\vendor\\laravel\\framework\\src\\Illuminate\\Pipeline\\Pipeline.php(219): Illuminate\\Cookie\\Middleware\\EncryptCookies->handle(Object(Illuminate\\Http\\Request), Object(Closure))\n#66 C:\\Repositorio\\Sites\\hub\\vendor\\laravel\\framework\\src\\Illuminate\\Pipeline\\Pipeline.php(137): Illuminate\\Pipeline\\Pipeline->{closure:{closure:Illuminate\\Pipeline\\Pipeline::carry():194}:195}(Object(Illuminate\\Http\\Request))\n#67 C:\\Repositorio\\Sites\\hub\\vendor\\laravel\\framework\\src\\Illuminate\\Routing\\Router.php(821): Illuminate\\Pipeline\\Pipeline->then(Object(Closure))\n#68 C:\\Repositorio\\Sites\\hub\\vendor\\laravel\\framework\\src\\Illuminate\\Routing\\Router.php(800): Illuminate\\Routing\\Router->runRouteWithinStack(Object(Illuminate\\Routing\\Route), Object(Illuminate\\Http\\Request))\n#69 C:\\Repositorio\\Sites\\hub\\vendor\\laravel\\framework\\src\\Illuminate\\Routing\\Router.php(764): Illuminate\\Routing\\Router->runRoute(Object(Illuminate\\Http\\Request), Object(Illuminate\\Routing\\Route))\n#70 C:\\Repositorio\\Sites\\hub\\vendor\\laravel\\framework\\src\\Illuminate\\Routing\\Router.php(753): Illuminate\\Routing\\Router->dispatchToRoute(Object(Illuminate\\Http\\Request))\n#71 C:\\Repositorio\\Sites\\hub\\vendor\\laravel\\framework\\src\\Illuminate\\Foundation\\Http\\Kernel.php(200): Illuminate\\Routing\\Router->dispatch(Object(Illuminate\\Http\\Request))\n#72 C:\\Repositorio\\Sites\\hub\\vendor\\laravel\\framework\\src\\Illuminate\\Pipeline\\Pipeline.php(180): Illuminate\\Foundation\\Http\\Kernel->{closure:Illuminate\\Foundation\\Http\\Kernel::dispatchToRouter():197}(Object(Illuminate\\Http\\Request))\n#73 C:\\Repositorio\\Sites\\hub\\vendor\\livewire\\livewire\\src\\Features\\SupportDisablingBackButtonCache\\DisableBackButtonCacheMiddleware.php(19): Illuminate\\Pipeline\\Pipeline->{closure:Illuminate\\Pipeline\\Pipeline::prepareDestination():178}(Object(Illuminate\\Http\\Request))\n#74 C:\\Repositorio\\Sites\\hub\\vendor\\laravel\\framework\\src\\Illuminate\\Pipeline\\Pipeline.php(219): Livewire\\Features\\SupportDisablingBackButtonCache\\DisableBackButtonCacheMiddleware->handle(Object(Illuminate\\Http\\Request), Object(Closure))\n#75 C:\\Repositorio\\Sites\\hub\\vendor\\laravel\\framework\\src\\Illuminate\\Foundation\\Http\\Middleware\\TransformsRequest.php(21): Illuminate\\Pipeline\\Pipeline->{closure:{closure:Illuminate\\Pipeline\\Pipeline::carry():194}:195}(Object(Illuminate\\Http\\Request))\n#76 C:\\Repositorio\\Sites\\hub\\vendor\\laravel\\framework\\src\\Illuminate\\Foundation\\Http\\Middleware\\ConvertEmptyStringsToNull.php(31): Illuminate\\Foundation\\Http\\Middleware\\TransformsRequest->handle(Object(Illuminate\\Http\\Request), Object(Closure))\n#77 C:\\Repositorio\\Sites\\hub\\vendor\\laravel\\framework\\src\\Illuminate\\Pipeline\\Pipeline.php(219): Illuminate\\Foundation\\Http\\Middleware\\ConvertEmptyStringsToNull->handle(Object(Illuminate\\Http\\Request), Object(Closure))\n#78 C:\\Repositorio\\Sites\\hub\\vendor\\laravel\\framework\\src\\Illuminate\\Foundation\\Http\\Middleware\\TransformsRequest.php(21): Illuminate\\Pipeline\\Pipeline->{closure:{closure:Illuminate\\Pipeline\\Pipeline::carry():194}:195}(Object(Illuminate\\Http\\Request))\n#79 C:\\Repositorio\\Sites\\hub\\vendor\\laravel\\framework\\src\\Illuminate\\Foundation\\Http\\Middleware\\TrimStrings.php(51): Illuminate\\Foundation\\Http\\Middleware\\TransformsRequest->handle(Object(Illuminate\\Http\\Request), Object(Closure))\n#80 C:\\Repositorio\\Sites\\hub\\vendor\\laravel\\framework\\src\\Illuminate\\Pipeline\\Pipeline.php(219): Illuminate\\Foundation\\Http\\Middleware\\TrimStrings->handle(Object(Illuminate\\Http\\Request), Object(Closure))\n#81 C:\\Repositorio\\Sites\\hub\\vendor\\laravel\\framework\\src\\Illuminate\\Http\\Middleware\\ValidatePostSize.php(27): Illuminate\\Pipeline\\Pipeline->{closure:{closure:Illuminate\\Pipeline\\Pipeline::carry():194}:195}(Object(Illuminate\\Http\\Request))\n#82 C:\\Repositorio\\Sites\\hub\\vendor\\laravel\\framework\\src\\Illuminate\\Pipeline\\Pipeline.php(219): Illuminate\\Http\\Middleware\\ValidatePostSize->handle(Object(Illuminate\\Http\\Request), Object(Closure))\n#83 C:\\Repositorio\\Sites\\hub\\vendor\\laravel\\framework\\src\\Illuminate\\Foundation\\Http\\Middleware\\PreventRequestsDuringMaintenance.php(109): Illuminate\\Pipeline\\Pipeline->{closure:{closure:Illuminate\\Pipeline\\Pipeline::carry():194}:195}(Object(Illuminate\\Http\\Request))\n#84 C:\\Repositorio\\Sites\\hub\\vendor\\laravel\\framework\\src\\Illuminate\\Pipeline\\Pipeline.php(219): Illuminate\\Foundation\\Http\\Middleware\\PreventRequestsDuringMaintenance->handle(Object(Illuminate\\Http\\Request), Object(Closure))\n#85 C:\\Repositorio\\Sites\\hub\\vendor\\laravel\\framework\\src\\Illuminate\\Http\\Middleware\\HandleCors.php(61): Illuminate\\Pipeline\\Pipeline->{closure:{closure:Illuminate\\Pipeline\\Pipeline::carry():194}:195}(Object(Illuminate\\Http\\Request))\n#86 C:\\Repositorio\\Sites\\hub\\vendor\\laravel\\framework\\src\\Illuminate\\Pipeline\\Pipeline.php(219): Illuminate\\Http\\Middleware\\HandleCors->handle(Object(Illuminate\\Http\\Request), Object(Closure))\n#87 C:\\Repositorio\\Sites\\hub\\vendor\\laravel\\framework\\src\\Illuminate\\Http\\Middleware\\TrustProxies.php(58): Illuminate\\Pipeline\\Pipeline->{closure:{closure:Illuminate\\Pipeline\\Pipeline::carry():194}:195}(Object(Illuminate\\Http\\Request))\n#88 C:\\Repositorio\\Sites\\hub\\vendor\\laravel\\framework\\src\\Illuminate\\Pipeline\\Pipeline.php(219): Illuminate\\Http\\Middleware\\TrustProxies->handle(Object(Illuminate\\Http\\Request), Object(Closure))\n#89 C:\\Repositorio\\Sites\\hub\\vendor\\laravel\\framework\\src\\Illuminate\\Foundation\\Http\\Middleware\\InvokeDeferredCallbacks.php(22): Illuminate\\Pipeline\\Pipeline->{closure:{closure:Illuminate\\Pipeline\\Pipeline::carry():194}:195}(Object(Illuminate\\Http\\Request))\n#90 C:\\Repositorio\\Sites\\hub\\vendor\\laravel\\framework\\src\\Illuminate\\Pipeline\\Pipeline.php(219): Illuminate\\Foundation\\Http\\Middleware\\InvokeDeferredCallbacks->handle(Object(Illuminate\\Http\\Request), Object(Closure))\n#91 C:\\Repositorio\\Sites\\hub\\vendor\\laravel\\framework\\src\\Illuminate\\Http\\Middleware\\ValidatePathEncoding.php(28): Illuminate\\Pipeline\\Pipeline->{closure:{closure:Illuminate\\Pipeline\\Pipeline::carry():194}:195}(Object(Illuminate\\Http\\Request))\n#92 C:\\Repositorio\\Sites\\hub\\vendor\\laravel\\framework\\src\\Illuminate\\Pipeline\\Pipeline.php(219): Illuminate\\Http\\Middleware\\ValidatePathEncoding->handle(Object(Illuminate\\Http\\Request), Object(Closure))\n#93 C:\\Repositorio\\Sites\\hub\\vendor\\laravel\\framework\\src\\Illuminate\\Pipeline\\Pipeline.php(137): Illuminate\\Pipeline\\Pipeline->{closure:{closure:Illuminate\\Pipeline\\Pipeline::carry():194}:195}(Object(Illuminate\\Http\\Request))\n#94 C:\\Repositorio\\Sites\\hub\\vendor\\laravel\\framework\\src\\Illuminate\\Foundation\\Http\\Kernel.php(175): Illuminate\\Pipeline\\Pipeline->then(Object(Closure))\n#95 C:\\Repositorio\\Sites\\hub\\vendor\\laravel\\framework\\src\\Illuminate\\Foundation\\Http\\Kernel.php(144): Illuminate\\Foundation\\Http\\Kernel->sendRequestThroughRouter(Object(Illuminate\\Http\\Request))\n#96 C:\\Repositorio\\Sites\\hub\\vendor\\laravel\\framework\\src\\Illuminate\\Foundation\\Testing\\Concerns\\MakesHttpRequests.php(607): Illuminate\\Foundation\\Http\\Kernel->handle(Object(Illuminate\\Http\\Request))\n#97 C:\\Repositorio\\Sites\\hub\\vendor\\laravel\\framework\\src\\Illuminate\\Foundation\\Testing\\Concerns\\MakesHttpRequests.php(368): Illuminate\\Foundation\\Testing\\TestCase->call('GET', 'http://hub.test..', Array, Array, Array, Array)\n#98 C:\\Repositorio\\Sites\\hub\\tests\\Feature\\Settings\\AuthorizationTest.php(50): Illuminate\\Foundation\\Testing\\TestCase->get('http://hub.test..')\n#99 C:\\Repositorio\\Sites\\hub\\vendor\\pestphp\\pest\\src\\Factories\\TestCaseMethodFactory.php(177): P\\Tests\\Feature\\Settings\\AuthorizationTest->{closure:C:\\Repositorio\\Sites\\hub\\tests\\Feature\\Settings\\AuthorizationTest.php:46}()\n#100 [internal function]: P\\Tests\\Feature\\Settings\\AuthorizationTest->{closure:Pest\\Factories\\TestCaseMethodFactory::getClosure():167}()\n#101 C:\\Repositorio\\Sites\\hub\\vendor\\pestphp\\pest\\src\\Concerns\\Testable.php(581): call_user_func_array(Object(Closure), Array)\n#102 C:\\Repositorio\\Sites\\hub\\vendor\\pestphp\\pest\\src\\Support\\ExceptionTrace.php(26): P\\Tests\\Feature\\Settings\\AuthorizationTest->{closure:Pest\\Concerns\\Testable::__callClosure():581}()\n#103 C:\\Repositorio\\Sites\\hub\\vendor\\pestphp\\pest\\src\\Concerns\\Testable.php(581): Pest\\Support\\ExceptionTrace::ensure(Object(Closure))\n#104 C:\\Repositorio\\Sites\\hub\\vendor\\pestphp\\pest\\src\\Concerns\\Testable.php(403): P\\Tests\\Feature\\Settings\\AuthorizationTest->__callClosure(Object(Closure), Array)\n#105 C:\\Repositorio\\Sites\\hub\\vendor\\pestphp\\pest\\src\\Factories\\TestCaseFactory.php(175) : eval()'d code(17): P\\Tests\\Feature\\Settings\\AuthorizationTest->__runTest(Object(Closure))\n#106 C:\\Repositorio\\Sites\\hub\\vendor\\phpunit\\phpunit\\src\\Framework\\TestCase.php(1318): P\\Tests\\Feature\\Settings\\AuthorizationTest->__pest_evaluable_super__admin__can__view__roles__index()\n#107 C:\\Repositorio\\Sites\\hub\\vendor\\phpunit\\phpunit\\src\\Framework\\TestCase.php(1355): PHPUnit\\Framework\\TestCase->invokeTestMethod('__pest_evaluabl..', Array)\n#108 C:\\Repositorio\\Sites\\hub\\vendor\\phpunit\\phpunit\\src\\Framework\\TestCase.php(521): PHPUnit\\Framework\\TestCase->runTest()\n#109 C:\\Repositorio\\Sites\\hub\\vendor\\phpunit\\phpunit\\src\\Framework\\TestRunner\\TestRunner.php(99): PHPUnit\\Framework\\TestCase->runBare()\n#110 C:\\Repositorio\\Sites\\hub\\vendor\\phpunit\\phpunit\\src\\Framework\\TestCase.php(361): PHPUnit\\Framework\\TestRunner->run(Object(P\\Tests\\Feature\\Settings\\AuthorizationTest))\n#111 C:\\Repositorio\\Sites\\hub\\vendor\\phpunit\\phpunit\\src\\Framework\\TestSuite.php(374): PHPUnit\\Framework\\TestCase->run()\n#112 C:\\Repositorio\\Sites\\hub\\vendor\\phpunit\\phpunit\\src\\Framework\\TestSuite.php(374): PHPUnit\\Framework\\TestSuite->run()\n#113 C:\\Repositorio\\Sites\\hub\\vendor\\phpunit\\phpunit\\src\\Framework\\TestSuite.php(374): PHPUnit\\Framework\\TestSuite->run()\n#114 C:\\Repositorio\\Sites\\hub\\vendor\\phpunit\\phpunit\\src\\TextUI\\TestRunner.php(64): PHPUnit\\Framework\\TestSuite->run()\n#115 C:\\Repositorio\\Sites\\hub\\vendor\\phpunit\\phpunit\\src\\TextUI\\Application.php(229): PHPUnit\\TextUI\\TestRunner->run(Object(PHPUnit\\TextUI\\Configuration\\Configuration), Object(PHPUnit\\Runner\\ResultCache\\DefaultResultCache), Object(PHPUnit\\Framework\\TestSuite))\n#116 C:\\Repositorio\\Sites\\hub\\vendor\\pestphp\\pest\\src\\Kernel.php(117): PHPUnit\\TextUI\\Application->run(Array)\n#117 C:\\Repositorio\\Sites\\hub\\vendor\\pestphp\\pest\\bin\\pest(207): Pest\\Kernel->handle(Array, Array)\n#118 C:\\Repositorio\\Sites\\hub\\vendor\\pestphp\\pest\\bin\\pest(215): {closure:C:\\Repositorio\\Sites\\hub\\vendor\\pestphp\\pest\\bin\\pest:21}()\n#119 {main}\n\nNext Illuminate\\View\\ViewException: Flux component [icon.history] does not exist. (View: C:\\Repositorio\\Sites\\hub\\resources\\views\\layouts\\app\\sidebar.blade.php) (View: C:\\Repositorio\\Sites\\hub\\resources\\views\\layouts\\app\\sidebar.blade.php) in C:\\Repositorio\\Sites\\hub\\storage\\framework\\views\\4c20301f673ff9e4b9fb45b1e464ba49.php:41\nStack trace:\n#0 C:\\Repositorio\\Sites\\hub\\vendor\\livewire\\livewire\\src\\Mechanisms\\ExtendBlade\\ExtendedCompilerEngine.php(58): Illuminate\\View\\Engines\\CompilerEngine->handleViewException(Object(Illuminate\\View\\ViewException), 2)\n#1 C:\\Repositorio\\Sites\\hub\\vendor\\laravel\\framework\\src\\Illuminate\\View\\Engines\\PhpEngine.php(59): Livewire\\Mechanisms\\ExtendBlade\\ExtendedCompilerEngine->handleViewException(Object(Illuminate\\View\\ViewException), 2)\n#2 C:\\Repositorio\\Sites\\hub\\vendor\\livewire\\livewire\\src\\Mechanisms\\ExtendBlade\\ExtendedCompilerEngine.php(22): Illuminate\\View\\Engines\\PhpEngine->evaluatePath('C:\\\\Repositorio\\\\..', Array)\n#3 C:\\Repositorio\\Sites\\hub\\vendor\\laravel\\framework\\src\\Illuminate\\View\\Engines\\CompilerEngine.php(76): Livewire\\Mechanisms\\ExtendBlade\\ExtendedCompilerEngine->evaluatePath('C:\\\\Repositorio\\\\..', Array)\n#4 C:\\Repositorio\\Sites\\hub\\vendor\\livewire\\livewire\\src\\Mechanisms\\ExtendBlade\\ExtendedCompilerEngine.php(10): Illuminate\\View\\Engines\\CompilerEngine->get('C:\\\\Repositorio\\\\..', Array)\n#5 C:\\Repositorio\\Sites\\hub\\vendor\\laravel\\framework\\src\\Illuminate\\View\\View.php(208): Livewire\\Mechanisms\\ExtendBlade\\ExtendedCompilerEngine->get('C:\\\\Repositorio\\\\..', Array)\n#6 C:\\Repositorio\\Sites\\hub\\vendor\\laravel\\framework\\src\\Illuminate\\View\\View.php(191): Illuminate\\View\\View->getContents()\n#7 C:\\Repositorio\\Sites\\hub\\vendor\\laravel\\framework\\src\\Illuminate\\View\\View.php(160): Illuminate\\View\\View->renderContents()\n#8 C:\\Repositorio\\Sites\\hub\\vendor\\laravel\\framework\\src\\Illuminate\\View\\Concerns\\ManagesComponents.php(103): Illuminate\\View\\View->render()\n#9 C:\\Repositorio\\Sites\\hub\\storage\\framework\\views\\2506d848c8eba2890692aceacdabb9db.php(17): Illuminate\\View\\Factory->renderComponent()\n#10 C:\\Repositorio\\Sites\\hub\\vendor\\laravel\\framework\\src\\Illuminate\\Filesystem\\Filesystem.php(123): require('C:\\\\Repositorio\\\\..')\n#11 C:\\Repositorio\\Sites\\hub\\vendor\\laravel\\framework\\src\\Illuminate\\Filesystem\\Filesystem.php(124): Illuminate\\Filesystem\\Filesystem::{closure:Illuminate\\Filesystem\\Filesystem::getRequire():120}()\n#12 C:\\Repositorio\\Sites\\hub\\vendor\\laravel\\framework\\src\\Illuminate\\View\\Engines\\PhpEngine.php(57): Illuminate\\Filesystem\\Filesystem->getRequire('C:\\\\Repositorio\\\\..', Array)\n#13 C:\\Repositorio\\Sites\\hub\\vendor\\livewire\\livewire\\src\\Mechanisms\\ExtendBlade\\ExtendedCompilerEngine.php(22): Illuminate\\View\\Engines\\PhpEngine->evaluatePath('C:\\\\Repositorio\\\\..', Array)\n#14 C:\\Repositorio\\Sites\\hub\\vendor\\laravel\\framework\\src\\Illuminate\\View\\Engines\\CompilerEngine.php(76): Livewire\\Mechanisms\\ExtendBlade\\ExtendedCompilerEngine->evaluatePath('C:\\\\Repositorio\\\\..', Array)\n#15 C:\\Repositorio\\Sites\\hub\\vendor\\livewire\\livewire\\src\\Mechanisms\\ExtendBlade\\ExtendedCompilerEngine.php(10): Illuminate\\View\\Engines\\CompilerEngine->get('C:\\\\Repositorio\\\\..', Array)\n#16 C:\\Repositorio\\Sites\\hub\\vendor\\laravel\\framework\\src\\Illuminate\\View\\View.php(208): Livewire\\Mechanisms\\ExtendBlade\\ExtendedCompilerEngine->get('C:\\\\Repositorio\\\\..', Array)\n#17 C:\\Repositorio\\Sites\\hub\\vendor\\laravel\\framework\\src\\Illuminate\\View\\View.php(191): Illuminate\\View\\View->getContents()\n#18 C:\\Repositorio\\Sites\\hub\\vendor\\laravel\\framework\\src\\Illuminate\\View\\View.php(160): Illuminate\\View\\View->renderContents()\n#19 C:\\Repositorio\\Sites\\hub\\vendor\\laravel\\framework\\src\\Illuminate\\View\\Compilers\\BladeCompiler.php(361): Illuminate\\View\\View->render()\n#20 C:\\Repositorio\\Sites\\hub\\vendor\\laravel\\framework\\src\\Illuminate\\Support\\Facades\\Facade.php(363): Illuminate\\View\\Compilers\\BladeCompiler::render(' <?php $layo..', Array)\n#21 C:\\Repositorio\\Sites\\hub\\vendor\\livewire\\livewire\\src\\Features\\SupportPageComponents\\SupportPageComponents.php(162): Illuminate\\Support\\Facades\\Facade::__callStatic('render', Array)\n#22 C:\\Repositorio\\Sites\\hub\\vendor\\livewire\\livewire\\src\\Features\\SupportPageComponents\\HandlesPageComponents.php(26): Livewire\\Features\\SupportPageComponents\\SupportPageComponents::renderContentsIntoLayout('<section wire:s..', Object(Livewire\\Features\\SupportPageComponents\\PageComponentConfig))\n#23 C:\\Repositorio\\Sites\\hub\\vendor\\laravel\\framework\\src\\Illuminate\\Container\\BoundMethod.php(36): Livewire\\Component->__invoke()\n#24 C:\\Repositorio\\Sites\\hub\\vendor\\laravel\\framework\\src\\Illuminate\\Container\\Util.php(43): Illuminate\\Container\\BoundMethod::{closure:Illuminate\\Container\\BoundMethod::call():35}()\n#25 C:\\Repositorio\\Sites\\hub\\vendor\\laravel\\framework\\src\\Illuminate\\Container\\BoundMethod.php(96): Illuminate\\Container\\Util::unwrapIfClosure(Object(Closure))\n#26 C:\\Repositorio\\Sites\\hub\\vendor\\laravel\\framework\\src\\Illuminate\\Container\\BoundMethod.php(35): Illuminate\\Container\\BoundMethod::callBoundMethod(Object(Illuminate\\Foundation\\Application), Array, Object(Closure))\n#27 C:\\Repositorio\\Sites\\hub\\vendor\\laravel\\framework\\src\\Illuminate\\Container\\Container.php(799): Illuminate\\Container\\BoundMethod::call(Object(Illuminate\\Foundation\\Application), Array, Array, NULL)\n#28 C:\\Repositorio\\Sites\\hub\\vendor\\livewire\\livewire\\src\\Mechanisms\\HandleRouting\\LivewirePageController.php(15): Illuminate\\Container\\Container->call(Array)\n#29 C:\\Repositorio\\Sites\\hub\\vendor\\laravel\\framework\\src\\Illuminate\\Routing\\ControllerDispatcher.php(46): Livewire\\Mechanisms\\HandleRouting\\LivewirePageController->__invoke()\n#30 C:\\Repositorio\\Sites\\hub\\vendor\\laravel\\framework\\src\\Illuminate\\Routing\\Route.php(275): Illuminate\\Routing\\ControllerDispatcher->dispatch(Object(Illuminate\\Routing\\Route), Object(Livewire\\Mechanisms\\HandleRouting\\LivewirePageController), '__invoke')\n#31 C:\\Repositorio\\Sites\\hub\\vendor\\laravel\\framework\\src\\Illuminate\\Routing\\Route.php(215): Illuminate\\Routing\\Route->runController()\n#32 C:\\Repositorio\\Sites\\hub\\vendor\\laravel\\framework\\src\\Illuminate\\Routing\\Router.php(822): Illuminate\\Routing\\Route->run()\n#33 C:\\Repositorio\\Sites\\hub\\vendor\\laravel\\framework\\src\\Illuminate\\Pipeline\\Pipeline.php(180): Illuminate\\Routing\\Router->{closure:Illuminate\\Routing\\Router::runRouteWithinStack():821}(Object(Illuminate\\Http\\Request))\n#34 C:\\Repositorio\\Sites\\hub\\app\\Http\\Middleware\\CheckPermission.php(24): Illuminate\\Pipeline\\Pipeline->{closure:Illuminate\\Pipeline\\Pipeline::prepareDestination():178}(Object(Illuminate\\Http\\Request))\n#35 C:\\Repositorio\\Sites\\hub\\vendor\\laravel\\framework\\src\\Illuminate\\Pipeline\\Pipeline.php(219): App\\Http\\Middleware\\CheckPermission->handle(Object(Illuminate\\Http\\Request), Object(Closure), 'view-roles')\n#36 C:\\Repositorio\\Sites\\hub\\vendor\\laravel\\framework\\src\\Illuminate\\Auth\\Middleware\\EnsureEmailIsVerified.php(41): Illuminate\\Pipeline\\Pipeline->{closure:{closure:Illuminate\\Pipeline\\Pipeline::carry():194}:195}(Object(Illuminate\\Http\\Request))\n#37 C:\\Repositorio\\Sites\\hub\\vendor\\laravel\\framework\\src\\Illuminate\\Pipeline\\Pipeline.php(219): Illuminate\\Auth\\Middleware\\EnsureEmailIsVerified->handle(Object(Illuminate\\Http\\Request), Object(Closure))\n#38 C:\\Repositorio\\Sites\\hub\\app\\Http\\Middleware\\SetTeamUrlDefaults.php(26): Illuminate\\Pipeline\\Pipeline->{closure:{closure:Illuminate\\Pipeline\\Pipeline::carry():194}:195}(Object(Illuminate\\Http\\Request))\n#39 C:\\Repositorio\\Sites\\hub\\vendor\\laravel\\framework\\src\\Illuminate\\Pipeline\\Pipeline.php(219): App\\Http\\Middleware\\SetTeamUrlDefaults->handle(Object(Illuminate\\Http\\Request), Object(Closure))\n#40 C:\\Repositorio\\Sites\\hub\\vendor\\laravel\\framework\\src\\Illuminate\\Routing\\Middleware\\SubstituteBindings.php(52): Illuminate\\Pipeline\\Pipeline->{closure:{closure:Illuminate\\Pipeline\\Pipeline::carry():194}:195}(Object(Illuminate\\Http\\Request))\n#41 C:\\Repositorio\\Sites\\hub\\vendor\\laravel\\framework\\src\\Illuminate\\Pipeline\\Pipeline.php(219): Illuminate\\Routing\\Middleware\\SubstituteBindings->handle(Object(Illuminate\\Http\\Request), Object(Closure))\n#42 C:\\Repositorio\\Sites\\hub\\vendor\\laravel\\framework\\src\\Illuminate\\Auth\\Middleware\\Authenticate.php(63): Illuminate\\Pipeline\\Pipeline->{closure:{closure:Illuminate\\Pipeline\\Pipeline::carry():194}:195}(Object(Illuminate\\Http\\Request))\n#43 C:\\Repositorio\\Sites\\hub\\vendor\\laravel\\framework\\src\\Illuminate\\Pipeline\\Pipeline.php(219): Illuminate\\Auth\\Middleware\\Authenticate->handle(Object(Illuminate\\Http\\Request), Object(Closure))\n#44 C:\\Repositorio\\Sites\\hub\\vendor\\laravel\\framework\\src\\Illuminate\\Foundation\\Http\\Middleware\\PreventRequestForgery.php(104): Illuminate\\Pipeline\\Pipeline->{closure:{closure:Illuminate\\Pipeline\\Pipeline::carry():194}:195}(Object(Illuminate\\Http\\Request))\n#45 C:\\Repositorio\\Sites\\hub\\vendor\\laravel\\framework\\src\\Illuminate\\Pipeline\\Pipeline.php(219): Illuminate\\Foundation\\Http\\Middleware\\PreventRequestForgery->handle(Object(Illuminate\\Http\\Request), Object(Closure))\n#46 C:\\Repositorio\\Sites\\hub\\vendor\\laravel\\framework\\src\\Illuminate\\View\\Middleware\\ShareErrorsFromSession.php(48): Illuminate\\Pipeline\\Pipeline->{closure:{closure:Illuminate\\Pipeline\\Pipeline::carry():194}:195}(Object(Illuminate\\Http\\Request))\n#47 C:\\Repositorio\\Sites\\hub\\vendor\\laravel\\framework\\src\\Illuminate\\Pipeline\\Pipeline.php(219): Illuminate\\View\\Middleware\\ShareErrorsFromSession->handle(Object(Illuminate\\Http\\Request), Object(Closure))\n#48 C:\\Repositorio\\Sites\\hub\\vendor\\laravel\\framework\\src\\Illuminate\\Session\\Middleware\\StartSession.php(120): Illuminate\\Pipeline\\Pipeline->{closure:{closure:Illuminate\\Pipeline\\Pipeline::carry():194}:195}(Object(Illuminate\\Http\\Request))\n#49 C:\\Repositorio\\Sites\\hub\\vendor\\laravel\\framework\\src\\Illuminate\\Session\\Middleware\\StartSession.php(63): Illuminate\\Session\\Middleware\\StartSession->handleStatefulRequest(Object(Illuminate\\Http\\Request), Object(Illuminate\\Session\\Store), Object(Closure))\n#50 C:\\Repositorio\\Sites\\hub\\vendor\\laravel\\framework\\src\\Illuminate\\Pipeline\\Pipeline.php(219): Illuminate\\Session\\Middleware\\StartSession->handle(Object(Illuminate\\Http\\Request), Object(Closure))\n#51 C:\\Repositorio\\Sites\\hub\\vendor\\laravel\\framework\\src\\Illuminate\\Cookie\\Middleware\\AddQueuedCookiesToResponse.php(36): Illuminate\\Pipeline\\Pipeline->{closure:{closure:Illuminate\\Pipeline\\Pipeline::carry():194}:195}(Object(Illuminate\\Http\\Request))\n#52 C:\\Repositorio\\Sites\\hub\\vendor\\laravel\\framework\\src\\Illuminate\\Pipeline\\Pipeline.php(219): Illuminate\\Cookie\\Middleware\\AddQueuedCookiesToResponse->handle(Object(Illuminate\\Http\\Request), Object(Closure))\n#53 C:\\Repositorio\\Sites\\hub\\vendor\\laravel\\framework\\src\\Illuminate\\Cookie\\Middleware\\EncryptCookies.php(74): Illuminate\\Pipeline\\Pipeline->{closure:{closure:Illuminate\\Pipeline\\Pipeline::carry():194}:195}(Object(Illuminate\\Http\\Request))\n#54 C:\\Repositorio\\Sites\\hub\\vendor\\laravel\\framework\\src\\Illuminate\\Pipeline\\Pipeline.php(219): Illuminate\\Cookie\\Middleware\\EncryptCookies->handle(Object(Illuminate\\Http\\Request), Object(Closure))\n#55 C:\\Repositorio\\Sites\\hub\\vendor\\laravel\\framework\\src\\Illuminate\\Pipeline\\Pipeline.php(137): Illuminate\\Pipeline\\Pipeline->{closure:{closure:Illuminate\\Pipeline\\Pipeline::carry():194}:195}(Object(Illuminate\\Http\\Request))\n#56 C:\\Repositorio\\Sites\\hub\\vendor\\laravel\\framework\\src\\Illuminate\\Routing\\Router.php(821): Illuminate\\Pipeline\\Pipeline->then(Object(Closure))\n#57 C:\\Repositorio\\Sites\\hub\\vendor\\laravel\\framework\\src\\Illuminate\\Routing\\Router.php(800): Illuminate\\Routing\\Router->runRouteWithinStack(Object(Illuminate\\Routing\\Route), Object(Illuminate\\Http\\Request))\n#58 C:\\Repositorio\\Sites\\hub\\vendor\\laravel\\framework\\src\\Illuminate\\Routing\\Router.php(764): Illuminate\\Routing\\Router->runRoute(Object(Illuminate\\Http\\Request), Object(Illuminate\\Routing\\Route))\n#59 C:\\Repositorio\\Sites\\hub\\vendor\\laravel\\framework\\src\\Illuminate\\Routing\\Router.php(753): Illuminate\\Routing\\Router->dispatchToRoute(Object(Illuminate\\Http\\Request))\n#60 C:\\Repositorio\\Sites\\hub\\vendor\\laravel\\framework\\src\\Illuminate\\Foundation\\Http\\Kernel.php(200): Illuminate\\Routing\\Router->dispatch(Object(Illuminate\\Http\\Request))\n#61 C:\\Repositorio\\Sites\\hub\\vendor\\laravel\\framework\\src\\Illuminate\\Pipeline\\Pipeline.php(180): Illuminate\\Foundation\\Http\\Kernel->{closure:Illuminate\\Foundation\\Http\\Kernel::dispatchToRouter():197}(Object(Illuminate\\Http\\Request))\n#62 C:\\Repositorio\\Sites\\hub\\vendor\\livewire\\livewire\\src\\Features\\SupportDisablingBackButtonCache\\DisableBackButtonCacheMiddleware.php(19): Illuminate\\Pipeline\\Pipeline->{closure:Illuminate\\Pipeline\\Pipeline::prepareDestination():178}(Object(Illuminate\\Http\\Request))\n#63 C:\\Repositorio\\Sites\\hub\\vendor\\laravel\\framework\\src\\Illuminate\\Pipeline\\Pipeline.php(219): Livewire\\Features\\SupportDisablingBackButtonCache\\DisableBackButtonCacheMiddleware->handle(Object(Illuminate\\Http\\Request), Object(Closure))\n#64 C:\\Repositorio\\Sites\\hub\\vendor\\laravel\\framework\\src\\Illuminate\\Foundation\\Http\\Middleware\\TransformsRequest.php(21): Illuminate\\Pipeline\\Pipeline->{closure:{closure:Illuminate\\Pipeline\\Pipeline::carry():194}:195}(Object(Illuminate\\Http\\Request))\n#65 C:\\Repositorio\\Sites\\hub\\vendor\\laravel\\framework\\src\\Illuminate\\Foundation\\Http\\Middleware\\ConvertEmptyStringsToNull.php(31): Illuminate\\Foundation\\Http\\Middleware\\TransformsRequest->handle(Object(Illuminate\\Http\\Request), Object(Closure))\n#66 C:\\Repositorio\\Sites\\hub\\vendor\\laravel\\framework\\src\\Illuminate\\Pipeline\\Pipeline.php(219): Illuminate\\Foundation\\Http\\Middleware\\ConvertEmptyStringsToNull->handle(Object(Illuminate\\Http\\Request), Object(Closure))\n#67 C:\\Repositorio\\Sites\\hub\\vendor\\laravel\\framework\\src\\Illuminate\\Foundation\\Http\\Middleware\\TransformsRequest.php(21): Illuminate\\Pipeline\\Pipeline->{closure:{closure:Illuminate\\Pipeline\\Pipeline::carry():194}:195}(Object(Illuminate\\Http\\Request))\n#68 C:\\Repositorio\\Sites\\hub\\vendor\\laravel\\framework\\src\\Illuminate\\Foundation\\Http\\Middleware\\TrimStrings.php(51): Illuminate\\Foundation\\Http\\Middleware\\TransformsRequest->handle(Object(Illuminate\\Http\\Request), Object(Closure))\n#69 C:\\Repositorio\\Sites\\hub\\vendor\\laravel\\framework\\src\\Illuminate\\Pipeline\\Pipeline.php(219): Illuminate\\Foundation\\Http\\Middleware\\TrimStrings->handle(Object(Illuminate\\Http\\Request), Object(Closure))\n#70 C:\\Repositorio\\Sites\\hub\\vendor\\laravel\\framework\\src\\Illuminate\\Http\\Middleware\\ValidatePostSize.php(27): Illuminate\\Pipeline\\Pipeline->{closure:{closure:Illuminate\\Pipeline\\Pipeline::carry():194}:195}(Object(Illuminate\\Http\\Request))\n#71 C:\\Repositorio\\Sites\\hub\\vendor\\laravel\\framework\\src\\Illuminate\\Pipeline\\Pipeline.php(219): Illuminate\\Http\\Middleware\\ValidatePostSize->handle(Object(Illuminate\\Http\\Request), Object(Closure))\n#72 C:\\Repositorio\\Sites\\hub\\vendor\\laravel\\framework\\src\\Illuminate\\Foundation\\Http\\Middleware\\PreventRequestsDuringMaintenance.php(109): Illuminate\\Pipeline\\Pipeline->{closure:{closure:Illuminate\\Pipeline\\Pipeline::carry():194}:195}(Object(Illuminate\\Http\\Request))\n#73 C:\\Repositorio\\Sites\\hub\\vendor\\laravel\\framework\\src\\Illuminate\\Pipeline\\Pipeline.php(219): Illuminate\\Foundation\\Http\\Middleware\\PreventRequestsDuringMaintenance->handle(Object(Illuminate\\Http\\Request), Object(Closure))\n#74 C:\\Repositorio\\Sites\\hub\\vendor\\laravel\\framework\\src\\Illuminate\\Http\\Middleware\\HandleCors.php(61): Illuminate\\Pipeline\\Pipeline->{closure:{closure:Illuminate\\Pipeline\\Pipeline::carry():194}:195}(Object(Illuminate\\Http\\Request))\n#75 C:\\Repositorio\\Sites\\hub\\vendor\\laravel\\framework\\src\\Illuminate\\Pipeline\\Pipeline.php(219): Illuminate\\Http\\Middleware\\HandleCors->handle(Object(Illuminate\\Http\\Request), Object(Closure))\n#76 C:\\Repositorio\\Sites\\hub\\vendor\\laravel\\framework\\src\\Illuminate\\Http\\Middleware\\TrustProxies.php(58): Illuminate\\Pipeline\\Pipeline->{closure:{closure:Illuminate\\Pipeline\\Pipeline::carry():194}:195}(Object(Illuminate\\Http\\Request))\n#77 C:\\Repositorio\\Sites\\hub\\vendor\\laravel\\framework\\src\\Illuminate\\Pipeline\\Pipeline.php(219): Illuminate\\Http\\Middleware\\TrustProxies->handle(Object(Illuminate\\Http\\Request), Object(Closure))\n#78 C:\\Repositorio\\Sites\\hub\\vendor\\laravel\\framework\\src\\Illuminate\\Foundation\\Http\\Middleware\\InvokeDeferredCallbacks.php(22): Illuminate\\Pipeline\\Pipeline->{closure:{closure:Illuminate\\Pipeline\\Pipeline::carry():194}:195}(Object(Illuminate\\Http\\Request))\n#79 C:\\Repositorio\\Sites\\hub\\vendor\\laravel\\framework\\src\\Illuminate\\Pipeline\\Pipeline.php(219): Illuminate\\Foundation\\Http\\Middleware\\InvokeDeferredCallbacks->handle(Object(Illuminate\\Http\\Request), Object(Closure))\n#80 C:\\Repositorio\\Sites\\hub\\vendor\\laravel\\framework\\src\\Illuminate\\Http\\Middleware\\ValidatePathEncoding.php(28): Illuminate\\Pipeline\\Pipeline->{closure:{closure:Illuminate\\Pipeline\\Pipeline::carry():194}:195}(Object(Illuminate\\Http\\Request))\n#81 C:\\Repositorio\\Sites\\hub\\vendor\\laravel\\framework\\src\\Illuminate\\Pipeline\\Pipeline.php(219): Illuminate\\Http\\Middleware\\ValidatePathEncoding->handle(Object(Illuminate\\Http\\Request), Object(Closure))\n#82 C:\\Repositorio\\Sites\\hub\\vendor\\laravel\\framework\\src\\Illuminate\\Pipeline\\Pipeline.php(137): Illuminate\\Pipeline\\Pipeline->{closure:{closure:Illuminate\\Pipeline\\Pipeline::carry():194}:195}(Object(Illuminate\\Http\\Request))\n#83 C:\\Repositorio\\Sites\\hub\\vendor\\laravel\\framework\\src\\Illuminate\\Foundation\\Http\\Kernel.php(175): Illuminate\\Pipeline\\Pipeline->then(Object(Closure))\n#84 C:\\Repositorio\\Sites\\hub\\vendor\\laravel\\framework\\src\\Illuminate\\Foundation\\Http\\Kernel.php(144): Illuminate\\Foundation\\Http\\Kernel->sendRequestThroughRouter(Object(Illuminate\\Http\\Request))\n#85 C:\\Repositorio\\Sites\\hub\\vendor\\laravel\\framework\\src\\Illuminate\\Foundation\\Testing\\Concerns\\MakesHttpRequests.php(607): Illuminate\\Foundation\\Http\\Kernel->handle(Object(Illuminate\\Http\\Request))\n#86 C:\\Repositorio\\Sites\\hub\\vendor\\laravel\\framework\\src\\Illuminate\\Foundation\\Testing\\Concerns\\MakesHttpRequests.php(368): Illuminate\\Foundation\\Testing\\TestCase->call('GET', 'http://hub.test..', Array, Array, Array, Array)\n#87 C:\\Repositorio\\Sites\\hub\\tests\\Feature\\Settings\\AuthorizationTest.php(50): Illuminate\\Foundation\\Testing\\TestCase->get('http://hub.test..')\n#88 C:\\Repositorio\\Sites\\hub\\vendor\\pestphp\\pest\\src\\Factories\\TestCaseMethodFactory.php(177): P\\Tests\\Feature\\Settings\\AuthorizationTest->{closure:C:\\Repositorio\\Sites\\hub\\tests\\Feature\\Settings\\AuthorizationTest.php:46}()\n#89 [internal function]: P\\Tests\\Feature\\Settings\\AuthorizationTest->{closure:Pest\\Factories\\TestCaseMethodFactory::getClosure():167}()\n#90 C:\\Repositorio\\Sites\\hub\\vendor\\pestphp\\pest\\src\\Concerns\\Testable.php(581): call_user_func_array(Object(Closure), Array)\n#91 C:\\Repositorio\\Sites\\hub\\vendor\\pestphp\\pest\\src\\Support\\ExceptionTrace.php(26): P\\Tests\\Feature\\Settings\\AuthorizationTest->{closure:Pest\\Concerns\\Testable::__callClosure():581}()\n#92 C:\\Repositorio\\Sites\\hub\\vendor\\pestphp\\pest\\src\\Concerns\\Testable.php(581): Pest\\Support\\ExceptionTrace::ensure(Object(Closure))\n#93 C:\\Repositorio\\Sites\\hub\\vendor\\pestphp\\pest\\src\\Concerns\\Testable.php(403): P\\Tests\\Feature\\Settings\\AuthorizationTest->__callClosure(Object(Closure), Array)\n#94 C:\\Repositorio\\Sites\\hub\\vendor\\pestphp\\pest\\src\\Factories\\TestCaseFactory.php(175) : eval()'d code(17): P\\Tests\\Feature\\Settings\\AuthorizationTest->__runTest(Object(Closure))\n#95 C:\\Repositorio\\Sites\\hub\\vendor\\phpunit\\phpunit\\src\\Framework\\TestCase.php(1318): P\\Tests\\Feature\\Settings\\AuthorizationTest->__pest_evaluable_super__admin__can__view__roles__index()\n#96 C:\\Repositorio\\Sites\\hub\\vendor\\phpunit\\phpunit\\src\\Framework\\TestCase.php(1355): PHPUnit\\Framework\\TestCase->invokeTestMethod('__pest_evaluabl..', Array)\n#97 C:\\Repositorio\\Sites\\hub\\vendor\\phpunit\\phpunit\\src\\Framework\\TestCase.php(521): PHPUnit\\Framework\\TestCase->runTest()\n#98 C:\\Repositorio\\Sites\\hub\\vendor\\phpunit\\phpunit\\src\\Framework\\TestRunner\\TestRunner.php(99): PHPUnit\\Framework\\TestCase->runBare()\n#99 C:\\Repositorio\\Sites\\hub\\vendor\\phpunit\\phpunit\\src\\Framework\\TestCase.php(361): PHPUnit\\Framework\\TestRunner->run(Object(P\\Tests\\Feature\\Settings\\AuthorizationTest))\n#100 C:\\Repositorio\\Sites\\hub\\vendor\\phpunit\\phpunit\\src\\Framework\\TestSuite.php(374): PHPUnit\\Framework\\TestCase->run()\n#101 C:\\Repositorio\\Sites\\hub\\vendor\\phpunit\\phpunit\\src\\Framework\\TestSuite.php(374): PHPUnit\\Framework\\TestSuite->run()\n#102 C:\\Repositorio\\Sites\\hub\\vendor\\phpunit\\phpunit\\src\\Framework\\TestSuite.php(374): PHPUnit\\Framework\\TestSuite->run()\n#103 C:\\Repositorio\\Sites\\hub\\vendor\\phpunit\\phpunit\\src\\TextUI\\TestRunner.php(64): PHPUnit\\Framework\\TestSuite->run()\n#104 C:\\Repositorio\\Sites\\hub\\vendor\\phpunit\\phpunit\\src\\TextUI\\Application.php(229): PHPUnit\\TextUI\\TestRunner->run(Object(PHPUnit\\TextUI\\Configuration\\Configuration), Object(PHPUnit\\Runner\\ResultCache\\DefaultResultCache), Object(PHPUnit\\Framework\\TestSuite))\n#105 C:\\Repositorio\\Sites\\hub\\vendor\\pestphp\\pest\\src\\Kernel.php(117): PHPUnit\\TextUI\\Application->run(Array)\n#106 C:\\Repositorio\\Sites\\hub\\vendor\\pestphp\\pest\\bin\\pest(207): Pest\\Kernel->handle(Array, Array)\n#107 C:\\Repositorio\\Sites\\hub\\vendor\\pestphp\\pest\\bin\\pest(215): {closure:C:\\Repositorio\\Sites\\hub\\vendor\\pestphp\\pest\\bin\\pest:21}()\n#108 {main}\n\nNext Illuminate\\View\\ViewException: Flux component [icon.history] does not exist. (View: C:\\Repositorio\\Sites\\hub\\resources\\views\\layouts\\app\\sidebar.blade.php) (View: C:\\Repositorio\\Sites\\hub\\resources\\views\\layouts\\app\\sidebar.blade.php) (View: C:\\Repositorio\\Sites\\hub\\resources\\views\\layouts\\app\\sidebar.blade.php) in C:\\Repositorio\\Sites\\hub\\storage\\framework\\views\\4c20301f673ff9e4b9fb45b1e464ba49.php:41\nStack trace:\n#0 C:\\Repositorio\\Sites\\hub\\vendor\\livewire\\livewire\\src\\Mechanisms\\ExtendBlade\\ExtendedCompilerEngine.php(58): Illuminate\\View\\Engines\\CompilerEngine->handleViewException(Object(Illuminate\\View\\ViewException), 1)\n#1 C:\\Repositorio\\Sites\\hub\\vendor\\laravel\\framework\\src\\Illuminate\\View\\Engines\\PhpEngine.php(59): Livewire\\Mechanisms\\ExtendBlade\\ExtendedCompilerEngine->handleViewException(Object(Illuminate\\View\\ViewException), 1)\n#2 C:\\Repositorio\\Sites\\hub\\vendor\\livewire\\livewire\\src\\Mechanisms\\ExtendBlade\\ExtendedCompilerEngine.php(22): Illuminate\\View\\Engines\\PhpEngine->evaluatePath('C:\\\\Repositorio\\\\..', Array)\n#3 C:\\Repositorio\\Sites\\hub\\vendor\\laravel\\framework\\src\\Illuminate\\View\\Engines\\CompilerEngine.php(76): Livewire\\Mechanisms\\ExtendBlade\\ExtendedCompilerEngine->evaluatePath('C:\\\\Repositorio\\\\..', Array)\n#4 C:\\Repositorio\\Sites\\hub\\vendor\\livewire\\livewire\\src\\Mechanisms\\ExtendBlade\\ExtendedCompilerEngine.php(10): Illuminate\\View\\Engines\\CompilerEngine->get('C:\\\\Repositorio\\\\..', Array)\n#5 C:\\Repositorio\\Sites\\hub\\vendor\\laravel\\framework\\src\\Illuminate\\View\\View.php(208): Livewire\\Mechanisms\\ExtendBlade\\ExtendedCompilerEngine->get('C:\\\\Repositorio\\\\..', Array)\n#6 C:\\Repositorio\\Sites\\hub\\vendor\\laravel\\framework\\src\\Illuminate\\View\\View.php(191): Illuminate\\View\\View->getContents()\n#7 C:\\Repositorio\\Sites\\hub\\vendor\\laravel\\framework\\src\\Illuminate\\View\\View.php(160): Illuminate\\View\\View->renderContents()\n#8 C:\\Repositorio\\Sites\\hub\\vendor\\laravel\\framework\\src\\Illuminate\\View\\Compilers\\BladeCompiler.php(361): Illuminate\\View\\View->render()\n#9 C:\\Repositorio\\Sites\\hub\\vendor\\laravel\\framework\\src\\Illuminate\\Support\\Facades\\Facade.php(363): Illuminate\\View\\Compilers\\BladeCompiler::render(' <?php $layo..', Array)\n#10 C:\\Repositorio\\Sites\\hub\\vendor\\livewire\\livewire\\src\\Features\\SupportPageComponents\\SupportPageComponents.php(162): Illuminate\\Support\\Facades\\Facade::__callStatic('render', Array)\n#11 C:\\Repositorio\\Sites\\hub\\vendor\\livewire\\livewire\\src\\Features\\SupportPageComponents\\HandlesPageComponents.php(26): Livewire\\Features\\SupportPageComponents\\SupportPageComponents::renderContentsIntoLayout('<section wire:s..', Object(Livewire\\Features\\SupportPageComponents\\PageComponentConfig))\n#12 C:\\Repositorio\\Sites\\hub\\vendor\\laravel\\framework\\src\\Illuminate\\Container\\BoundMethod.php(36): Livewire\\Component->__invoke()\n#13 C:\\Repositorio\\Sites\\hub\\vendor\\laravel\\framework\\src\\Illuminate\\Container\\Util.php(43): Illuminate\\Container\\BoundMethod::{closure:Illuminate\\Container\\BoundMethod::call():35}()\n#14 C:\\Repositorio\\Sites\\hub\\vendor\\laravel\\framework\\src\\Illuminate\\Container\\BoundMethod.php(96): Illuminate\\Container\\Util::unwrapIfClosure(Object(Closure))\n#15 C:\\Repositorio\\Sites\\hub\\vendor\\laravel\\framework\\src\\Illuminate\\Container\\BoundMethod.php(35): Illuminate\\Container\\BoundMethod::callBoundMethod(Object(Illuminate\\Foundation\\Application), Array, Object(Closure))\n#16 C:\\Repositorio\\Sites\\hub\\vendor\\laravel\\framework\\src\\Illuminate\\Container\\Container.php(799): Illuminate\\Container\\BoundMethod::call(Object(Illuminate\\Foundation\\Application), Array, Array, NULL)\n#17 C:\\Repositorio\\Sites\\hub\\vendor\\livewire\\livewire\\src\\Mechanisms\\HandleRouting\\LivewirePageController.php(15): Illuminate\\Container\\Container->call(Array)\n#18 C:\\Repositorio\\Sites\\hub\\vendor\\laravel\\framework\\src\\Illuminate\\Routing\\ControllerDispatcher.php(46): Livewire\\Mechanisms\\HandleRouting\\LivewirePageController->__invoke()\n#19 C:\\Repositorio\\Sites\\hub\\vendor\\laravel\\framework\\src\\Illuminate\\Routing\\Route.php(275): Illuminate\\Routing\\ControllerDispatcher->dispatch(Object(Illuminate\\Routing\\Route), Object(Livewire\\Mechanisms\\HandleRouting\\LivewirePageController), '__invoke')\n#20 C:\\Repositorio\\Sites\\hub\\vendor\\laravel\\framework\\src\\Illuminate\\Routing\\Route.php(215): Illuminate\\Routing\\Route->runController()\n#21 C:\\Repositorio\\Sites\\hub\\vendor\\laravel\\framework\\src\\Illuminate\\Routing\\Router.php(822): Illuminate\\Routing\\Route->run()\n#22 C:\\Repositorio\\Sites\\hub\\vendor\\laravel\\framework\\src\\Illuminate\\Pipeline\\Pipeline.php(180): Illuminate\\Routing\\Router->{closure:Illuminate\\Routing\\Router::runRouteWithinStack():821}(Object(Illuminate\\Http\\Request))\n#23 C:\\Repositorio\\Sites\\hub\\app\\Http\\Middleware\\CheckPermission.php(24): Illuminate\\Pipeline\\Pipeline->{closure:Illuminate\\Pipeline\\Pipeline::prepareDestination():178}(Object(Illuminate\\Http\\Request))\n#24 C:\\Repositorio\\Sites\\hub\\vendor\\laravel\\framework\\src\\Illuminate\\Pipeline\\Pipeline.php(219): App\\Http\\Middleware\\CheckPermission->handle(Object(Illuminate\\Http\\Request), Object(Closure), 'view-roles')\n#25 C:\\Repositorio\\Sites\\hub\\vendor\\laravel\\framework\\src\\Illuminate\\Auth\\Middleware\\EnsureEmailIsVerified.php(41): Illuminate\\Pipeline\\Pipeline->{closure:{closure:Illuminate\\Pipeline\\Pipeline::carry():194}:195}(Object(Illuminate\\Http\\Request))\n#26 C:\\Repositorio\\Sites\\hub\\vendor\\laravel\\framework\\src\\Illuminate\\Pipeline\\Pipeline.php(219): Illuminate\\Auth\\Middleware\\EnsureEmailIsVerified->handle(Object(Illuminate\\Http\\Request), Object(Closure))\n#27 C:\\Repositorio\\Sites\\hub\\app\\Http\\Middleware\\SetTeamUrlDefaults.php(26): Illuminate\\Pipeline\\Pipeline->{closure:{closure:Illuminate\\Pipeline\\Pipeline::carry():194}:195}(Object(Illuminate\\Http\\Request))\n#28 C:\\Repositorio\\Sites\\hub\\vendor\\laravel\\framework\\src\\Illuminate\\Pipeline\\Pipeline.php(219): App\\Http\\Middleware\\SetTeamUrlDefaults->handle(Object(Illuminate\\Http\\Request), Object(Closure))\n#29 C:\\Repositorio\\Sites\\hub\\vendor\\laravel\\framework\\src\\Illuminate\\Routing\\Middleware\\SubstituteBindings.php(52): Illuminate\\Pipeline\\Pipeline->{closure:{closure:Illuminate\\Pipeline\\Pipeline::carry():194}:195}(Object(Illuminate\\Http\\Request))\n#30 C:\\Repositorio\\Sites\\hub\\vendor\\laravel\\framework\\src\\Illuminate\\Pipeline\\Pipeline.php(219): Illuminate\\Routing\\Middleware\\SubstituteBindings->handle(Object(Illuminate\\Http\\Request), Object(Closure))\n#31 C:\\Repositorio\\Sites\\hub\\vendor\\laravel\\framework\\src\\Illuminate\\Auth\\Middleware\\Authenticate.php(63): Illuminate\\Pipeline\\Pipeline->{closure:{closure:Illuminate\\Pipeline\\Pipeline::carry():194}:195}(Object(Illuminate\\Http\\Request))\n#32 C:\\Repositorio\\Sites\\hub\\vendor\\laravel\\framework\\src\\Illuminate\\Pipeline\\Pipeline.php(219): Illuminate\\Auth\\Middleware\\Authenticate->handle(Object(Illuminate\\Http\\Request), Object(Closure))\n#33 C:\\Repositorio\\Sites\\hub\\vendor\\laravel\\framework\\src\\Illuminate\\Foundation\\Http\\Middleware\\PreventRequestForgery.php(104): Illuminate\\Pipeline\\Pipeline->{closure:{closure:Illuminate\\Pipeline\\Pipeline::carry():194}:195}(Object(Illuminate\\Http\\Request))\n#34 C:\\Repositorio\\Sites\\hub\\vendor\\laravel\\framework\\src\\Illuminate\\Pipeline\\Pipeline.php(219): Illuminate\\Foundation\\Http\\Middleware\\PreventRequestForgery->handle(Object(Illuminate\\Http\\Request), Object(Closure))\n#35 C:\\Repositorio\\Sites\\hub\\vendor\\laravel\\framework\\src\\Illuminate\\View\\Middleware\\ShareErrorsFromSession.php(48): Illuminate\\Pipeline\\Pipeline->{closure:{closure:Illuminate\\Pipeline\\Pipeline::carry():194}:195}(Object(Illuminate\\Http\\Request))\n#36 C:\\Repositorio\\Sites\\hub\\vendor\\laravel\\framework\\src\\Illuminate\\Pipeline\\Pipeline.php(219): Illuminate\\View\\Middleware\\ShareErrorsFromSession->handle(Object(Illuminate\\Http\\Request), Object(Closure))\n#37 C:\\Repositorio\\Sites\\hub\\vendor\\laravel\\framework\\src\\Illuminate\\Session\\Middleware\\StartSession.php(120): Illuminate\\Pipeline\\Pipeline->{closure:{closure:Illuminate\\Pipeline\\Pipeline::carry():194}:195}(Object(Illuminate\\Http\\Request))\n#38 C:\\Repositorio\\Sites\\hub\\vendor\\laravel\\framework\\src\\Illuminate\\Session\\Middleware\\StartSession.php(63): Illuminate\\Session\\Middleware\\StartSession->handleStatefulRequest(Object(Illuminate\\Http\\Request), Object(Illuminate\\Session\\Store), Object(Closure))\n#39 C:\\Repositorio\\Sites\\hub\\vendor\\laravel\\framework\\src\\Illuminate\\Pipeline\\Pipeline.php(219): Illuminate\\Session\\Middleware\\StartSession->handle(Object(Illuminate\\Http\\Request), Object(Closure))\n#40 C:\\Repositorio\\Sites\\hub\\vendor\\laravel\\framework\\src\\Illuminate\\Cookie\\Middleware\\AddQueuedCookiesToResponse.php(36): Illuminate\\Pipeline\\Pipeline->{closure:{closure:Illuminate\\Pipeline\\Pipeline::carry():194}:195}(Object(Illuminate\\Http\\Request))\n#41 C:\\Repositorio\\Sites\\hub\\vendor\\laravel\\framework\\src\\Illuminate\\Pipeline\\Pipeline.php(219): Illuminate\\Cookie\\Middleware\\AddQueuedCookiesToResponse->handle(Object(Illuminate\\Http\\Request), Object(Closure))\n#42 C:\\Repositorio\\Sites\\hub\\vendor\\laravel\\framework\\src\\Illuminate\\Cookie\\Middleware\\EncryptCookies.php(74): Illuminate\\Pipeline\\Pipeline->{closure:{closure:Illuminate\\Pipeline\\Pipeline::carry():194}:195}(Object(Illuminate\\Http\\Request))\n#43 C:\\Repositorio\\Sites\\hub\\vendor\\laravel\\framework\\src\\Illuminate\\Pipeline\\Pipeline.php(219): Illuminate\\Cookie\\Middleware\\EncryptCookies->handle(Object(Illuminate\\Http\\Request), Object(Closure))\n#44 C:\\Repositorio\\Sites\\hub\\vendor\\laravel\\framework\\src\\Illuminate\\Pipeline\\Pipeline.php(137): Illuminate\\Pipeline\\Pipeline->{closure:{closure:Illuminate\\Pipeline\\Pipeline::carry():194}:195}(Object(Illuminate\\Http\\Request))\n#45 C:\\Repositorio\\Sites\\hub\\vendor\\laravel\\framework\\src\\Illuminate\\Routing\\Router.php(821): Illuminate\\Pipeline\\Pipeline->then(Object(Closure))\n#46 C:\\Repositorio\\Sites\\hub\\vendor\\laravel\\framework\\src\\Illuminate\\Routing\\Router.php(800): Illuminate\\Routing\\Router->runRouteWithinStack(Object(Illuminate\\Routing\\Route), Object(Illuminate\\Http\\Request))\n#47 C:\\Repositorio\\Sites\\hub\\vendor\\laravel\\framework\\src\\Illuminate\\Routing\\Router.php(764): Illuminate\\Routing\\Router->runRoute(Object(Illuminate\\Http\\Request), Object(Illuminate\\Routing\\Route))\n#48 C:\\Repositorio\\Sites\\hub\\vendor\\laravel\\framework\\src\\Illuminate\\Routing\\Router.php(753): Illuminate\\Routing\\Router->dispatchToRoute(Object(Illuminate\\Http\\Request))\n#49 C:\\Repositorio\\Sites\\hub\\vendor\\laravel\\framework\\src\\Illuminate\\Foundation\\Http\\Kernel.php(200): Illuminate\\Routing\\Router->dispatch(Object(Illuminate\\Http\\Request))\n#50 C:\\Repositorio\\Sites\\hub\\vendor\\laravel\\framework\\src\\Illuminate\\Pipeline\\Pipeline.php(180): Illuminate\\Foundation\\Http\\Kernel->{closure:Illuminate\\Foundation\\Http\\Kernel::dispatchToRouter():197}(Object(Illuminate\\Http\\Request))\n#51 C:\\Repositorio\\Sites\\hub\\vendor\\livewire\\livewire\\src\\Features\\SupportDisablingBackButtonCache\\DisableBackButtonCacheMiddleware.php(19): Illuminate\\Pipeline\\Pipeline->{closure:Illuminate\\Pipeline\\Pipeline::prepareDestination():178}(Object(Illuminate\\Http\\Request))\n#52 C:\\Repositorio\\Sites\\hub\\vendor\\laravel\\framework\\src\\Illuminate\\Pipeline\\Pipeline.php(219): Livewire\\Features\\SupportDisablingBackButtonCache\\DisableBackButtonCacheMiddleware->handle(Object(Illuminate\\Http\\Request), Object(Closure))\n#53 C:\\Repositorio\\Sites\\hub\\vendor\\laravel\\framework\\src\\Illuminate\\Foundation\\Http\\Middleware\\TransformsRequest.php(21): Illuminate\\Pipeline\\Pipeline->{closure:{closure:Illuminate\\Pipeline\\Pipeline::carry():194}:195}(Object(Illuminate\\Http\\Request))\n#54 C:\\Repositorio\\Sites\\hub\\vendor\\laravel\\framework\\src\\Illuminate\\Foundation\\Http\\Middleware\\ConvertEmptyStringsToNull.php(31): Illuminate\\Foundation\\Http\\Middleware\\TransformsRequest->handle(Object(Illuminate\\Http\\Request), Object(Closure))\n#55 C:\\Repositorio\\Sites\\hub\\vendor\\laravel\\framework\\src\\Illuminate\\Pipeline\\Pipeline.php(219): Illuminate\\Foundation\\Http\\Middleware\\ConvertEmptyStringsToNull->handle(Object(Illuminate\\Http\\Request), Object(Closure))\n#56 C:\\Repositorio\\Sites\\hub\\vendor\\laravel\\framework\\src\\Illuminate\\Foundation\\Http\\Middleware\\TransformsRequest.php(21): Illuminate\\Pipeline\\Pipeline->{closure:{closure:Illuminate\\Pipeline\\Pipeline::carry():194}:195}(Object(Illuminate\\Http\\Request))\n#57 C:\\Repositorio\\Sites\\hub\\vendor\\laravel\\framework\\src\\Illuminate\\Foundation\\Http\\Middleware\\TrimStrings.php(51): Illuminate\\Foundation\\Http\\Middleware\\TransformsRequest->handle(Object(Illuminate\\Http\\Request), Object(Closure))\n#58 C:\\Repositorio\\Sites\\hub\\vendor\\laravel\\framework\\src\\Illuminate\\Pipeline\\Pipeline.php(219): Illuminate\\Foundation\\Http\\Middleware\\TrimStrings->handle(Object(Illuminate\\Http\\Request), Object(Closure))\n#59 C:\\Repositorio\\Sites\\hub\\vendor\\laravel\\framework\\src\\Illuminate\\Http\\Middleware\\ValidatePostSize.php(27): Illuminate\\Pipeline\\Pipeline->{closure:{closure:Illuminate\\Pipeline\\Pipeline::carry():194}:195}(Object(Illuminate\\Http\\Request))\n#60 C:\\Repositorio\\Sites\\hub\\vendor\\laravel\\framework\\src\\Illuminate\\Pipeline\\Pipeline.php(219): Illuminate\\Http\\Middleware\\ValidatePostSize->handle(Object(Illuminate\\Http\\Request), Object(Closure))\n#61 C:\\Repositorio\\Sites\\hub\\vendor\\laravel\\framework\\src\\Illuminate\\Foundation\\Http\\Middleware\\PreventRequestsDuringMaintenance.php(109): Illuminate\\Pipeline\\Pipeline->{closure:{closure:Illuminate\\Pipeline\\Pipeline::carry():194}:195}(Object(Illuminate\\Http\\Request))\n#62 C:\\Repositorio\\Sites\\hub\\vendor\\laravel\\framework\\src\\Illuminate\\Pipeline\\Pipeline.php(219): Illuminate\\Foundation\\Http\\Middleware\\PreventRequestsDuringMaintenance->handle(Object(Illuminate\\Http\\Request), Object(Closure))\n#63 C:\\Repositorio\\Sites\\hub\\vendor\\laravel\\framework\\src\\Illuminate\\Http\\Middleware\\HandleCors.php(61): Illuminate\\Pipeline\\Pipeline->{closure:{closure:Illuminate\\Pipeline\\Pipeline::carry():194}:195}(Object(Illuminate\\Http\\Request))\n#64 C:\\Repositorio\\Sites\\hub\\vendor\\laravel\\framework\\src\\Illuminate\\Pipeline\\Pipeline.php(219): Illuminate\\Http\\Middleware\\HandleCors->handle(Object(Illuminate\\Http\\Request), Object(Closure))\n#65 C:\\Repositorio\\Sites\\hub\\vendor\\laravel\\framework\\src\\Illuminate\\Http\\Middleware\\TrustProxies.php(58): Illuminate\\Pipeline\\Pipeline->{closure:{closure:Illuminate\\Pipeline\\Pipeline::carry():194}:195}(Object(Illuminate\\Http\\Request))\n#66 C:\\Repositorio\\Sites\\hub\\vendor\\laravel\\framework\\src\\Illuminate\\Pipeline\\Pipeline.php(219): Illuminate\\Http\\Middleware\\TrustProxies->handle(Object(Illuminate\\Http\\Request), Object(Closure))\n#67 C:\\Repositorio\\Sites\\hub\\vendor\\laravel\\framework\\src\\Illuminate\\Foundation\\Http\\Middleware\\InvokeDeferredCallbacks.php(22): Illuminate\\Pipeline\\Pipeline->{closure:{closure:Illuminate\\Pipeline\\Pipeline::carry():194}:195}(Object(Illuminate\\Http\\Request))\n#68 C:\\Repositorio\\Sites\\hub\\vendor\\laravel\\framework\\src\\Illuminate\\Pipeline\\Pipeline.php(219): Illuminate\\Foundation\\Http\\Middleware\\InvokeDeferredCallbacks->handle(Object(Illuminate\\Http\\Request), Object(Closure))\n#69 C:\\Repositorio\\Sites\\hub\\vendor\\laravel\\framework\\src\\Illuminate\\Http\\Middleware\\ValidatePathEncoding.php(28): Illuminate\\Pipeline\\Pipeline->{closure:{closure:Illuminate\\Pipeline\\Pipeline::carry():194}:195}(Object(Illuminate\\Http\\Request))\n#70 C:\\Repositorio\\Sites\\hub\\vendor\\laravel\\framework\\src\\Illuminate\\Pipeline\\Pipeline.php(219): Illuminate\\Http\\Middleware\\ValidatePathEncoding->handle(Object(Illuminate\\Http\\Request), Object(Closure))\n#71 C:\\Repositorio\\Sites\\hub\\vendor\\laravel\\framework\\src\\Illuminate\\Pipeline\\Pipeline.php(137): Illuminate\\Pipeline\\Pipeline->{closure:{closure:Illuminate\\Pipeline\\Pipeline::carry():194}:195}(Object(Illuminate\\Http\\Request))\n#72 C:\\Repositorio\\Sites\\hub\\vendor\\laravel\\framework\\src\\Illuminate\\Foundation\\Http\\Kernel.php(175): Illuminate\\Pipeline\\Pipeline->then(Object(Closure))\n#73 C:\\Repositorio\\Sites\\hub\\vendor\\laravel\\framework\\src\\Illuminate\\Foundation\\Http\\Kernel.php(144): Illuminate\\Foundation\\Http\\Kernel->sendRequestThroughRouter(Object(Illuminate\\Http\\Request))\n#74 C:\\Repositorio\\Sites\\hub\\vendor\\laravel\\framework\\src\\Illuminate\\Foundation\\Testing\\Concerns\\MakesHttpRequests.php(607): Illuminate\\Foundation\\Http\\Kernel->handle(Object(Illuminate\\Http\\Request))\n#75 C:\\Repositorio\\Sites\\hub\\vendor\\laravel\\framework\\src\\Illuminate\\Foundation\\Testing\\Concerns\\MakesHttpRequests.php(368): Illuminate\\Foundation\\Testing\\TestCase->call('GET', 'http://hub.test..', Array, Array, Array, Array)\n#76 C:\\Repositorio\\Sites\\hub\\tests\\Feature\\Settings\\AuthorizationTest.php(50): Illuminate\\Foundation\\Testing\\TestCase->get('http://hub.test..')\n#77 C:\\Repositorio\\Sites\\hub\\vendor\\pestphp\\pest\\src\\Factories\\TestCaseMethodFactory.php(177): P\\Tests\\Feature\\Settings\\AuthorizationTest->{closure:C:\\Repositorio\\Sites\\hub\\tests\\Feature\\Settings\\AuthorizationTest.php:46}()\n#78 [internal function]: P\\Tests\\Feature\\Settings\\AuthorizationTest->{closure:Pest\\Factories\\TestCaseMethodFactory::getClosure():167}()\n#79 C:\\Repositorio\\Sites\\hub\\vendor\\pestphp\\pest\\src\\Concerns\\Testable.php(581): call_user_func_array(Object(Closure), Array)\n#80 C:\\Repositorio\\Sites\\hub\\vendor\\pestphp\\pest\\src\\Support\\ExceptionTrace.php(26): P\\Tests\\Feature\\Settings\\AuthorizationTest->{closure:Pest\\Concerns\\Testable::__callClosure():581}()\n#81 C:\\Repositorio\\Sites\\hub\\vendor\\pestphp\\pest\\src\\Concerns\\Testable.php(581): Pest\\Support\\ExceptionTrace::ensure(Object(Closure))\n#82 C:\\Repositorio\\Sites\\hub\\vendor\\pestphp\\pest\\src\\Concerns\\Testable.php(403): P\\Tests\\Feature\\Settings\\AuthorizationTest->__callClosure(Object(Closure), Array)\n#83 C:\\Repositorio\\Sites\\hub\\vendor\\pestphp\\pest\\src\\Factories\\TestCaseFactory.php(175) : eval()'d code(17): P\\Tests\\Feature\\Settings\\AuthorizationTest->__runTest(Object(Closure))\n#84 C:\\Repositorio\\Sites\\hub\\vendor\\phpunit\\phpunit\\src\\Framework\\TestCase.php(1318): P\\Tests\\Feature\\Settings\\AuthorizationTest->__pest_evaluable_super__admin__can__view__roles__index()\n#85 C:\\Repositorio\\Sites\\hub\\vendor\\phpunit\\phpunit\\src\\Framework\\TestCase.php(1355): PHPUnit\\Framework\\TestCase->invokeTestMethod('__pest_evaluabl..', Array)\n#86 C:\\Repositorio\\Sites\\hub\\vendor\\phpunit\\phpunit\\src\\Framework\\TestCase.php(521): PHPUnit\\Framework\\TestCase->runTest()\n#87 C:\\Repositorio\\Sites\\hub\\vendor\\phpunit\\phpunit\\src\\Framework\\TestRunner\\TestRunner.php(99): PHPUnit\\Framework\\TestCase->runBare()\n#88 C:\\Repositorio\\Sites\\hub\\vendor\\phpunit\\phpunit\\src\\Framework\\TestCase.php(361): PHPUnit\\Framework\\TestRunner->run(Object(P\\Tests\\Feature\\Settings\\AuthorizationTest))\n#89 C:\\Repositorio\\Sites\\hub\\vendor\\phpunit\\phpunit\\src\\Framework\\TestSuite.php(374): PHPUnit\\Framework\\TestCase->run()\n#90 C:\\Repositorio\\Sites\\hub\\vendor\\phpunit\\phpunit\\src\\Framework\\TestSuite.php(374): PHPUnit\\Framework\\TestSuite->run()\n#91 C:\\Repositorio\\Sites\\hub\\vendor\\phpunit\\phpunit\\src\\Framework\\TestSuite.php(374): PHPUnit\\Framework\\TestSuite->run()\n#92 C:\\Repositorio\\Sites\\hub\\vendor\\phpunit\\phpunit\\src\\TextUI\\TestRunner.php(64): PHPUnit\\Framework\\TestSuite->run()\n#93 C:\\Repositorio\\Sites\\hub\\vendor\\phpunit\\phpunit\\src\\TextUI\\Application.php(229): PHPUnit\\TextUI\\TestRunner->run(Object(PHPUnit\\TextUI\\Configuration\\Configuration), Object(PHPUnit\\Runner\\ResultCache\\DefaultResultCache), Object(PHPUnit\\Framework\\TestSuite))\n#94 C:\\Repositorio\\Sites\\hub\\vendor\\pestphp\\pest\\src\\Kernel.php(117): PHPUnit\\TextUI\\Application->run(Array)\n#95 C:\\Repositorio\\Sites\\hub\\vendor\\pestphp\\pest\\bin\\pest(207): Pest\\Kernel->handle(Array, Array)\n#96 C:\\Repositorio\\Sites\\hub\\vendor\\pestphp\\pest\\bin\\pest(215): {closure:C:\\Repositorio\\Sites\\hub\\vendor\\pestphp\\pest\\bin\\pest:21}()\n#97 {main}\n\n----------------------------------------------------------------------------------\n\nFlux component [icon.history] does not exist. (View: C:\\Repositorio\\Sites\\hub\\resources\\views\\layouts\\app\\sidebar.blade.php) (View: C:\\Repositorio\\Sites\\hub\\resources\\views\\layouts\\app\\sidebar.blade.php) (View: C:\\Repositorio\\Sites\\hub\\resources\\views\\layouts\\app\\sidebar.blade.php)"},{"test":"P\\Tests\\Feature\\Settings\\AuthorizationTest::__pest_evaluable_super__admin__can__view__permissions__index","file":"\\Repositorio\\Sites\\hub\\vendor\\laravel\\framework\\src\\Illuminate\\Testing\\TestResponseAssert.php","line":45,"message":"Expected response status code [200] but received 500.\nFailed asserting that 500 is identical to 200.\r\n\r\nThe following exception occurred during the last request:\n\nException: Flux component [icon.history] does not exist. in C:\\Repositorio\\Sites\\hub\\storage\\framework\\views\\4c20301f673ff9e4b9fb45b1e464ba49.php:41\nStack trace:\n#0 C:\\Repositorio\\Sites\\hub\\storage\\framework\\views\\120f2dc41f7a3566b6ef41821f09a22b.php(99): _4c20301f673ff9e4b9fb45b1e464ba49(Object(Livewire\\Blaze\\Runtime\\BlazeRuntime), NULL, NULL, NULL, NULL, NULL)\n#1 C:\\Repositorio\\Sites\\hub\\storage\\framework\\views\\543ddf4e9e078e6dd9f148d1083b04b8.php(257): _120f2dc41f7a3566b6ef41821f09a22b(Object(Livewire\\Blaze\\Runtime\\BlazeRuntime), NULL, NULL, NULL, NULL, NULL)\n#2 C:\\Repositorio\\Sites\\hub\\vendor\\laravel\\framework\\src\\Illuminate\\Filesystem\\Filesystem.php(123): require('C:\\\\Repositorio\\\\..')\n#3 C:\\Repositorio\\Sites\\hub\\vendor\\laravel\\framework\\src\\Illuminate\\Filesystem\\Filesystem.php(124): Illuminate\\Filesystem\\Filesystem::{closure:Illuminate\\Filesystem\\Filesystem::getRequire():120}()\n#4 C:\\Repositorio\\Sites\\hub\\vendor\\laravel\\framework\\src\\Illuminate\\View\\Engines\\PhpEngine.php(57): Illuminate\\Filesystem\\Filesystem->getRequire('C:\\\\Repositorio\\\\..', Array)\n#5 C:\\Repositorio\\Sites\\hub\\vendor\\livewire\\livewire\\src\\Mechanisms\\ExtendBlade\\ExtendedCompilerEngine.php(22): Illuminate\\View\\Engines\\PhpEngine->evaluatePath('C:\\\\Repositorio\\\\..', Array)\n#6 C:\\Repositorio\\Sites\\hub\\vendor\\laravel\\framework\\src\\Illuminate\\View\\Engines\\CompilerEngine.php(76): Livewire\\Mechanisms\\ExtendBlade\\ExtendedCompilerEngine->evaluatePath('C:\\\\Repositorio\\\\..', Array)\n#7 C:\\Repositorio\\Sites\\hub\\vendor\\livewire\\livewire\\src\\Mechanisms\\ExtendBlade\\ExtendedCompilerEngine.php(10): Illuminate\\View\\Engines\\CompilerEngine->get('C:\\\\Repositorio\\\\..', Array)\n#8 C:\\Repositorio\\Sites\\hub\\vendor\\laravel\\framework\\src\\Illuminate\\View\\View.php(208): Livewire\\Mechanisms\\ExtendBlade\\ExtendedCompilerEngine->get('C:\\\\Repositorio\\\\..', Array)\n#9 C:\\Repositorio\\Sites\\hub\\vendor\\laravel\\framework\\src\\Illuminate\\View\\View.php(191): Illuminate\\View\\View->getContents()\n#10 C:\\Repositorio\\Sites\\hub\\vendor\\laravel\\framework\\src\\Illuminate\\View\\View.php(160): Illuminate\\View\\View->renderContents()\n#11 C:\\Repositorio\\Sites\\hub\\vendor\\laravel\\framework\\src\\Illuminate\\View\\Concerns\\ManagesComponents.php(103): Illuminate\\View\\View->render()\n#12 C:\\Repositorio\\Sites\\hub\\storage\\framework\\views\\e966c07df729b68eb28f6c0bec1f4f33.php(22): Illuminate\\View\\Factory->renderComponent()\n#13 C:\\Repositorio\\Sites\\hub\\vendor\\laravel\\framework\\src\\Illuminate\\Filesystem\\Filesystem.php(123): require('C:\\\\Repositorio\\\\..')\n#14 C:\\Repositorio\\Sites\\hub\\vendor\\laravel\\framework\\src\\Illuminate\\Filesystem\\Filesystem.php(124): Illuminate\\Filesystem\\Filesystem::{closure:Illuminate\\Filesystem\\Filesystem::getRequire():120}()\n#15 C:\\Repositorio\\Sites\\hub\\vendor\\laravel\\framework\\src\\Illuminate\\View\\Engines\\PhpEngine.php(57): Illuminate\\Filesystem\\Filesystem->getRequire('C:\\\\Repositorio\\\\..', Array)\n#16 C:\\Repositorio\\Sites\\hub\\vendor\\livewire\\livewire\\src\\Mechanisms\\ExtendBlade\\ExtendedCompilerEngine.php(22): Illuminate\\View\\Engines\\PhpEngine->evaluatePath('C:\\\\Repositorio\\\\..', Array)\n#17 C:\\Repositorio\\Sites\\hub\\vendor\\laravel\\framework\\src\\Illuminate\\View\\Engines\\CompilerEngine.php(76): Livewire\\Mechanisms\\ExtendBlade\\ExtendedCompilerEngine->evaluatePath('C:\\\\Repositorio\\\\..', Array)\n#18 C:\\Repositorio\\Sites\\hub\\vendor\\livewire\\livewire\\src\\Mechanisms\\ExtendBlade\\ExtendedCompilerEngine.php(10): Illuminate\\View\\Engines\\CompilerEngine->get('C:\\\\Repositorio\\\\..', Array)\n#19 C:\\Repositorio\\Sites\\hub\\vendor\\laravel\\framework\\src\\Illuminate\\View\\View.php(208): Livewire\\Mechanisms\\ExtendBlade\\ExtendedCompilerEngine->get('C:\\\\Repositorio\\\\..', Array)\n#20 C:\\Repositorio\\Sites\\hub\\vendor\\laravel\\framework\\src\\Illuminate\\View\\View.php(191): Illuminate\\View\\View->getContents()\n#21 C:\\Repositorio\\Sites\\hub\\vendor\\laravel\\framework\\src\\Illuminate\\View\\View.php(160): Illuminate\\View\\View->renderContents()\n#22 C:\\Repositorio\\Sites\\hub\\vendor\\laravel\\framework\\src\\Illuminate\\View\\Concerns\\ManagesComponents.php(103): Illuminate\\View\\View->render()\n#23 C:\\Repositorio\\Sites\\hub\\storage\\framework\\views\\2506d848c8eba2890692aceacdabb9db.php(17): Illuminate\\View\\Factory->renderComponent()\n#24 C:\\Repositorio\\Sites\\hub\\vendor\\laravel\\framework\\src\\Illuminate\\Filesystem\\Filesystem.php(123): require('C:\\\\Repositorio\\\\..')\n#25 C:\\Repositorio\\Sites\\hub\\vendor\\laravel\\framework\\src\\Illuminate\\Filesystem\\Filesystem.php(124): Illuminate\\Filesystem\\Filesystem::{closure:Illuminate\\Filesystem\\Filesystem::getRequire():120}()\n#26 C:\\Repositorio\\Sites\\hub\\vendor\\laravel\\framework\\src\\Illuminate\\View\\Engines\\PhpEngine.php(57): Illuminate\\Filesystem\\Filesystem->getRequire('C:\\\\Repositorio\\\\..', Array)\n#27 C:\\Repositorio\\Sites\\hub\\vendor\\livewire\\livewire\\src\\Mechanisms\\ExtendBlade\\ExtendedCompilerEngine.php(22): Illuminate\\View\\Engines\\PhpEngine->evaluatePath('C:\\\\Repositorio\\\\..', Array)\n#28 C:\\Repositorio\\Sites\\hub\\vendor\\laravel\\framework\\src\\Illuminate\\View\\Engines\\CompilerEngine.php(76): Livewire\\Mechanisms\\ExtendBlade\\ExtendedCompilerEngine->evaluatePath('C:\\\\Repositorio\\\\..', Array)\n#29 C:\\Repositorio\\Sites\\hub\\vendor\\livewire\\livewire\\src\\Mechanisms\\ExtendBlade\\ExtendedCompilerEngine.php(10): Illuminate\\View\\Engines\\CompilerEngine->get('C:\\\\Repositorio\\\\..', Array)\n#30 C:\\Repositorio\\Sites\\hub\\vendor\\laravel\\framework\\src\\Illuminate\\View\\View.php(208): Livewire\\Mechanisms\\ExtendBlade\\ExtendedCompilerEngine->get('C:\\\\Repositorio\\\\..', Array)\n#31 C:\\Repositorio\\Sites\\hub\\vendor\\laravel\\framework\\src\\Illuminate\\View\\View.php(191): Illuminate\\View\\View->getContents()\n#32 C:\\Repositorio\\Sites\\hub\\vendor\\laravel\\framework\\src\\Illuminate\\View\\View.php(160): Illuminate\\View\\View->renderContents()\n#33 C:\\Repositorio\\Sites\\hub\\vendor\\laravel\\framework\\src\\Illuminate\\View\\Compilers\\BladeCompiler.php(361): Illuminate\\View\\View->render()\n#34 C:\\Repositorio\\Sites\\hub\\vendor\\laravel\\framework\\src\\Illuminate\\Support\\Facades\\Facade.php(363): Illuminate\\View\\Compilers\\BladeCompiler::render(' <?php $layo..', Array)\n#35 C:\\Repositorio\\Sites\\hub\\vendor\\livewire\\livewire\\src\\Features\\SupportPageComponents\\SupportPageComponents.php(162): Illuminate\\Support\\Facades\\Facade::__callStatic('render', Array)\n#36 C:\\Repositorio\\Sites\\hub\\vendor\\livewire\\livewire\\src\\Features\\SupportPageComponents\\HandlesPageComponents.php(26): Livewire\\Features\\SupportPageComponents\\SupportPageComponents::renderContentsIntoLayout('<section wire:s..', Object(Livewire\\Features\\SupportPageComponents\\PageComponentConfig))\n#37 C:\\Repositorio\\Sites\\hub\\vendor\\laravel\\framework\\src\\Illuminate\\Container\\BoundMethod.php(36): Livewire\\Component->__invoke()\n#38 C:\\Repositorio\\Sites\\hub\\vendor\\laravel\\framework\\src\\Illuminate\\Container\\Util.php(43): Illuminate\\Container\\BoundMethod::{closure:Illuminate\\Container\\BoundMethod::call():35}()\n#39 C:\\Repositorio\\Sites\\hub\\vendor\\laravel\\framework\\src\\Illuminate\\Container\\BoundMethod.php(96): Illuminate\\Container\\Util::unwrapIfClosure(Object(Closure))\n#40 C:\\Repositorio\\Sites\\hub\\vendor\\laravel\\framework\\src\\Illuminate\\Container\\BoundMethod.php(35): Illuminate\\Container\\BoundMethod::callBoundMethod(Object(Illuminate\\Foundation\\Application), Array, Object(Closure))\n#41 C:\\Repositorio\\Sites\\hub\\vendor\\laravel\\framework\\src\\Illuminate\\Container\\Container.php(799): Illuminate\\Container\\BoundMethod::call(Object(Illuminate\\Foundation\\Application), Array, Array, NULL)\n#42 C:\\Repositorio\\Sites\\hub\\vendor\\livewire\\livewire\\src\\Mechanisms\\HandleRouting\\LivewirePageController.php(15): Illuminate\\Container\\Container->call(Array)\n#43 C:\\Repositorio\\Sites\\hub\\vendor\\laravel\\framework\\src\\Illuminate\\Routing\\ControllerDispatcher.php(46): Livewire\\Mechanisms\\HandleRouting\\LivewirePageController->__invoke()\n#44 C:\\Repositorio\\Sites\\hub\\vendor\\laravel\\framework\\src\\Illuminate\\Routing\\Route.php(275): Illuminate\\Routing\\ControllerDispatcher->dispatch(Object(Illuminate\\Routing\\Route), Object(Livewire\\Mechanisms\\HandleRouting\\LivewirePageController), '__invoke')\n#45 C:\\Repositorio\\Sites\\hub\\vendor\\laravel\\framework\\src\\Illuminate\\Routing\\Route.php(215): Illuminate\\Routing\\Route->runController()\n#46 C:\\Repositorio\\Sites\\hub\\vendor\\laravel\\framework\\src\\Illuminate\\Routing\\Router.php(822): Illuminate\\Routing\\Route->run()\n#47 C:\\Repositorio\\Sites\\hub\\vendor\\laravel\\framework\\src\\Illuminate\\Pipeline\\Pipeline.php(180): Illuminate\\Routing\\Router->{closure:Illuminate\\Routing\\Router::runRouteWithinStack():821}(Object(Illuminate\\Http\\Request))\n#48 C:\\Repositorio\\Sites\\hub\\app\\Http\\Middleware\\CheckPermission.php(24): Illuminate\\Pipeline\\Pipeline->{closure:Illuminate\\Pipeline\\Pipeline::prepareDestination():178}(Object(Illuminate\\Http\\Request))\n#49 C:\\Repositorio\\Sites\\hub\\vendor\\laravel\\framework\\src\\Illuminate\\Pipeline\\Pipeline.php(219): App\\Http\\Middleware\\CheckPermission->handle(Object(Illuminate\\Http\\Request), Object(Closure), 'view-permission..')\n#50 C:\\Repositorio\\Sites\\hub\\vendor\\laravel\\framework\\src\\Illuminate\\Auth\\Middleware\\EnsureEmailIsVerified.php(41): Illuminate\\Pipeline\\Pipeline->{closure:{closure:Illuminate\\Pipeline\\Pipeline::carry():194}:195}(Object(Illuminate\\Http\\Request))\n#51 C:\\Repositorio\\Sites\\hub\\vendor\\laravel\\framework\\src\\Illuminate\\Pipeline\\Pipeline.php(219): Illuminate\\Auth\\Middleware\\EnsureEmailIsVerified->handle(Object(Illuminate\\Http\\Request), Object(Closure))\n#52 C:\\Repositorio\\Sites\\hub\\app\\Http\\Middleware\\SetTeamUrlDefaults.php(26): Illuminate\\Pipeline\\Pipeline->{closure:{closure:Illuminate\\Pipeline\\Pipeline::carry():194}:195}(Object(Illuminate\\Http\\Request))\n#53 C:\\Repositorio\\Sites\\hub\\vendor\\laravel\\framework\\src\\Illuminate\\Pipeline\\Pipeline.php(219): App\\Http\\Middleware\\SetTeamUrlDefaults->handle(Object(Illuminate\\Http\\Request), Object(Closure))\n#54 C:\\Repositorio\\Sites\\hub\\vendor\\laravel\\framework\\src\\Illuminate\\Routing\\Middleware\\SubstituteBindings.php(52): Illuminate\\Pipeline\\Pipeline->{closure:{closure:Illuminate\\Pipeline\\Pipeline::carry():194}:195}(Object(Illuminate\\Http\\Request))\n#55 C:\\Repositorio\\Sites\\hub\\vendor\\laravel\\framework\\src\\Illuminate\\Pipeline\\Pipeline.php(219): Illuminate\\Routing\\Middleware\\SubstituteBindings->handle(Object(Illuminate\\Http\\Request), Object(Closure))\n#56 C:\\Repositorio\\Sites\\hub\\vendor\\laravel\\framework\\src\\Illuminate\\Auth\\Middleware\\Authenticate.php(63): Illuminate\\Pipeline\\Pipeline->{closure:{closure:Illuminate\\Pipeline\\Pipeline::carry():194}:195}(Object(Illuminate\\Http\\Request))\n#57 C:\\Repositorio\\Sites\\hub\\vendor\\laravel\\framework\\src\\Illuminate\\Pipeline\\Pipeline.php(219): Illuminate\\Auth\\Middleware\\Authenticate->handle(Object(Illuminate\\Http\\Request), Object(Closure))\n#58 C:\\Repositorio\\Sites\\hub\\vendor\\laravel\\framework\\src\\Illuminate\\Foundation\\Http\\Middleware\\PreventRequestForgery.php(104): Illuminate\\Pipeline\\Pipeline->{closure:{closure:Illuminate\\Pipeline\\Pipeline::carry():194}:195}(Object(Illuminate\\Http\\Request))\n#59 C:\\Repositorio\\Sites\\hub\\vendor\\laravel\\framework\\src\\Illuminate\\Pipeline\\Pipeline.php(219): Illuminate\\Foundation\\Http\\Middleware\\PreventRequestForgery->handle(Object(Illuminate\\Http\\Request), Object(Closure))\n#60 C:\\Repositorio\\Sites\\hub\\vendor\\laravel\\framework\\src\\Illuminate\\View\\Middleware\\ShareErrorsFromSession.php(48): Illuminate\\Pipeline\\Pipeline->{closure:{closure:Illuminate\\Pipeline\\Pipeline::carry():194}:195}(Object(Illuminate\\Http\\Request))\n#61 C:\\Repositorio\\Sites\\hub\\vendor\\laravel\\framework\\src\\Illuminate\\Pipeline\\Pipeline.php(219): Illuminate\\View\\Middleware\\ShareErrorsFromSession->handle(Object(Illuminate\\Http\\Request), Object(Closure))\n#62 C:\\Repositorio\\Sites\\hub\\vendor\\laravel\\framework\\src\\Illuminate\\Session\\Middleware\\StartSession.php(120): Illuminate\\Pipeline\\Pipeline->{closure:{closure:Illuminate\\Pipeline\\Pipeline::carry():194}:195}(Object(Illuminate\\Http\\Request))\n#63 C:\\Repositorio\\Sites\\hub\\vendor\\laravel\\framework\\src\\Illuminate\\Session\\Middleware\\StartSession.php(63): Illuminate\\Session\\Middleware\\StartSession->handleStatefulRequest(Object(Illuminate\\Http\\Request), Object(Illuminate\\Session\\Store), Object(Closure))\n#64 C:\\Repositorio\\Sites\\hub\\vendor\\laravel\\framework\\src\\Illuminate\\Pipeline\\Pipeline.php(219): Illuminate\\Session\\Middleware\\StartSession->handle(Object(Illuminate\\Http\\Request), Object(Closure))\n#65 C:\\Repositorio\\Sites\\hub\\vendor\\laravel\\framework\\src\\Illuminate\\Cookie\\Middleware\\AddQueuedCookiesToResponse.php(36): Illuminate\\Pipeline\\Pipeline->{closure:{closure:Illuminate\\Pipeline\\Pipeline::carry():194}:195}(Object(Illuminate\\Http\\Request))\n#66 C:\\Repositorio\\Sites\\hub\\vendor\\laravel\\framework\\src\\Illuminate\\Pipeline\\Pipeline.php(219): Illuminate\\Cookie\\Middleware\\AddQueuedCookiesToResponse->handle(Object(Illuminate\\Http\\Request), Object(Closure))\n#67 C:\\Repositorio\\Sites\\hub\\vendor\\laravel\\framework\\src\\Illuminate\\Cookie\\Middleware\\EncryptCookies.php(74): Illuminate\\Pipeline\\Pipeline->{closure:{closure:Illuminate\\Pipeline\\Pipeline::carry():194}:195}(Object(Illuminate\\Http\\Request))\n#68 C:\\Repositorio\\Sites\\hub\\vendor\\laravel\\framework\\src\\Illuminate\\Pipeline\\Pipeline.php(219): Illuminate\\Cookie\\Middleware\\EncryptCookies->handle(Object(Illuminate\\Http\\Request), Object(Closure))\n#69 C:\\Repositorio\\Sites\\hub\\vendor\\laravel\\framework\\src\\Illuminate\\Pipeline\\Pipeline.php(137): Illuminate\\Pipeline\\Pipeline->{closure:{closure:Illuminate\\Pipeline\\Pipeline::carry():194}:195}(Object(Illuminate\\Http\\Request))\n#70 C:\\Repositorio\\Sites\\hub\\vendor\\laravel\\framework\\src\\Illuminate\\Routing\\Router.php(821): Illuminate\\Pipeline\\Pipeline->then(Object(Closure))\n#71 C:\\Repositorio\\Sites\\hub\\vendor\\laravel\\framework\\src\\Illuminate\\Routing\\Router.php(800): Illuminate\\Routing\\Router->runRouteWithinStack(Object(Illuminate\\Routing\\Route), Object(Illuminate\\Http\\Request))\n#72 C:\\Repositorio\\Sites\\hub\\vendor\\laravel\\framework\\src\\Illuminate\\Routing\\Router.php(764): Illuminate\\Routing\\Router->runRoute(Object(Illuminate\\Http\\Request), Object(Illuminate\\Routing\\Route))\n#73 C:\\Repositorio\\Sites\\hub\\vendor\\laravel\\framework\\src\\Illuminate\\Routing\\Router.php(753): Illuminate\\Routing\\Router->dispatchToRoute(Object(Illuminate\\Http\\Request))\n#74 C:\\Repositorio\\Sites\\hub\\vendor\\laravel\\framework\\src\\Illuminate\\Foundation\\Http\\Kernel.php(200): Illuminate\\Routing\\Router->dispatch(Object(Illuminate\\Http\\Request))\n#75 C:\\Repositorio\\Sites\\hub\\vendor\\laravel\\framework\\src\\Illuminate\\Pipeline\\Pipeline.php(180): Illuminate\\Foundation\\Http\\Kernel->{closure:Illuminate\\Foundation\\Http\\Kernel::dispatchToRouter():197}(Object(Illuminate\\Http\\Request))\n#76 C:\\Repositorio\\Sites\\hub\\vendor\\livewire\\livewire\\src\\Features\\SupportDisablingBackButtonCache\\DisableBackButtonCacheMiddleware.php(19): Illuminate\\Pipeline\\Pipeline->{closure:Illuminate\\Pipeline\\Pipeline::prepareDestination():178}(Object(Illuminate\\Http\\Request))\n#77 C:\\Repositorio\\Sites\\hub\\vendor\\laravel\\framework\\src\\Illuminate\\Pipeline\\Pipeline.php(219): Livewire\\Features\\SupportDisablingBackButtonCache\\DisableBackButtonCacheMiddleware->handle(Object(Illuminate\\Http\\Request), Object(Closure))\n#78 C:\\Repositorio\\Sites\\hub\\vendor\\laravel\\framework\\src\\Illuminate\\Foundation\\Http\\Middleware\\TransformsRequest.php(21): Illuminate\\Pipeline\\Pipeline->{closure:{closure:Illuminate\\Pipeline\\Pipeline::carry():194}:195}(Object(Illuminate\\Http\\Request))\n#79 C:\\Repositorio\\Sites\\hub\\vendor\\laravel\\framework\\src\\Illuminate\\Foundation\\Http\\Middleware\\ConvertEmptyStringsToNull.php(31): Illuminate\\Foundation\\Http\\Middleware\\TransformsRequest->handle(Object(Illuminate\\Http\\Request), Object(Closure))\n#80 C:\\Repositorio\\Sites\\hub\\vendor\\laravel\\framework\\src\\Illuminate\\Pipeline\\Pipeline.php(219): Illuminate\\Foundation\\Http\\Middleware\\ConvertEmptyStringsToNull->handle(Object(Illuminate\\Http\\Request), Object(Closure))\n#81 C:\\Repositorio\\Sites\\hub\\vendor\\laravel\\framework\\src\\Illuminate\\Foundation\\Http\\Middleware\\TransformsRequest.php(21): Illuminate\\Pipeline\\Pipeline->{closure:{closure:Illuminate\\Pipeline\\Pipeline::carry():194}:195}(Object(Illuminate\\Http\\Request))\n#82 C:\\Repositorio\\Sites\\hub\\vendor\\laravel\\framework\\src\\Illuminate\\Foundation\\Http\\Middleware\\TrimStrings.php(51): Illuminate\\Foundation\\Http\\Middleware\\TransformsRequest->handle(Object(Illuminate\\Http\\Request), Object(Closure))\n#83 C:\\Repositorio\\Sites\\hub\\vendor\\laravel\\framework\\src\\Illuminate\\Pipeline\\Pipeline.php(219): Illuminate\\Foundation\\Http\\Middleware\\TrimStrings->handle(Object(Illuminate\\Http\\Request), Object(Closure))\n#84 C:\\Repositorio\\Sites\\hub\\vendor\\laravel\\framework\\src\\Illuminate\\Http\\Middleware\\ValidatePostSize.php(27): Illuminate\\Pipeline\\Pipeline->{closure:{closure:Illuminate\\Pipeline\\Pipeline::carry():194}:195}(Object(Illuminate\\Http\\Request))\n#85 C:\\Repositorio\\Sites\\hub\\vendor\\laravel\\framework\\src\\Illuminate\\Pipeline\\Pipeline.php(219): Illuminate\\Http\\Middleware\\ValidatePostSize->handle(Object(Illuminate\\Http\\Request), Object(Closure))\n#86 C:\\Repositorio\\Sites\\hub\\vendor\\laravel\\framework\\src\\Illuminate\\Foundation\\Http\\Middleware\\PreventRequestsDuringMaintenance.php(109): Illuminate\\Pipeline\\Pipeline->{closure:{closure:Illuminate\\Pipeline\\Pipeline::carry():194}:195}(Object(Illuminate\\Http\\Request))\n#87 C:\\Repositorio\\Sites\\hub\\vendor\\laravel\\framework\\src\\Illuminate\\Pipeline\\Pipeline.php(219): Illuminate\\Foundation\\Http\\Middleware\\PreventRequestsDuringMaintenance->handle(Object(Illuminate\\Http\\Request), Object(Closure))\n#88 C:\\Repositorio\\Sites\\hub\\vendor\\laravel\\framework\\src\\Illuminate\\Http\\Middleware\\HandleCors.php(61): Illuminate\\Pipeline\\Pipeline->{closure:{closure:Illuminate\\Pipeline\\Pipeline::carry():194}:195}(Object(Illuminate\\Http\\Request))\n#89 C:\\Repositorio\\Sites\\hub\\vendor\\laravel\\framework\\src\\Illuminate\\Pipeline\\Pipeline.php(219): Illuminate\\Http\\Middleware\\HandleCors->handle(Object(Illuminate\\Http\\Request), Object(Closure))\n#90 C:\\Repositorio\\Sites\\hub\\vendor\\laravel\\framework\\src\\Illuminate\\Http\\Middleware\\TrustProxies.php(58): Illuminate\\Pipeline\\Pipeline->{closure:{closure:Illuminate\\Pipeline\\Pipeline::carry():194}:195}(Object(Illuminate\\Http\\Request))\n#91 C:\\Repositorio\\Sites\\hub\\vendor\\laravel\\framework\\src\\Illuminate\\Pipeline\\Pipeline.php(219): Illuminate\\Http\\Middleware\\TrustProxies->handle(Object(Illuminate\\Http\\Request), Object(Closure))\n#92 C:\\Repositorio\\Sites\\hub\\vendor\\laravel\\framework\\src\\Illuminate\\Foundation\\Http\\Middleware\\InvokeDeferredCallbacks.php(22): Illuminate\\Pipeline\\Pipeline->{closure:{closure:Illuminate\\Pipeline\\Pipeline::carry():194}:195}(Object(Illuminate\\Http\\Request))\n#93 C:\\Repositorio\\Sites\\hub\\vendor\\laravel\\framework\\src\\Illuminate\\Pipeline\\Pipeline.php(219): Illuminate\\Foundation\\Http\\Middleware\\InvokeDeferredCallbacks->handle(Object(Illuminate\\Http\\Request), Object(Closure))\n#94 C:\\Repositorio\\Sites\\hub\\vendor\\laravel\\framework\\src\\Illuminate\\Http\\Middleware\\ValidatePathEncoding.php(28): Illuminate\\Pipeline\\Pipeline->{closure:{closure:Illuminate\\Pipeline\\Pipeline::carry():194}:195}(Object(Illuminate\\Http\\Request))\n#95 C:\\Repositorio\\Sites\\hub\\vendor\\laravel\\framework\\src\\Illuminate\\Pipeline\\Pipeline.php(219): Illuminate\\Http\\Middleware\\ValidatePathEncoding->handle(Object(Illuminate\\Http\\Request), Object(Closure))\n#96 C:\\Repositorio\\Sites\\hub\\vendor\\laravel\\framework\\src\\Illuminate\\Pipeline\\Pipeline.php(137): Illuminate\\Pipeline\\Pipeline->{closure:{closure:Illuminate\\Pipeline\\Pipeline::carry():194}:195}(Object(Illuminate\\Http\\Request))\n#97 C:\\Repositorio\\Sites\\hub\\vendor\\laravel\\framework\\src\\Illuminate\\Foundation\\Http\\Kernel.php(175): Illuminate\\Pipeline\\Pipeline->then(Object(Closure))\n#98 C:\\Repositorio\\Sites\\hub\\vendor\\laravel\\framework\\src\\Illuminate\\Foundation\\Http\\Kernel.php(144): Illuminate\\Foundation\\Http\\Kernel->sendRequestThroughRouter(Object(Illuminate\\Http\\Request))\n#99 C:\\Repositorio\\Sites\\hub\\vendor\\laravel\\framework\\src\\Illuminate\\Foundation\\Testing\\Concerns\\MakesHttpRequests.php(607): Illuminate\\Foundation\\Http\\Kernel->handle(Object(Illuminate\\Http\\Request))\n#100 C:\\Repositorio\\Sites\\hub\\vendor\\laravel\\framework\\src\\Illuminate\\Foundation\\Testing\\Concerns\\MakesHttpRequests.php(368): Illuminate\\Foundation\\Testing\\TestCase->call('GET', 'http://hub.test..', Array, Array, Array, Array)\n#101 C:\\Repositorio\\Sites\\hub\\tests\\Feature\\Settings\\AuthorizationTest.php(167): Illuminate\\Foundation\\Testing\\TestCase->get('http://hub.test..')\n#102 C:\\Repositorio\\Sites\\hub\\vendor\\pestphp\\pest\\src\\Factories\\TestCaseMethodFactory.php(177): P\\Tests\\Feature\\Settings\\AuthorizationTest->{closure:C:\\Repositorio\\Sites\\hub\\tests\\Feature\\Settings\\AuthorizationTest.php:163}()\n#103 [internal function]: P\\Tests\\Feature\\Settings\\AuthorizationTest->{closure:Pest\\Factories\\TestCaseMethodFactory::getClosure():167}()\n#104 C:\\Repositorio\\Sites\\hub\\vendor\\pestphp\\pest\\src\\Concerns\\Testable.php(581): call_user_func_array(Object(Closure), Array)\n#105 C:\\Repositorio\\Sites\\hub\\vendor\\pestphp\\pest\\src\\Support\\ExceptionTrace.php(26): P\\Tests\\Feature\\Settings\\AuthorizationTest->{closure:Pest\\Concerns\\Testable::__callClosure():581}()\n#106 C:\\Repositorio\\Sites\\hub\\vendor\\pestphp\\pest\\src\\Concerns\\Testable.php(581): Pest\\Support\\ExceptionTrace::ensure(Object(Closure))\n#107 C:\\Repositorio\\Sites\\hub\\vendor\\pestphp\\pest\\src\\Concerns\\Testable.php(403): P\\Tests\\Feature\\Settings\\AuthorizationTest->__callClosure(Object(Closure), Array)\n#108 C:\\Repositorio\\Sites\\hub\\vendor\\pestphp\\pest\\src\\Factories\\TestCaseFactory.php(175) : eval()'d code(98): P\\Tests\\Feature\\Settings\\AuthorizationTest->__runTest(Object(Closure))\n#109 C:\\Repositorio\\Sites\\hub\\vendor\\phpunit\\phpunit\\src\\Framework\\TestCase.php(1318): P\\Tests\\Feature\\Settings\\AuthorizationTest->__pest_evaluable_super__admin__can__view__permissions__index()\n#110 C:\\Repositorio\\Sites\\hub\\vendor\\phpunit\\phpunit\\src\\Framework\\TestCase.php(1355): PHPUnit\\Framework\\TestCase->invokeTestMethod('__pest_evaluabl..', Array)\n#111 C:\\Repositorio\\Sites\\hub\\vendor\\phpunit\\phpunit\\src\\Framework\\TestCase.php(521): PHPUnit\\Framework\\TestCase->runTest()\n#112 C:\\Repositorio\\Sites\\hub\\vendor\\phpunit\\phpunit\\src\\Framework\\TestRunner\\TestRunner.php(99): PHPUnit\\Framework\\TestCase->runBare()\n#113 C:\\Repositorio\\Sites\\hub\\vendor\\phpunit\\phpunit\\src\\Framework\\TestCase.php(361): PHPUnit\\Framework\\TestRunner->run(Object(P\\Tests\\Feature\\Settings\\AuthorizationTest))\n#114 C:\\Repositorio\\Sites\\hub\\vendor\\phpunit\\phpunit\\src\\Framework\\TestSuite.php(374): PHPUnit\\Framework\\TestCase->run()\n#115 C:\\Repositorio\\Sites\\hub\\vendor\\phpunit\\phpunit\\src\\Framework\\TestSuite.php(374): PHPUnit\\Framework\\TestSuite->run()\n#116 C:\\Repositorio\\Sites\\hub\\vendor\\phpunit\\phpunit\\src\\Framework\\TestSuite.php(374): PHPUnit\\Framework\\TestSuite->run()\n#117 C:\\Repositorio\\Sites\\hub\\vendor\\phpunit\\phpunit\\src\\TextUI\\TestRunner.php(64): PHPUnit\\Framework\\TestSuite->run()\n#118 C:\\Repositorio\\Sites\\hub\\vendor\\phpunit\\phpunit\\src\\TextUI\\Application.php(229): PHPUnit\\TextUI\\TestRunner->run(Object(PHPUnit\\TextUI\\Configuration\\Configuration), Object(PHPUnit\\Runner\\ResultCache\\DefaultResultCache), Object(PHPUnit\\Framework\\TestSuite))\n#119 C:\\Repositorio\\Sites\\hub\\vendor\\pestphp\\pest\\src\\Kernel.php(117): PHPUnit\\TextUI\\Application->run(Array)\n#120 C:\\Repositorio\\Sites\\hub\\vendor\\pestphp\\pest\\bin\\pest(207): Pest\\Kernel->handle(Array, Array)\n#121 C:\\Repositorio\\Sites\\hub\\vendor\\pestphp\\pest\\bin\\pest(215): {closure:C:\\Repositorio\\Sites\\hub\\vendor\\pestphp\\pest\\bin\\pest:21}()\n#122 {main}\n\nNext Illuminate\\View\\ViewException: Flux component [icon.history] does not exist. (View: C:\\Repositorio\\Sites\\hub\\resources\\views\\layouts\\app\\sidebar.blade.php) in C:\\Repositorio\\Sites\\hub\\storage\\framework\\views\\4c20301f673ff9e4b9fb45b1e464ba49.php:41\nStack trace:\n#0 C:\\Repositorio\\Sites\\hub\\vendor\\livewire\\livewire\\src\\Mechanisms\\ExtendBlade\\ExtendedCompilerEngine.php(58): Illuminate\\View\\Engines\\CompilerEngine->handleViewException(Object(Exception), 3)\n#1 C:\\Repositorio\\Sites\\hub\\vendor\\laravel\\framework\\src\\Illuminate\\View\\Engines\\PhpEngine.php(59): Livewire\\Mechanisms\\ExtendBlade\\ExtendedCompilerEngine->handleViewException(Object(Exception), 3)\n#2 C:\\Repositorio\\Sites\\hub\\vendor\\livewire\\livewire\\src\\Mechanisms\\ExtendBlade\\ExtendedCompilerEngine.php(22): Illuminate\\View\\Engines\\PhpEngine->evaluatePath('C:\\\\Repositorio\\\\..', Array)\n#3 C:\\Repositorio\\Sites\\hub\\vendor\\laravel\\framework\\src\\Illuminate\\View\\Engines\\CompilerEngine.php(76): Livewire\\Mechanisms\\ExtendBlade\\ExtendedCompilerEngine->evaluatePath('C:\\\\Repositorio\\\\..', Array)\n#4 C:\\Repositorio\\Sites\\hub\\vendor\\livewire\\livewire\\src\\Mechanisms\\ExtendBlade\\ExtendedCompilerEngine.php(10): Illuminate\\View\\Engines\\CompilerEngine->get('C:\\\\Repositorio\\\\..', Array)\n#5 C:\\Repositorio\\Sites\\hub\\vendor\\laravel\\framework\\src\\Illuminate\\View\\View.php(208): Livewire\\Mechanisms\\ExtendBlade\\ExtendedCompilerEngine->get('C:\\\\Repositorio\\\\..', Array)\n#6 C:\\Repositorio\\Sites\\hub\\vendor\\laravel\\framework\\src\\Illuminate\\View\\View.php(191): Illuminate\\View\\View->getContents()\n#7 C:\\Repositorio\\Sites\\hub\\vendor\\laravel\\framework\\src\\Illuminate\\View\\View.php(160): Illuminate\\View\\View->renderContents()\n#8 C:\\Repositorio\\Sites\\hub\\vendor\\laravel\\framework\\src\\Illuminate\\View\\Concerns\\ManagesComponents.php(103): Illuminate\\View\\View->render()\n#9 C:\\Repositorio\\Sites\\hub\\storage\\framework\\views\\e966c07df729b68eb28f6c0bec1f4f33.php(22): Illuminate\\View\\Factory->renderComponent()\n#10 C:\\Repositorio\\Sites\\hub\\vendor\\laravel\\framework\\src\\Illuminate\\Filesystem\\Filesystem.php(123): require('C:\\\\Repositorio\\\\..')\n#11 C:\\Repositorio\\Sites\\hub\\vendor\\laravel\\framework\\src\\Illuminate\\Filesystem\\Filesystem.php(124): Illuminate\\Filesystem\\Filesystem::{closure:Illuminate\\Filesystem\\Filesystem::getRequire():120}()\n#12 C:\\Repositorio\\Sites\\hub\\vendor\\laravel\\framework\\src\\Illuminate\\View\\Engines\\PhpEngine.php(57): Illuminate\\Filesystem\\Filesystem->getRequire('C:\\\\Repositorio\\\\..', Array)\n#13 C:\\Repositorio\\Sites\\hub\\vendor\\livewire\\livewire\\src\\Mechanisms\\ExtendBlade\\ExtendedCompilerEngine.php(22): Illuminate\\View\\Engines\\PhpEngine->evaluatePath('C:\\\\Repositorio\\\\..', Array)\n#14 C:\\Repositorio\\Sites\\hub\\vendor\\laravel\\framework\\src\\Illuminate\\View\\Engines\\CompilerEngine.php(76): Livewire\\Mechanisms\\ExtendBlade\\ExtendedCompilerEngine->evaluatePath('C:\\\\Repositorio\\\\..', Array)\n#15 C:\\Repositorio\\Sites\\hub\\vendor\\livewire\\livewire\\src\\Mechanisms\\ExtendBlade\\ExtendedCompilerEngine.php(10): Illuminate\\View\\Engines\\CompilerEngine->get('C:\\\\Repositorio\\\\..', Array)\n#16 C:\\Repositorio\\Sites\\hub\\vendor\\laravel\\framework\\src\\Illuminate\\View\\View.php(208): Livewire\\Mechanisms\\ExtendBlade\\ExtendedCompilerEngine->get('C:\\\\Repositorio\\\\..', Array)\n#17 C:\\Repositorio\\Sites\\hub\\vendor\\laravel\\framework\\src\\Illuminate\\View\\View.php(191): Illuminate\\View\\View->getContents()\n#18 C:\\Repositorio\\Sites\\hub\\vendor\\laravel\\framework\\src\\Illuminate\\View\\View.php(160): Illuminate\\View\\View->renderContents()\n#19 C:\\Repositorio\\Sites\\hub\\vendor\\laravel\\framework\\src\\Illuminate\\View\\Concerns\\ManagesComponents.php(103): Illuminate\\View\\View->render()\n#20 C:\\Repositorio\\Sites\\hub\\storage\\framework\\views\\2506d848c8eba2890692aceacdabb9db.php(17): Illuminate\\View\\Factory->renderComponent()\n#21 C:\\Repositorio\\Sites\\hub\\vendor\\laravel\\framework\\src\\Illuminate\\Filesystem\\Filesystem.php(123): require('C:\\\\Repositorio\\\\..')\n#22 C:\\Repositorio\\Sites\\hub\\vendor\\laravel\\framework\\src\\Illuminate\\Filesystem\\Filesystem.php(124): Illuminate\\Filesystem\\Filesystem::{closure:Illuminate\\Filesystem\\Filesystem::getRequire():120}()\n#23 C:\\Repositorio\\Sites\\hub\\vendor\\laravel\\framework\\src\\Illuminate\\View\\Engines\\PhpEngine.php(57): Illuminate\\Filesystem\\Filesystem->getRequire('C:\\\\Repositorio\\\\..', Array)\n#24 C:\\Repositorio\\Sites\\hub\\vendor\\livewire\\livewire\\src\\Mechanisms\\ExtendBlade\\ExtendedCompilerEngine.php(22): Illuminate\\View\\Engines\\PhpEngine->evaluatePath('C:\\\\Repositorio\\\\..', Array)\n#25 C:\\Repositorio\\Sites\\hub\\vendor\\laravel\\framework\\src\\Illuminate\\View\\Engines\\CompilerEngine.php(76): Livewire\\Mechanisms\\ExtendBlade\\ExtendedCompilerEngine->evaluatePath('C:\\\\Repositorio\\\\..', Array)\n#26 C:\\Repositorio\\Sites\\hub\\vendor\\livewire\\livewire\\src\\Mechanisms\\ExtendBlade\\ExtendedCompilerEngine.php(10): Illuminate\\View\\Engines\\CompilerEngine->get('C:\\\\Repositorio\\\\..', Array)\n#27 C:\\Repositorio\\Sites\\hub\\vendor\\laravel\\framework\\src\\Illuminate\\View\\View.php(208): Livewire\\Mechanisms\\ExtendBlade\\ExtendedCompilerEngine->get('C:\\\\Repositorio\\\\..', Array)\n#28 C:\\Repositorio\\Sites\\hub\\vendor\\laravel\\framework\\src\\Illuminate\\View\\View.php(191): Illuminate\\View\\View->getContents()\n#29 C:\\Repositorio\\Sites\\hub\\vendor\\laravel\\framework\\src\\Illuminate\\View\\View.php(160): Illuminate\\View\\View->renderContents()\n#30 C:\\Repositorio\\Sites\\hub\\vendor\\laravel\\framework\\src\\Illuminate\\View\\Compilers\\BladeCompiler.php(361): Illuminate\\View\\View->render()\n#31 C:\\Repositorio\\Sites\\hub\\vendor\\laravel\\framework\\src\\Illuminate\\Support\\Facades\\Facade.php(363): Illuminate\\View\\Compilers\\BladeCompiler::render(' <?php $layo..', Array)\n#32 C:\\Repositorio\\Sites\\hub\\vendor\\livewire\\livewire\\src\\Features\\SupportPageComponents\\SupportPageComponents.php(162): Illuminate\\Support\\Facades\\Facade::__callStatic('render', Array)\n#33 C:\\Repositorio\\Sites\\hub\\vendor\\livewire\\livewire\\src\\Features\\SupportPageComponents\\HandlesPageComponents.php(26): Livewire\\Features\\SupportPageComponents\\SupportPageComponents::renderContentsIntoLayout('<section wire:s..', Object(Livewire\\Features\\SupportPageComponents\\PageComponentConfig))\n#34 C:\\Repositorio\\Sites\\hub\\vendor\\laravel\\framework\\src\\Illuminate\\Container\\BoundMethod.php(36): Livewire\\Component->__invoke()\n#35 C:\\Repositorio\\Sites\\hub\\vendor\\laravel\\framework\\src\\Illuminate\\Container\\Util.php(43): Illuminate\\Container\\BoundMethod::{closure:Illuminate\\Container\\BoundMethod::call():35}()\n#36 C:\\Repositorio\\Sites\\hub\\vendor\\laravel\\framework\\src\\Illuminate\\Container\\BoundMethod.php(96): Illuminate\\Container\\Util::unwrapIfClosure(Object(Closure))\n#37 C:\\Repositorio\\Sites\\hub\\vendor\\laravel\\framework\\src\\Illuminate\\Container\\BoundMethod.php(35): Illuminate\\Container\\BoundMethod::callBoundMethod(Object(Illuminate\\Foundation\\Application), Array, Object(Closure))\n#38 C:\\Repositorio\\Sites\\hub\\vendor\\laravel\\framework\\src\\Illuminate\\Container\\Container.php(799): Illuminate\\Container\\BoundMethod::call(Object(Illuminate\\Foundation\\Application), Array, Array, NULL)\n#39 C:\\Repositorio\\Sites\\hub\\vendor\\livewire\\livewire\\src\\Mechanisms\\HandleRouting\\LivewirePageController.php(15): Illuminate\\Container\\Container->call(Array)\n#40 C:\\Repositorio\\Sites\\hub\\vendor\\laravel\\framework\\src\\Illuminate\\Routing\\ControllerDispatcher.php(46): Livewire\\Mechanisms\\HandleRouting\\LivewirePageController->__invoke()\n#41 C:\\Repositorio\\Sites\\hub\\vendor\\laravel\\framework\\src\\Illuminate\\Routing\\Route.php(275): Illuminate\\Routing\\ControllerDispatcher->dispatch(Object(Illuminate\\Routing\\Route), Object(Livewire\\Mechanisms\\HandleRouting\\LivewirePageController), '__invoke')\n#42 C:\\Repositorio\\Sites\\hub\\vendor\\laravel\\framework\\src\\Illuminate\\Routing\\Route.php(215): Illuminate\\Routing\\Route->runController()\n#43 C:\\Repositorio\\Sites\\hub\\vendor\\laravel\\framework\\src\\Illuminate\\Routing\\Router.php(822): Illuminate\\Routing\\Route->run()\n#44 C:\\Repositorio\\Sites\\hub\\vendor\\laravel\\framework\\src\\Illuminate\\Pipeline\\Pipeline.php(180): Illuminate\\Routing\\Router->{closure:Illuminate\\Routing\\Router::runRouteWithinStack():821}(Object(Illuminate\\Http\\Request))\n#45 C:\\Repositorio\\Sites\\hub\\app\\Http\\Middleware\\CheckPermission.php(24): Illuminate\\Pipeline\\Pipeline->{closure:Illuminate\\Pipeline\\Pipeline::prepareDestination():178}(Object(Illuminate\\Http\\Request))\n#46 C:\\Repositorio\\Sites\\hub\\vendor\\laravel\\framework\\src\\Illuminate\\Pipeline\\Pipeline.php(219): App\\Http\\Middleware\\CheckPermission->handle(Object(Illuminate\\Http\\Request), Object(Closure), 'view-permission..')\n#47 C:\\Repositorio\\Sites\\hub\\vendor\\laravel\\framework\\src\\Illuminate\\Auth\\Middleware\\EnsureEmailIsVerified.php(41): Illuminate\\Pipeline\\Pipeline->{closure:{closure:Illuminate\\Pipeline\\Pipeline::carry():194}:195}(Object(Illuminate\\Http\\Request))\n#48 C:\\Repositorio\\Sites\\hub\\vendor\\laravel\\framework\\src\\Illuminate\\Pipeline\\Pipeline.php(219): Illuminate\\Auth\\Middleware\\EnsureEmailIsVerified->handle(Object(Illuminate\\Http\\Request), Object(Closure))\n#49 C:\\Repositorio\\Sites\\hub\\app\\Http\\Middleware\\SetTeamUrlDefaults.php(26): Illuminate\\Pipeline\\Pipeline->{closure:{closure:Illuminate\\Pipeline\\Pipeline::carry():194}:195}(Object(Illuminate\\Http\\Request))\n#50 C:\\Repositorio\\Sites\\hub\\vendor\\laravel\\framework\\src\\Illuminate\\Pipeline\\Pipeline.php(219): App\\Http\\Middleware\\SetTeamUrlDefaults->handle(Object(Illuminate\\Http\\Request), Object(Closure))\n#51 C:\\Repositorio\\Sites\\hub\\vendor\\laravel\\framework\\src\\Illuminate\\Routing\\Middleware\\SubstituteBindings.php(52): Illuminate\\Pipeline\\Pipeline->{closure:{closure:Illuminate\\Pipeline\\Pipeline::carry():194}:195}(Object(Illuminate\\Http\\Request))\n#52 C:\\Repositorio\\Sites\\hub\\vendor\\laravel\\framework\\src\\Illuminate\\Pipeline\\Pipeline.php(219): Illuminate\\Routing\\Middleware\\SubstituteBindings->handle(Object(Illuminate\\Http\\Request), Object(Closure))\n#53 C:\\Repositorio\\Sites\\hub\\vendor\\laravel\\framework\\src\\Illuminate\\Auth\\Middleware\\Authenticate.php(63): Illuminate\\Pipeline\\Pipeline->{closure:{closure:Illuminate\\Pipeline\\Pipeline::carry():194}:195}(Object(Illuminate\\Http\\Request))\n#54 C:\\Repositorio\\Sites\\hub\\vendor\\laravel\\framework\\src\\Illuminate\\Pipeline\\Pipeline.php(219): Illuminate\\Auth\\Middleware\\Authenticate->handle(Object(Illuminate\\Http\\Request), Object(Closure))\n#55 C:\\Repositorio\\Sites\\hub\\vendor\\laravel\\framework\\src\\Illuminate\\Foundation\\Http\\Middleware\\PreventRequestForgery.php(104): Illuminate\\Pipeline\\Pipeline->{closure:{closure:Illuminate\\Pipeline\\Pipeline::carry():194}:195}(Object(Illuminate\\Http\\Request))\n#56 C:\\Repositorio\\Sites\\hub\\vendor\\laravel\\framework\\src\\Illuminate\\Pipeline\\Pipeline.php(219): Illuminate\\Foundation\\Http\\Middleware\\PreventRequestForgery->handle(Object(Illuminate\\Http\\Request), Object(Closure))\n#57 C:\\Repositorio\\Sites\\hub\\vendor\\laravel\\framework\\src\\Illuminate\\View\\Middleware\\ShareErrorsFromSession.php(48): Illuminate\\Pipeline\\Pipeline->{closure:{closure:Illuminate\\Pipeline\\Pipeline::carry():194}:195}(Object(Illuminate\\Http\\Request))\n#58 C:\\Repositorio\\Sites\\hub\\vendor\\laravel\\framework\\src\\Illuminate\\Pipeline\\Pipeline.php(219): Illuminate\\View\\Middleware\\ShareErrorsFromSession->handle(Object(Illuminate\\Http\\Request), Object(Closure))\n#59 C:\\Repositorio\\Sites\\hub\\vendor\\laravel\\framework\\src\\Illuminate\\Session\\Middleware\\StartSession.php(120): Illuminate\\Pipeline\\Pipeline->{closure:{closure:Illuminate\\Pipeline\\Pipeline::carry():194}:195}(Object(Illuminate\\Http\\Request))\n#60 C:\\Repositorio\\Sites\\hub\\vendor\\laravel\\framework\\src\\Illuminate\\Session\\Middleware\\StartSession.php(63): Illuminate\\Session\\Middleware\\StartSession->handleStatefulRequest(Object(Illuminate\\Http\\Request), Object(Illuminate\\Session\\Store), Object(Closure))\n#61 C:\\Repositorio\\Sites\\hub\\vendor\\laravel\\framework\\src\\Illuminate\\Pipeline\\Pipeline.php(219): Illuminate\\Session\\Middleware\\StartSession->handle(Object(Illuminate\\Http\\Request), Object(Closure))\n#62 C:\\Repositorio\\Sites\\hub\\vendor\\laravel\\framework\\src\\Illuminate\\Cookie\\Middleware\\AddQueuedCookiesToResponse.php(36): Illuminate\\Pipeline\\Pipeline->{closure:{closure:Illuminate\\Pipeline\\Pipeline::carry():194}:195}(Object(Illuminate\\Http\\Request))\n#63 C:\\Repositorio\\Sites\\hub\\vendor\\laravel\\framework\\src\\Illuminate\\Pipeline\\Pipeline.php(219): Illuminate\\Cookie\\Middleware\\AddQueuedCookiesToResponse->handle(Object(Illuminate\\Http\\Request), Object(Closure))\n#64 C:\\Repositorio\\Sites\\hub\\vendor\\laravel\\framework\\src\\Illuminate\\Cookie\\Middleware\\EncryptCookies.php(74): Illuminate\\Pipeline\\Pipeline->{closure:{closure:Illuminate\\Pipeline\\Pipeline::carry():194}:195}(Object(Illuminate\\Http\\Request))\n#65 C:\\Repositorio\\Sites\\hub\\vendor\\laravel\\framework\\src\\Illuminate\\Pipeline\\Pipeline.php(219): Illuminate\\Cookie\\Middleware\\EncryptCookies->handle(Object(Illuminate\\Http\\Request), Object(Closure))\n#66 C:\\Repositorio\\Sites\\hub\\vendor\\laravel\\framework\\src\\Illuminate\\Pipeline\\Pipeline.php(137): Illuminate\\Pipeline\\Pipeline->{closure:{closure:Illuminate\\Pipeline\\Pipeline::carry():194}:195}(Object(Illuminate\\Http\\Request))\n#67 C:\\Repositorio\\Sites\\hub\\vendor\\laravel\\framework\\src\\Illuminate\\Routing\\Router.php(821): Illuminate\\Pipeline\\Pipeline->then(Object(Closure))\n#68 C:\\Repositorio\\Sites\\hub\\vendor\\laravel\\framework\\src\\Illuminate\\Routing\\Router.php(800): Illuminate\\Routing\\Router->runRouteWithinStack(Object(Illuminate\\Routing\\Route), Object(Illuminate\\Http\\Request))\n#69 C:\\Repositorio\\Sites\\hub\\vendor\\laravel\\framework\\src\\Illuminate\\Routing\\Router.php(764): Illuminate\\Routing\\Router->runRoute(Object(Illuminate\\Http\\Request), Object(Illuminate\\Routing\\Route))\n#70 C:\\Repositorio\\Sites\\hub\\vendor\\laravel\\framework\\src\\Illuminate\\Routing\\Router.php(753): Illuminate\\Routing\\Router->dispatchToRoute(Object(Illuminate\\Http\\Request))\n#71 C:\\Repositorio\\Sites\\hub\\vendor\\laravel\\framework\\src\\Illuminate\\Foundation\\Http\\Kernel.php(200): Illuminate\\Routing\\Router->dispatch(Object(Illuminate\\Http\\Request))\n#72 C:\\Repositorio\\Sites\\hub\\vendor\\laravel\\framework\\src\\Illuminate\\Pipeline\\Pipeline.php(180): Illuminate\\Foundation\\Http\\Kernel->{closure:Illuminate\\Foundation\\Http\\Kernel::dispatchToRouter():197}(Object(Illuminate\\Http\\Request))\n#73 C:\\Repositorio\\Sites\\hub\\vendor\\livewire\\livewire\\src\\Features\\SupportDisablingBackButtonCache\\DisableBackButtonCacheMiddleware.php(19): Illuminate\\Pipeline\\Pipeline->{closure:Illuminate\\Pipeline\\Pipeline::prepareDestination():178}(Object(Illuminate\\Http\\Request))\n#74 C:\\Repositorio\\Sites\\hub\\vendor\\laravel\\framework\\src\\Illuminate\\Pipeline\\Pipeline.php(219): Livewire\\Features\\SupportDisablingBackButtonCache\\DisableBackButtonCacheMiddleware->handle(Object(Illuminate\\Http\\Request), Object(Closure))\n#75 C:\\Repositorio\\Sites\\hub\\vendor\\laravel\\framework\\src\\Illuminate\\Foundation\\Http\\Middleware\\TransformsRequest.php(21): Illuminate\\Pipeline\\Pipeline->{closure:{closure:Illuminate\\Pipeline\\Pipeline::carry():194}:195}(Object(Illuminate\\Http\\Request))\n#76 C:\\Repositorio\\Sites\\hub\\vendor\\laravel\\framework\\src\\Illuminate\\Foundation\\Http\\Middleware\\ConvertEmptyStringsToNull.php(31): Illuminate\\Foundation\\Http\\Middleware\\TransformsRequest->handle(Object(Illuminate\\Http\\Request), Object(Closure))\n#77 C:\\Repositorio\\Sites\\hub\\vendor\\laravel\\framework\\src\\Illuminate\\Pipeline\\Pipeline.php(219): Illuminate\\Foundation\\Http\\Middleware\\ConvertEmptyStringsToNull->handle(Object(Illuminate\\Http\\Request), Object(Closure))\n#78 C:\\Repositorio\\Sites\\hub\\vendor\\laravel\\framework\\src\\Illuminate\\Foundation\\Http\\Middleware\\TransformsRequest.php(21): Illuminate\\Pipeline\\Pipeline->{closure:{closure:Illuminate\\Pipeline\\Pipeline::carry():194}:195}(Object(Illuminate\\Http\\Request))\n#79 C:\\Repositorio\\Sites\\hub\\vendor\\laravel\\framework\\src\\Illuminate\\Foundation\\Http\\Middleware\\TrimStrings.php(51): Illuminate\\Foundation\\Http\\Middleware\\TransformsRequest->handle(Object(Illuminate\\Http\\Request), Object(Closure))\n#80 C:\\Repositorio\\Sites\\hub\\vendor\\laravel\\framework\\src\\Illuminate\\Pipeline\\Pipeline.php(219): Illuminate\\Foundation\\Http\\Middleware\\TrimStrings->handle(Object(Illuminate\\Http\\Request), Object(Closure))\n#81 C:\\Repositorio\\Sites\\hub\\vendor\\laravel\\framework\\src\\Illuminate\\Http\\Middleware\\ValidatePostSize.php(27): Illuminate\\Pipeline\\Pipeline->{closure:{closure:Illuminate\\Pipeline\\Pipeline::carry():194}:195}(Object(Illuminate\\Http\\Request))\n#82 C:\\Repositorio\\Sites\\hub\\vendor\\laravel\\framework\\src\\Illuminate\\Pipeline\\Pipeline.php(219): Illuminate\\Http\\Middleware\\ValidatePostSize->handle(Object(Illuminate\\Http\\Request), Object(Closure))\n#83 C:\\Repositorio\\Sites\\hub\\vendor\\laravel\\framework\\src\\Illuminate\\Foundation\\Http\\Middleware\\PreventRequestsDuringMaintenance.php(109): Illuminate\\Pipeline\\Pipeline->{closure:{closure:Illuminate\\Pipeline\\Pipeline::carry():194}:195}(Object(Illuminate\\Http\\Request))\n#84 C:\\Repositorio\\Sites\\hub\\vendor\\laravel\\framework\\src\\Illuminate\\Pipeline\\Pipeline.php(219): Illuminate\\Foundation\\Http\\Middleware\\PreventRequestsDuringMaintenance->handle(Object(Illuminate\\Http\\Request), Object(Closure))\n#85 C:\\Repositorio\\Sites\\hub\\vendor\\laravel\\framework\\src\\Illuminate\\Http\\Middleware\\HandleCors.php(61): Illuminate\\Pipeline\\Pipeline->{closure:{closure:Illuminate\\Pipeline\\Pipeline::carry():194}:195}(Object(Illuminate\\Http\\Request))\n#86 C:\\Repositorio\\Sites\\hub\\vendor\\laravel\\framework\\src\\Illuminate\\Pipeline\\Pipeline.php(219): Illuminate\\Http\\Middleware\\HandleCors->handle(Object(Illuminate\\Http\\Request), Object(Closure))\n#87 C:\\Repositorio\\Sites\\hub\\vendor\\laravel\\framework\\src\\Illuminate\\Http\\Middleware\\TrustProxies.php(58): Illuminate\\Pipeline\\Pipeline->{closure:{closure:Illuminate\\Pipeline\\Pipeline::carry():194}:195}(Object(Illuminate\\Http\\Request))\n#88 C:\\Repositorio\\Sites\\hub\\vendor\\laravel\\framework\\src\\Illuminate\\Pipeline\\Pipeline.php(219): Illuminate\\Http\\Middleware\\TrustProxies->handle(Object(Illuminate\\Http\\Request), Object(Closure))\n#89 C:\\Repositorio\\Sites\\hub\\vendor\\laravel\\framework\\src\\Illuminate\\Foundation\\Http\\Middleware\\InvokeDeferredCallbacks.php(22): Illuminate\\Pipeline\\Pipeline->{closure:{closure:Illuminate\\Pipeline\\Pipeline::carry():194}:195}(Object(Illuminate\\Http\\Request))\n#90 C:\\Repositorio\\Sites\\hub\\vendor\\laravel\\framework\\src\\Illuminate\\Pipeline\\Pipeline.php(219): Illuminate\\Foundation\\Http\\Middleware\\InvokeDeferredCallbacks->handle(Object(Illuminate\\Http\\Request), Object(Closure))\n#91 C:\\Repositorio\\Sites\\hub\\vendor\\laravel\\framework\\src\\Illuminate\\Http\\Middleware\\ValidatePathEncoding.php(28): Illuminate\\Pipeline\\Pipeline->{closure:{closure:Illuminate\\Pipeline\\Pipeline::carry():194}:195}(Object(Illuminate\\Http\\Request))\n#92 C:\\Repositorio\\Sites\\hub\\vendor\\laravel\\framework\\src\\Illuminate\\Pipeline\\Pipeline.php(219): Illuminate\\Http\\Middleware\\ValidatePathEncoding->handle(Object(Illuminate\\Http\\Request), Object(Closure))\n#93 C:\\Repositorio\\Sites\\hub\\vendor\\laravel\\framework\\src\\Illuminate\\Pipeline\\Pipeline.php(137): Illuminate\\Pipeline\\Pipeline->{closure:{closure:Illuminate\\Pipeline\\Pipeline::carry():194}:195}(Object(Illuminate\\Http\\Request))\n#94 C:\\Repositorio\\Sites\\hub\\vendor\\laravel\\framework\\src\\Illuminate\\Foundation\\Http\\Kernel.php(175): Illuminate\\Pipeline\\Pipeline->then(Object(Closure))\n#95 C:\\Repositorio\\Sites\\hub\\vendor\\laravel\\framework\\src\\Illuminate\\Foundation\\Http\\Kernel.php(144): Illuminate\\Foundation\\Http\\Kernel->sendRequestThroughRouter(Object(Illuminate\\Http\\Request))\n#96 C:\\Repositorio\\Sites\\hub\\vendor\\laravel\\framework\\src\\Illuminate\\Foundation\\Testing\\Concerns\\MakesHttpRequests.php(607): Illuminate\\Foundation\\Http\\Kernel->handle(Object(Illuminate\\Http\\Request))\n#97 C:\\Repositorio\\Sites\\hub\\vendor\\laravel\\framework\\src\\Illuminate\\Foundation\\Testing\\Concerns\\MakesHttpRequests.php(368): Illuminate\\Foundation\\Testing\\TestCase->call('GET', 'http://hub.test..', Array, Array, Array, Array)\n#98 C:\\Repositorio\\Sites\\hub\\tests\\Feature\\Settings\\AuthorizationTest.php(167): Illuminate\\Foundation\\Testing\\TestCase->get('http://hub.test..')\n#99 C:\\Repositorio\\Sites\\hub\\vendor\\pestphp\\pest\\src\\Factories\\TestCaseMethodFactory.php(177): P\\Tests\\Feature\\Settings\\AuthorizationTest->{closure:C:\\Repositorio\\Sites\\hub\\tests\\Feature\\Settings\\AuthorizationTest.php:163}()\n#100 [internal function]: P\\Tests\\Feature\\Settings\\AuthorizationTest->{closure:Pest\\Factories\\TestCaseMethodFactory::getClosure():167}()\n#101 C:\\Repositorio\\Sites\\hub\\vendor\\pestphp\\pest\\src\\Concerns\\Testable.php(581): call_user_func_array(Object(Closure), Array)\n#102 C:\\Repositorio\\Sites\\hub\\vendor\\pestphp\\pest\\src\\Support\\ExceptionTrace.php(26): P\\Tests\\Feature\\Settings\\AuthorizationTest->{closure:Pest\\Concerns\\Testable::__callClosure():581}()\n#103 C:\\Repositorio\\Sites\\hub\\vendor\\pestphp\\pest\\src\\Concerns\\Testable.php(581): Pest\\Support\\ExceptionTrace::ensure(Object(Closure))\n#104 C:\\Repositorio\\Sites\\hub\\vendor\\pestphp\\pest\\src\\Concerns\\Testable.php(403): P\\Tests\\Feature\\Settings\\AuthorizationTest->__callClosure(Object(Closure), Array)\n#105 C:\\Repositorio\\Sites\\hub\\vendor\\pestphp\\pest\\src\\Factories\\TestCaseFactory.php(175) : eval()'d code(98): P\\Tests\\Feature\\Settings\\AuthorizationTest->__runTest(Object(Closure))\n#106 C:\\Repositorio\\Sites\\hub\\vendor\\phpunit\\phpunit\\src\\Framework\\TestCase.php(1318): P\\Tests\\Feature\\Settings\\AuthorizationTest->__pest_evaluable_super__admin__can__view__permissions__index()\n#107 C:\\Repositorio\\Sites\\hub\\vendor\\phpunit\\phpunit\\src\\Framework\\TestCase.php(1355): PHPUnit\\Framework\\TestCase->invokeTestMethod('__pest_evaluabl..', Array)\n#108 C:\\Repositorio\\Sites\\hub\\vendor\\phpunit\\phpunit\\src\\Framework\\TestCase.php(521): PHPUnit\\Framework\\TestCase->runTest()\n#109 C:\\Repositorio\\Sites\\hub\\vendor\\phpunit\\phpunit\\src\\Framework\\TestRunner\\TestRunner.php(99): PHPUnit\\Framework\\TestCase->runBare()\n#110 C:\\Repositorio\\Sites\\hub\\vendor\\phpunit\\phpunit\\src\\Framework\\TestCase.php(361): PHPUnit\\Framework\\TestRunner->run(Object(P\\Tests\\Feature\\Settings\\AuthorizationTest))\n#111 C:\\Repositorio\\Sites\\hub\\vendor\\phpunit\\phpunit\\src\\Framework\\TestSuite.php(374): PHPUnit\\Framework\\TestCase->run()\n#112 C:\\Repositorio\\Sites\\hub\\vendor\\phpunit\\phpunit\\src\\Framework\\TestSuite.php(374): PHPUnit\\Framework\\TestSuite->run()\n#113 C:\\Repositorio\\Sites\\hub\\vendor\\phpunit\\phpunit\\src\\Framework\\TestSuite.php(374): PHPUnit\\Framework\\TestSuite->run()\n#114 C:\\Repositorio\\Sites\\hub\\vendor\\phpunit\\phpunit\\src\\TextUI\\TestRunner.php(64): PHPUnit\\Framework\\TestSuite->run()\n#115 C:\\Repositorio\\Sites\\hub\\vendor\\phpunit\\phpunit\\src\\TextUI\\Application.php(229): PHPUnit\\TextUI\\TestRunner->run(Object(PHPUnit\\TextUI\\Configuration\\Configuration), Object(PHPUnit\\Runner\\ResultCache\\DefaultResultCache), Object(PHPUnit\\Framework\\TestSuite))\n#116 C:\\Repositorio\\Sites\\hub\\vendor\\pestphp\\pest\\src\\Kernel.php(117): PHPUnit\\TextUI\\Application->run(Array)\n#117 C:\\Repositorio\\Sites\\hub\\vendor\\pestphp\\pest\\bin\\pest(207): Pest\\Kernel->handle(Array, Array)\n#118 C:\\Repositorio\\Sites\\hub\\vendor\\pestphp\\pest\\bin\\pest(215): {closure:C:\\Repositorio\\Sites\\hub\\vendor\\pestphp\\pest\\bin\\pest:21}()\n#119 {main}\n\nNext Illuminate\\View\\ViewException: Flux component [icon.history] does not exist. (View: C:\\Repositorio\\Sites\\hub\\resources\\views\\layouts\\app\\sidebar.blade.php) (View: C:\\Repositorio\\Sites\\hub\\resources\\views\\layouts\\app\\sidebar.blade.php) in C:\\Repositorio\\Sites\\hub\\storage\\framework\\views\\4c20301f673ff9e4b9fb45b1e464ba49.php:41\nStack trace:\n#0 C:\\Repositorio\\Sites\\hub\\vendor\\livewire\\livewire\\src\\Mechanisms\\ExtendBlade\\ExtendedCompilerEngine.php(58): Illuminate\\View\\Engines\\CompilerEngine->handleViewException(Object(Illuminate\\View\\ViewException), 2)\n#1 C:\\Repositorio\\Sites\\hub\\vendor\\laravel\\framework\\src\\Illuminate\\View\\Engines\\PhpEngine.php(59): Livewire\\Mechanisms\\ExtendBlade\\ExtendedCompilerEngine->handleViewException(Object(Illuminate\\View\\ViewException), 2)\n#2 C:\\Repositorio\\Sites\\hub\\vendor\\livewire\\livewire\\src\\Mechanisms\\ExtendBlade\\ExtendedCompilerEngine.php(22): Illuminate\\View\\Engines\\PhpEngine->evaluatePath('C:\\\\Repositorio\\\\..', Array)\n#3 C:\\Repositorio\\Sites\\hub\\vendor\\laravel\\framework\\src\\Illuminate\\View\\Engines\\CompilerEngine.php(76): Livewire\\Mechanisms\\ExtendBlade\\ExtendedCompilerEngine->evaluatePath('C:\\\\Repositorio\\\\..', Array)\n#4 C:\\Repositorio\\Sites\\hub\\vendor\\livewire\\livewire\\src\\Mechanisms\\ExtendBlade\\ExtendedCompilerEngine.php(10): Illuminate\\View\\Engines\\CompilerEngine->get('C:\\\\Repositorio\\\\..', Array)\n#5 C:\\Repositorio\\Sites\\hub\\vendor\\laravel\\framework\\src\\Illuminate\\View\\View.php(208): Livewire\\Mechanisms\\ExtendBlade\\ExtendedCompilerEngine->get('C:\\\\Repositorio\\\\..', Array)\n#6 C:\\Repositorio\\Sites\\hub\\vendor\\laravel\\framework\\src\\Illuminate\\View\\View.php(191): Illuminate\\View\\View->getContents()\n#7 C:\\Repositorio\\Sites\\hub\\vendor\\laravel\\framework\\src\\Illuminate\\View\\View.php(160): Illuminate\\View\\View->renderContents()\n#8 C:\\Repositorio\\Sites\\hub\\vendor\\laravel\\framework\\src\\Illuminate\\View\\Concerns\\ManagesComponents.php(103): Illuminate\\View\\View->render()\n#9 C:\\Repositorio\\Sites\\hub\\storage\\framework\\views\\2506d848c8eba2890692aceacdabb9db.php(17): Illuminate\\View\\Factory->renderComponent()\n#10 C:\\Repositorio\\Sites\\hub\\vendor\\laravel\\framework\\src\\Illuminate\\Filesystem\\Filesystem.php(123): require('C:\\\\Repositorio\\\\..')\n#11 C:\\Repositorio\\Sites\\hub\\vendor\\laravel\\framework\\src\\Illuminate\\Filesystem\\Filesystem.php(124): Illuminate\\Filesystem\\Filesystem::{closure:Illuminate\\Filesystem\\Filesystem::getRequire():120}()\n#12 C:\\Repositorio\\Sites\\hub\\vendor\\laravel\\framework\\src\\Illuminate\\View\\Engines\\PhpEngine.php(57): Illuminate\\Filesystem\\Filesystem->getRequire('C:\\\\Repositorio\\\\..', Array)\n#13 C:\\Repositorio\\Sites\\hub\\vendor\\livewire\\livewire\\src\\Mechanisms\\ExtendBlade\\ExtendedCompilerEngine.php(22): Illuminate\\View\\Engines\\PhpEngine->evaluatePath('C:\\\\Repositorio\\\\..', Array)\n#14 C:\\Repositorio\\Sites\\hub\\vendor\\laravel\\framework\\src\\Illuminate\\View\\Engines\\CompilerEngine.php(76): Livewire\\Mechanisms\\ExtendBlade\\ExtendedCompilerEngine->evaluatePath('C:\\\\Repositorio\\\\..', Array)\n#15 C:\\Repositorio\\Sites\\hub\\vendor\\livewire\\livewire\\src\\Mechanisms\\ExtendBlade\\ExtendedCompilerEngine.php(10): Illuminate\\View\\Engines\\CompilerEngine->get('C:\\\\Repositorio\\\\..', Array)\n#16 C:\\Repositorio\\Sites\\hub\\vendor\\laravel\\framework\\src\\Illuminate\\View\\View.php(208): Livewire\\Mechanisms\\ExtendBlade\\ExtendedCompilerEngine->get('C:\\\\Repositorio\\\\..', Array)\n#17 C:\\Repositorio\\Sites\\hub\\vendor\\laravel\\framework\\src\\Illuminate\\View\\View.php(191): Illuminate\\View\\View->getContents()\n#18 C:\\Repositorio\\Sites\\hub\\vendor\\laravel\\framework\\src\\Illuminate\\View\\View.php(160): Illuminate\\View\\View->renderContents()\n#19 C:\\Repositorio\\Sites\\hub\\vendor\\laravel\\framework\\src\\Illuminate\\View\\Compilers\\BladeCompiler.php(361): Illuminate\\View\\View->render()\n#20 C:\\Repositorio\\Sites\\hub\\vendor\\laravel\\framework\\src\\Illuminate\\Support\\Facades\\Facade.php(363): Illuminate\\View\\Compilers\\BladeCompiler::render(' <?php $layo..', Array)\n#21 C:\\Repositorio\\Sites\\hub\\vendor\\livewire\\livewire\\src\\Features\\SupportPageComponents\\SupportPageComponents.php(162): Illuminate\\Support\\Facades\\Facade::__callStatic('render', Array)\n#22 C:\\Repositorio\\Sites\\hub\\vendor\\livewire\\livewire\\src\\Features\\SupportPageComponents\\HandlesPageComponents.php(26): Livewire\\Features\\SupportPageComponents\\SupportPageComponents::renderContentsIntoLayout('<section wire:s..', Object(Livewire\\Features\\SupportPageComponents\\PageComponentConfig))\n#23 C:\\Repositorio\\Sites\\hub\\vendor\\laravel\\framework\\src\\Illuminate\\Container\\BoundMethod.php(36): Livewire\\Component->__invoke()\n#24 C:\\Repositorio\\Sites\\hub\\vendor\\laravel\\framework\\src\\Illuminate\\Container\\Util.php(43): Illuminate\\Container\\BoundMethod::{closure:Illuminate\\Container\\BoundMethod::call():35}()\n#25 C:\\Repositorio\\Sites\\hub\\vendor\\laravel\\framework\\src\\Illuminate\\Container\\BoundMethod.php(96): Illuminate\\Container\\Util::unwrapIfClosure(Object(Closure))\n#26 C:\\Repositorio\\Sites\\hub\\vendor\\laravel\\framework\\src\\Illuminate\\Container\\BoundMethod.php(35): Illuminate\\Container\\BoundMethod::callBoundMethod(Object(Illuminate\\Foundation\\Application), Array, Object(Closure))\n#27 C:\\Repositorio\\Sites\\hub\\vendor\\laravel\\framework\\src\\Illuminate\\Container\\Container.php(799): Illuminate\\Container\\BoundMethod::call(Object(Illuminate\\Foundation\\Application), Array, Array, NULL)\n#28 C:\\Repositorio\\Sites\\hub\\vendor\\livewire\\livewire\\src\\Mechanisms\\HandleRouting\\LivewirePageController.php(15): Illuminate\\Container\\Container->call(Array)\n#29 C:\\Repositorio\\Sites\\hub\\vendor\\laravel\\framework\\src\\Illuminate\\Routing\\ControllerDispatcher.php(46): Livewire\\Mechanisms\\HandleRouting\\LivewirePageController->__invoke()\n#30 C:\\Repositorio\\Sites\\hub\\vendor\\laravel\\framework\\src\\Illuminate\\Routing\\Route.php(275): Illuminate\\Routing\\ControllerDispatcher->dispatch(Object(Illuminate\\Routing\\Route), Object(Livewire\\Mechanisms\\HandleRouting\\LivewirePageController), '__invoke')\n#31 C:\\Repositorio\\Sites\\hub\\vendor\\laravel\\framework\\src\\Illuminate\\Routing\\Route.php(215): Illuminate\\Routing\\Route->runController()\n#32 C:\\Repositorio\\Sites\\hub\\vendor\\laravel\\framework\\src\\Illuminate\\Routing\\Router.php(822): Illuminate\\Routing\\Route->run()\n#33 C:\\Repositorio\\Sites\\hub\\vendor\\laravel\\framework\\src\\Illuminate\\Pipeline\\Pipeline.php(180): Illuminate\\Routing\\Router->{closure:Illuminate\\Routing\\Router::runRouteWithinStack():821}(Object(Illuminate\\Http\\Request))\n#34 C:\\Repositorio\\Sites\\hub\\app\\Http\\Middleware\\CheckPermission.php(24): Illuminate\\Pipeline\\Pipeline->{closure:Illuminate\\Pipeline\\Pipeline::prepareDestination():178}(Object(Illuminate\\Http\\Request))\n#35 C:\\Repositorio\\Sites\\hub\\vendor\\laravel\\framework\\src\\Illuminate\\Pipeline\\Pipeline.php(219): App\\Http\\Middleware\\CheckPermission->handle(Object(Illuminate\\Http\\Request), Object(Closure), 'view-permission..')\n#36 C:\\Repositorio\\Sites\\hub\\vendor\\laravel\\framework\\src\\Illuminate\\Auth\\Middleware\\EnsureEmailIsVerified.php(41): Illuminate\\Pipeline\\Pipeline->{closure:{closure:Illuminate\\Pipeline\\Pipeline::carry():194}:195}(Object(Illuminate\\Http\\Request))\n#37 C:\\Repositorio\\Sites\\hub\\vendor\\laravel\\framework\\src\\Illuminate\\Pipeline\\Pipeline.php(219): Illuminate\\Auth\\Middleware\\EnsureEmailIsVerified->handle(Object(Illuminate\\Http\\Request), Object(Closure))\n#38 C:\\Repositorio\\Sites\\hub\\app\\Http\\Middleware\\SetTeamUrlDefaults.php(26): Illuminate\\Pipeline\\Pipeline->{closure:{closure:Illuminate\\Pipeline\\Pipeline::carry():194}:195}(Object(Illuminate\\Http\\Request))\n#39 C:\\Repositorio\\Sites\\hub\\vendor\\laravel\\framework\\src\\Illuminate\\Pipeline\\Pipeline.php(219): App\\Http\\Middleware\\SetTeamUrlDefaults->handle(Object(Illuminate\\Http\\Request), Object(Closure))\n#40 C:\\Repositorio\\Sites\\hub\\vendor\\laravel\\framework\\src\\Illuminate\\Routing\\Middleware\\SubstituteBindings.php(52): Illuminate\\Pipeline\\Pipeline->{closure:{closure:Illuminate\\Pipeline\\Pipeline::carry():194}:195}(Object(Illuminate\\Http\\Request))\n#41 C:\\Repositorio\\Sites\\hub\\vendor\\laravel\\framework\\src\\Illuminate\\Pipeline\\Pipeline.php(219): Illuminate\\Routing\\Middleware\\SubstituteBindings->handle(Object(Illuminate\\Http\\Request), Object(Closure))\n#42 C:\\Repositorio\\Sites\\hub\\vendor\\laravel\\framework\\src\\Illuminate\\Auth\\Middleware\\Authenticate.php(63): Illuminate\\Pipeline\\Pipeline->{closure:{closure:Illuminate\\Pipeline\\Pipeline::carry():194}:195}(Object(Illuminate\\Http\\Request))\n#43 C:\\Repositorio\\Sites\\hub\\vendor\\laravel\\framework\\src\\Illuminate\\Pipeline\\Pipeline.php(219): Illuminate\\Auth\\Middleware\\Authenticate->handle(Object(Illuminate\\Http\\Request), Object(Closure))\n#44 C:\\Repositorio\\Sites\\hub\\vendor\\laravel\\framework\\src\\Illuminate\\Foundation\\Http\\Middleware\\PreventRequestForgery.php(104): Illuminate\\Pipeline\\Pipeline->{closure:{closure:Illuminate\\Pipeline\\Pipeline::carry():194}:195}(Object(Illuminate\\Http\\Request))\n#45 C:\\Repositorio\\Sites\\hub\\vendor\\laravel\\framework\\src\\Illuminate\\Pipeline\\Pipeline.php(219): Illuminate\\Foundation\\Http\\Middleware\\PreventRequestForgery->handle(Object(Illuminate\\Http\\Request), Object(Closure))\n#46 C:\\Repositorio\\Sites\\hub\\vendor\\laravel\\framework\\src\\Illuminate\\View\\Middleware\\ShareErrorsFromSession.php(48): Illuminate\\Pipeline\\Pipeline->{closure:{closure:Illuminate\\Pipeline\\Pipeline::carry():194}:195}(Object(Illuminate\\Http\\Request))\n#47 C:\\Repositorio\\Sites\\hub\\vendor\\laravel\\framework\\src\\Illuminate\\Pipeline\\Pipeline.php(219): Illuminate\\View\\Middleware\\ShareErrorsFromSession->handle(Object(Illuminate\\Http\\Request), Object(Closure))\n#48 C:\\Repositorio\\Sites\\hub\\vendor\\laravel\\framework\\src\\Illuminate\\Session\\Middleware\\StartSession.php(120): Illuminate\\Pipeline\\Pipeline->{closure:{closure:Illuminate\\Pipeline\\Pipeline::carry():194}:195}(Object(Illuminate\\Http\\Request))\n#49 C:\\Repositorio\\Sites\\hub\\vendor\\laravel\\framework\\src\\Illuminate\\Session\\Middleware\\StartSession.php(63): Illuminate\\Session\\Middleware\\StartSession->handleStatefulRequest(Object(Illuminate\\Http\\Request), Object(Illuminate\\Session\\Store), Object(Closure))\n#50 C:\\Repositorio\\Sites\\hub\\vendor\\laravel\\framework\\src\\Illuminate\\Pipeline\\Pipeline.php(219): Illuminate\\Session\\Middleware\\StartSession->handle(Object(Illuminate\\Http\\Request), Object(Closure))\n#51 C:\\Repositorio\\Sites\\hub\\vendor\\laravel\\framework\\src\\Illuminate\\Cookie\\Middleware\\AddQueuedCookiesToResponse.php(36): Illuminate\\Pipeline\\Pipeline->{closure:{closure:Illuminate\\Pipeline\\Pipeline::carry():194}:195}(Object(Illuminate\\Http\\Request))\n#52 C:\\Repositorio\\Sites\\hub\\vendor\\laravel\\framework\\src\\Illuminate\\Pipeline\\Pipeline.php(219): Illuminate\\Cookie\\Middleware\\AddQueuedCookiesToResponse->handle(Object(Illuminate\\Http\\Request), Object(Closure))\n#53 C:\\Repositorio\\Sites\\hub\\vendor\\laravel\\framework\\src\\Illuminate\\Cookie\\Middleware\\EncryptCookies.php(74): Illuminate\\Pipeline\\Pipeline->{closure:{closure:Illuminate\\Pipeline\\Pipeline::carry():194}:195}(Object(Illuminate\\Http\\Request))\n#54 C:\\Repositorio\\Sites\\hub\\vendor\\laravel\\framework\\src\\Illuminate\\Pipeline\\Pipeline.php(219): Illuminate\\Cookie\\Middleware\\EncryptCookies->handle(Object(Illuminate\\Http\\Request), Object(Closure))\n#55 C:\\Repositorio\\Sites\\hub\\vendor\\laravel\\framework\\src\\Illuminate\\Pipeline\\Pipeline.php(137): Illuminate\\Pipeline\\Pipeline->{closure:{closure:Illuminate\\Pipeline\\Pipeline::carry():194}:195}(Object(Illuminate\\Http\\Request))\n#56 C:\\Repositorio\\Sites\\hub\\vendor\\laravel\\framework\\src\\Illuminate\\Routing\\Router.php(821): Illuminate\\Pipeline\\Pipeline->then(Object(Closure))\n#57 C:\\Repositorio\\Sites\\hub\\vendor\\laravel\\framework\\src\\Illuminate\\Routing\\Router.php(800): Illuminate\\Routing\\Router->runRouteWithinStack(Object(Illuminate\\Routing\\Route), Object(Illuminate\\Http\\Request))\n#58 C:\\Repositorio\\Sites\\hub\\vendor\\laravel\\framework\\src\\Illuminate\\Routing\\Router.php(764): Illuminate\\Routing\\Router->runRoute(Object(Illuminate\\Http\\Request), Object(Illuminate\\Routing\\Route))\n#59 C:\\Repositorio\\Sites\\hub\\vendor\\laravel\\framework\\src\\Illuminate\\Routing\\Router.php(753): Illuminate\\Routing\\Router->dispatchToRoute(Object(Illuminate\\Http\\Request))\n#60 C:\\Repositorio\\Sites\\hub\\vendor\\laravel\\framework\\src\\Illuminate\\Foundation\\Http\\Kernel.php(200): Illuminate\\Routing\\Router->dispatch(Object(Illuminate\\Http\\Request))\n#61 C:\\Repositorio\\Sites\\hub\\vendor\\laravel\\framework\\src\\Illuminate\\Pipeline\\Pipeline.php(180): Illuminate\\Foundation\\Http\\Kernel->{closure:Illuminate\\Foundation\\Http\\Kernel::dispatchToRouter():197}(Object(Illuminate\\Http\\Request))\n#62 C:\\Repositorio\\Sites\\hub\\vendor\\livewire\\livewire\\src\\Features\\SupportDisablingBackButtonCache\\DisableBackButtonCacheMiddleware.php(19): Illuminate\\Pipeline\\Pipeline->{closure:Illuminate\\Pipeline\\Pipeline::prepareDestination():178}(Object(Illuminate\\Http\\Request))\n#63 C:\\Repositorio\\Sites\\hub\\vendor\\laravel\\framework\\src\\Illuminate\\Pipeline\\Pipeline.php(219): Livewire\\Features\\SupportDisablingBackButtonCache\\DisableBackButtonCacheMiddleware->handle(Object(Illuminate\\Http\\Request), Object(Closure))\n#64 C:\\Repositorio\\Sites\\hub\\vendor\\laravel\\framework\\src\\Illuminate\\Foundation\\Http\\Middleware\\TransformsRequest.php(21): Illuminate\\Pipeline\\Pipeline->{closure:{closure:Illuminate\\Pipeline\\Pipeline::carry():194}:195}(Object(Illuminate\\Http\\Request))\n#65 C:\\Repositorio\\Sites\\hub\\vendor\\laravel\\framework\\src\\Illuminate\\Foundation\\Http\\Middleware\\ConvertEmptyStringsToNull.php(31): Illuminate\\Foundation\\Http\\Middleware\\TransformsRequest->handle(Object(Illuminate\\Http\\Request), Object(Closure))\n#66 C:\\Repositorio\\Sites\\hub\\vendor\\laravel\\framework\\src\\Illuminate\\Pipeline\\Pipeline.php(219): Illuminate\\Foundation\\Http\\Middleware\\ConvertEmptyStringsToNull->handle(Object(Illuminate\\Http\\Request), Object(Closure))\n#67 C:\\Repositorio\\Sites\\hub\\vendor\\laravel\\framework\\src\\Illuminate\\Foundation\\Http\\Middleware\\TransformsRequest.php(21): Illuminate\\Pipeline\\Pipeline->{closure:{closure:Illuminate\\Pipeline\\Pipeline::carry():194}:195}(Object(Illuminate\\Http\\Request))\n#68 C:\\Repositorio\\Sites\\hub\\vendor\\laravel\\framework\\src\\Illuminate\\Foundation\\Http\\Middleware\\TrimStrings.php(51): Illuminate\\Foundation\\Http\\Middleware\\TransformsRequest->handle(Object(Illuminate\\Http\\Request), Object(Closure))\n#69 C:\\Repositorio\\Sites\\hub\\vendor\\laravel\\framework\\src\\Illuminate\\Pipeline\\Pipeline.php(219): Illuminate\\Foundation\\Http\\Middleware\\TrimStrings->handle(Object(Illuminate\\Http\\Request), Object(Closure))\n#70 C:\\Repositorio\\Sites\\hub\\vendor\\laravel\\framework\\src\\Illuminate\\Http\\Middleware\\ValidatePostSize.php(27): Illuminate\\Pipeline\\Pipeline->{closure:{closure:Illuminate\\Pipeline\\Pipeline::carry():194}:195}(Object(Illuminate\\Http\\Request))\n#71 C:\\Repositorio\\Sites\\hub\\vendor\\laravel\\framework\\src\\Illuminate\\Pipeline\\Pipeline.php(219): Illuminate\\Http\\Middleware\\ValidatePostSize->handle(Object(Illuminate\\Http\\Request), Object(Closure))\n#72 C:\\Repositorio\\Sites\\hub\\vendor\\laravel\\framework\\src\\Illuminate\\Foundation\\Http\\Middleware\\PreventRequestsDuringMaintenance.php(109): Illuminate\\Pipeline\\Pipeline->{closure:{closure:Illuminate\\Pipeline\\Pipeline::carry():194}:195}(Object(Illuminate\\Http\\Request))\n#73 C:\\Repositorio\\Sites\\hub\\vendor\\laravel\\framework\\src\\Illuminate\\Pipeline\\Pipeline.php(219): Illuminate\\Foundation\\Http\\Middleware\\PreventRequestsDuringMaintenance->handle(Object(Illuminate\\Http\\Request), Object(Closure))\n#74 C:\\Repositorio\\Sites\\hub\\vendor\\laravel\\framework\\src\\Illuminate\\Http\\Middleware\\HandleCors.php(61): Illuminate\\Pipeline\\Pipeline->{closure:{closure:Illuminate\\Pipeline\\Pipeline::carry():194}:195}(Object(Illuminate\\Http\\Request))\n#75 C:\\Repositorio\\Sites\\hub\\vendor\\laravel\\framework\\src\\Illuminate\\Pipeline\\Pipeline.php(219): Illuminate\\Http\\Middleware\\HandleCors->handle(Object(Illuminate\\Http\\Request), Object(Closure))\n#76 C:\\Repositorio\\Sites\\hub\\vendor\\laravel\\framework\\src\\Illuminate\\Http\\Middleware\\TrustProxies.php(58): Illuminate\\Pipeline\\Pipeline->{closure:{closure:Illuminate\\Pipeline\\Pipeline::carry():194}:195}(Object(Illuminate\\Http\\Request))\n#77 C:\\Repositorio\\Sites\\hub\\vendor\\laravel\\framework\\src\\Illuminate\\Pipeline\\Pipeline.php(219): Illuminate\\Http\\Middleware\\TrustProxies->handle(Object(Illuminate\\Http\\Request), Object(Closure))\n#78 C:\\Repositorio\\Sites\\hub\\vendor\\laravel\\framework\\src\\Illuminate\\Foundation\\Http\\Middleware\\InvokeDeferredCallbacks.php(22): Illuminate\\Pipeline\\Pipeline->{closure:{closure:Illuminate\\Pipeline\\Pipeline::carry():194}:195}(Object(Illuminate\\Http\\Request))\n#79 C:\\Repositorio\\Sites\\hub\\vendor\\laravel\\framework\\src\\Illuminate\\Pipeline\\Pipeline.php(219): Illuminate\\Foundation\\Http\\Middleware\\InvokeDeferredCallbacks->handle(Object(Illuminate\\Http\\Request), Object(Closure))\n#80 C:\\Repositorio\\Sites\\hub\\vendor\\laravel\\framework\\src\\Illuminate\\Http\\Middleware\\ValidatePathEncoding.php(28): Illuminate\\Pipeline\\Pipeline->{closure:{closure:Illuminate\\Pipeline\\Pipeline::carry():194}:195}(Object(Illuminate\\Http\\Request))\n#81 C:\\Repositorio\\Sites\\hub\\vendor\\laravel\\framework\\src\\Illuminate\\Pipeline\\Pipeline.php(219): Illuminate\\Http\\Middleware\\ValidatePathEncoding->handle(Object(Illuminate\\Http\\Request), Object(Closure))\n#82 C:\\Repositorio\\Sites\\hub\\vendor\\laravel\\framework\\src\\Illuminate\\Pipeline\\Pipeline.php(137): Illuminate\\Pipeline\\Pipeline->{closure:{closure:Illuminate\\Pipeline\\Pipeline::carry():194}:195}(Object(Illuminate\\Http\\Request))\n#83 C:\\Repositorio\\Sites\\hub\\vendor\\laravel\\framework\\src\\Illuminate\\Foundation\\Http\\Kernel.php(175): Illuminate\\Pipeline\\Pipeline->then(Object(Closure))\n#84 C:\\Repositorio\\Sites\\hub\\vendor\\laravel\\framework\\src\\Illuminate\\Foundation\\Http\\Kernel.php(144): Illuminate\\Foundation\\Http\\Kernel->sendRequestThroughRouter(Object(Illuminate\\Http\\Request))\n#85 C:\\Repositorio\\Sites\\hub\\vendor\\laravel\\framework\\src\\Illuminate\\Foundation\\Testing\\Concerns\\MakesHttpRequests.php(607): Illuminate\\Foundation\\Http\\Kernel->handle(Object(Illuminate\\Http\\Request))\n#86 C:\\Repositorio\\Sites\\hub\\vendor\\laravel\\framework\\src\\Illuminate\\Foundation\\Testing\\Concerns\\MakesHttpRequests.php(368): Illuminate\\Foundation\\Testing\\TestCase->call('GET', 'http://hub.test..', Array, Array, Array, Array)\n#87 C:\\Repositorio\\Sites\\hub\\tests\\Feature\\Settings\\AuthorizationTest.php(167): Illuminate\\Foundation\\Testing\\TestCase->get('http://hub.test..')\n#88 C:\\Repositorio\\Sites\\hub\\vendor\\pestphp\\pest\\src\\Factories\\TestCaseMethodFactory.php(177): P\\Tests\\Feature\\Settings\\AuthorizationTest->{closure:C:\\Repositorio\\Sites\\hub\\tests\\Feature\\Settings\\AuthorizationTest.php:163}()\n#89 [internal function]: P\\Tests\\Feature\\Settings\\AuthorizationTest->{closure:Pest\\Factories\\TestCaseMethodFactory::getClosure():167}()\n#90 C:\\Repositorio\\Sites\\hub\\vendor\\pestphp\\pest\\src\\Concerns\\Testable.php(581): call_user_func_array(Object(Closure), Array)\n#91 C:\\Repositorio\\Sites\\hub\\vendor\\pestphp\\pest\\src\\Support\\ExceptionTrace.php(26): P\\Tests\\Feature\\Settings\\AuthorizationTest->{closure:Pest\\Concerns\\Testable::__callClosure():581}()\n#92 C:\\Repositorio\\Sites\\hub\\vendor\\pestphp\\pest\\src\\Concerns\\Testable.php(581): Pest\\Support\\ExceptionTrace::ensure(Object(Closure))\n#93 C:\\Repositorio\\Sites\\hub\\vendor\\pestphp\\pest\\src\\Concerns\\Testable.php(403): P\\Tests\\Feature\\Settings\\AuthorizationTest->__callClosure(Object(Closure), Array)\n#94 C:\\Repositorio\\Sites\\hub\\vendor\\pestphp\\pest\\src\\Factories\\TestCaseFactory.php(175) : eval()'d code(98): P\\Tests\\Feature\\Settings\\AuthorizationTest->__runTest(Object(Closure))\n#95 C:\\Repositorio\\Sites\\hub\\vendor\\phpunit\\phpunit\\src\\Framework\\TestCase.php(1318): P\\Tests\\Feature\\Settings\\AuthorizationTest->__pest_evaluable_super__admin__can__view__permissions__index()\n#96 C:\\Repositorio\\Sites\\hub\\vendor\\phpunit\\phpunit\\src\\Framework\\TestCase.php(1355): PHPUnit\\Framework\\TestCase->invokeTestMethod('__pest_evaluabl..', Array)\n#97 C:\\Repositorio\\Sites\\hub\\vendor\\phpunit\\phpunit\\src\\Framework\\TestCase.php(521): PHPUnit\\Framework\\TestCase->runTest()\n#98 C:\\Repositorio\\Sites\\hub\\vendor\\phpunit\\phpunit\\src\\Framework\\TestRunner\\TestRunner.php(99): PHPUnit\\Framework\\TestCase->runBare()\n#99 C:\\Repositorio\\Sites\\hub\\vendor\\phpunit\\phpunit\\src\\Framework\\TestCase.php(361): PHPUnit\\Framework\\TestRunner->run(Object(P\\Tests\\Feature\\Settings\\AuthorizationTest))\n#100 C:\\Repositorio\\Sites\\hub\\vendor\\phpunit\\phpunit\\src\\Framework\\TestSuite.php(374): PHPUnit\\Framework\\TestCase->run()\n#101 C:\\Repositorio\\Sites\\hub\\vendor\\phpunit\\phpunit\\src\\Framework\\TestSuite.php(374): PHPUnit\\Framework\\TestSuite->run()\n#102 C:\\Repositorio\\Sites\\hub\\vendor\\phpunit\\phpunit\\src\\Framework\\TestSuite.php(374): PHPUnit\\Framework\\TestSuite->run()\n#103 C:\\Repositorio\\Sites\\hub\\vendor\\phpunit\\phpunit\\src\\TextUI\\TestRunner.php(64): PHPUnit\\Framework\\TestSuite->run()\n#104 C:\\Repositorio\\Sites\\hub\\vendor\\phpunit\\phpunit\\src\\TextUI\\Application.php(229): PHPUnit\\TextUI\\TestRunner->run(Object(PHPUnit\\TextUI\\Configuration\\Configuration), Object(PHPUnit\\Runner\\ResultCache\\DefaultResultCache), Object(PHPUnit\\Framework\\TestSuite))\n#105 C:\\Repositorio\\Sites\\hub\\vendor\\pestphp\\pest\\src\\Kernel.php(117): PHPUnit\\TextUI\\Application->run(Array)\n#106 C:\\Repositorio\\Sites\\hub\\vendor\\pestphp\\pest\\bin\\pest(207): Pest\\Kernel->handle(Array, Array)\n#107 C:\\Repositorio\\Sites\\hub\\vendor\\pestphp\\pest\\bin\\pest(215): {closure:C:\\Repositorio\\Sites\\hub\\vendor\\pestphp\\pest\\bin\\pest:21}()\n#108 {main}\n\nNext Illuminate\\View\\ViewException: Flux component [icon.history] does not exist. (View: C:\\Repositorio\\Sites\\hub\\resources\\views\\layouts\\app\\sidebar.blade.php) (View: C:\\Repositorio\\Sites\\hub\\resources\\views\\layouts\\app\\sidebar.blade.php) (View: C:\\Repositorio\\Sites\\hub\\resources\\views\\layouts\\app\\sidebar.blade.php) in C:\\Repositorio\\Sites\\hub\\storage\\framework\\views\\4c20301f673ff9e4b9fb45b1e464ba49.php:41\nStack trace:\n#0 C:\\Repositorio\\Sites\\hub\\vendor\\livewire\\livewire\\src\\Mechanisms\\ExtendBlade\\ExtendedCompilerEngine.php(58): Illuminate\\View\\Engines\\CompilerEngine->handleViewException(Object(Illuminate\\View\\ViewException), 1)\n#1 C:\\Repositorio\\Sites\\hub\\vendor\\laravel\\framework\\src\\Illuminate\\View\\Engines\\PhpEngine.php(59): Livewire\\Mechanisms\\ExtendBlade\\ExtendedCompilerEngine->handleViewException(Object(Illuminate\\View\\ViewException), 1)\n#2 C:\\Repositorio\\Sites\\hub\\vendor\\livewire\\livewire\\src\\Mechanisms\\ExtendBlade\\ExtendedCompilerEngine.php(22): Illuminate\\View\\Engines\\PhpEngine->evaluatePath('C:\\\\Repositorio\\\\..', Array)\n#3 C:\\Repositorio\\Sites\\hub\\vendor\\laravel\\framework\\src\\Illuminate\\View\\Engines\\CompilerEngine.php(76): Livewire\\Mechanisms\\ExtendBlade\\ExtendedCompilerEngine->evaluatePath('C:\\\\Repositorio\\\\..', Array)\n#4 C:\\Repositorio\\Sites\\hub\\vendor\\livewire\\livewire\\src\\Mechanisms\\ExtendBlade\\ExtendedCompilerEngine.php(10): Illuminate\\View\\Engines\\CompilerEngine->get('C:\\\\Repositorio\\\\..', Array)\n#5 C:\\Repositorio\\Sites\\hub\\vendor\\laravel\\framework\\src\\Illuminate\\View\\View.php(208): Livewire\\Mechanisms\\ExtendBlade\\ExtendedCompilerEngine->get('C:\\\\Repositorio\\\\..', Array)\n#6 C:\\Repositorio\\Sites\\hub\\vendor\\laravel\\framework\\src\\Illuminate\\View\\View.php(191): Illuminate\\View\\View->getContents()\n#7 C:\\Repositorio\\Sites\\hub\\vendor\\laravel\\framework\\src\\Illuminate\\View\\View.php(160): Illuminate\\View\\View->renderContents()\n#8 C:\\Repositorio\\Sites\\hub\\vendor\\laravel\\framework\\src\\Illuminate\\View\\Compilers\\BladeCompiler.php(361): Illuminate\\View\\View->render()\n#9 C:\\Repositorio\\Sites\\hub\\vendor\\laravel\\framework\\src\\Illuminate\\Support\\Facades\\Facade.php(363): Illuminate\\View\\Compilers\\BladeCompiler::render(' <?php $layo..', Array)\n#10 C:\\Repositorio\\Sites\\hub\\vendor\\livewire\\livewire\\src\\Features\\SupportPageComponents\\SupportPageComponents.php(162): Illuminate\\Support\\Facades\\Facade::__callStatic('render', Array)\n#11 C:\\Repositorio\\Sites\\hub\\vendor\\livewire\\livewire\\src\\Features\\SupportPageComponents\\HandlesPageComponents.php(26): Livewire\\Features\\SupportPageComponents\\SupportPageComponents::renderContentsIntoLayout('<section wire:s..', Object(Livewire\\Features\\SupportPageComponents\\PageComponentConfig))\n#12 C:\\Repositorio\\Sites\\hub\\vendor\\laravel\\framework\\src\\Illuminate\\Container\\BoundMethod.php(36): Livewire\\Component->__invoke()\n#13 C:\\Repositorio\\Sites\\hub\\vendor\\laravel\\framework\\src\\Illuminate\\Container\\Util.php(43): Illuminate\\Container\\BoundMethod::{closure:Illuminate\\Container\\BoundMethod::call():35}()\n#14 C:\\Repositorio\\Sites\\hub\\vendor\\laravel\\framework\\src\\Illuminate\\Container\\BoundMethod.php(96): Illuminate\\Container\\Util::unwrapIfClosure(Object(Closure))\n#15 C:\\Repositorio\\Sites\\hub\\vendor\\laravel\\framework\\src\\Illuminate\\Container\\BoundMethod.php(35): Illuminate\\Container\\BoundMethod::callBoundMethod(Object(Illuminate\\Foundation\\Application), Array, Object(Closure))\n#16 C:\\Repositorio\\Sites\\hub\\vendor\\laravel\\framework\\src\\Illuminate\\Container\\Container.php(799): Illuminate\\Container\\BoundMethod::call(Object(Illuminate\\Foundation\\Application), Array, Array, NULL)\n#17 C:\\Repositorio\\Sites\\hub\\vendor\\livewire\\livewire\\src\\Mechanisms\\HandleRouting\\LivewirePageController.php(15): Illuminate\\Container\\Container->call(Array)\n#18 C:\\Repositorio\\Sites\\hub\\vendor\\laravel\\framework\\src\\Illuminate\\Routing\\ControllerDispatcher.php(46): Livewire\\Mechanisms\\HandleRouting\\LivewirePageController->__invoke()\n#19 C:\\Repositorio\\Sites\\hub\\vendor\\laravel\\framework\\src\\Illuminate\\Routing\\Route.php(275): Illuminate\\Routing\\ControllerDispatcher->dispatch(Object(Illuminate\\Routing\\Route), Object(Livewire\\Mechanisms\\HandleRouting\\LivewirePageController), '__invoke')\n#20 C:\\Repositorio\\Sites\\hub\\vendor\\laravel\\framework\\src\\Illuminate\\Routing\\Route.php(215): Illuminate\\Routing\\Route->runController()\n#21 C:\\Repositorio\\Sites\\hub\\vendor\\laravel\\framework\\src\\Illuminate\\Routing\\Router.php(822): Illuminate\\Routing\\Route->run()\n#22 C:\\Repositorio\\Sites\\hub\\vendor\\laravel\\framework\\src\\Illuminate\\Pipeline\\Pipeline.php(180): Illuminate\\Routing\\Router->{closure:Illuminate\\Routing\\Router::runRouteWithinStack():821}(Object(Illuminate\\Http\\Request))\n#23 C:\\Repositorio\\Sites\\hub\\app\\Http\\Middleware\\CheckPermission.php(24): Illuminate\\Pipeline\\Pipeline->{closure:Illuminate\\Pipeline\\Pipeline::prepareDestination():178}(Object(Illuminate\\Http\\Request))\n#24 C:\\Repositorio\\Sites\\hub\\vendor\\laravel\\framework\\src\\Illuminate\\Pipeline\\Pipeline.php(219): App\\Http\\Middleware\\CheckPermission->handle(Object(Illuminate\\Http\\Request), Object(Closure), 'view-permission..')\n#25 C:\\Repositorio\\Sites\\hub\\vendor\\laravel\\framework\\src\\Illuminate\\Auth\\Middleware\\EnsureEmailIsVerified.php(41): Illuminate\\Pipeline\\Pipeline->{closure:{closure:Illuminate\\Pipeline\\Pipeline::carry():194}:195}(Object(Illuminate\\Http\\Request))\n#26 C:\\Repositorio\\Sites\\hub\\vendor\\laravel\\framework\\src\\Illuminate\\Pipeline\\Pipeline.php(219): Illuminate\\Auth\\Middleware\\EnsureEmailIsVerified->handle(Object(Illuminate\\Http\\Request), Object(Closure))\n#27 C:\\Repositorio\\Sites\\hub\\app\\Http\\Middleware\\SetTeamUrlDefaults.php(26): Illuminate\\Pipeline\\Pipeline->{closure:{closure:Illuminate\\Pipeline\\Pipeline::carry():194}:195}(Object(Illuminate\\Http\\Request))\n#28 C:\\Repositorio\\Sites\\hub\\vendor\\laravel\\framework\\src\\Illuminate\\Pipeline\\Pipeline.php(219): App\\Http\\Middleware\\SetTeamUrlDefaults->handle(Object(Illuminate\\Http\\Request), Object(Closure))\n#29 C:\\Repositorio\\Sites\\hub\\vendor\\laravel\\framework\\src\\Illuminate\\Routing\\Middleware\\SubstituteBindings.php(52): Illuminate\\Pipeline\\Pipeline->{closure:{closure:Illuminate\\Pipeline\\Pipeline::carry():194}:195}(Object(Illuminate\\Http\\Request))\n#30 C:\\Repositorio\\Sites\\hub\\vendor\\laravel\\framework\\src\\Illuminate\\Pipeline\\Pipeline.php(219): Illuminate\\Routing\\Middleware\\SubstituteBindings->handle(Object(Illuminate\\Http\\Request), Object(Closure))\n#31 C:\\Repositorio\\Sites\\hub\\vendor\\laravel\\framework\\src\\Illuminate\\Auth\\Middleware\\Authenticate.php(63): Illuminate\\Pipeline\\Pipeline->{closure:{closure:Illuminate\\Pipeline\\Pipeline::carry():194}:195}(Object(Illuminate\\Http\\Request))\n#32 C:\\Repositorio\\Sites\\hub\\vendor\\laravel\\framework\\src\\Illuminate\\Pipeline\\Pipeline.php(219): Illuminate\\Auth\\Middleware\\Authenticate->handle(Object(Illuminate\\Http\\Request), Object(Closure))\n#33 C:\\Repositorio\\Sites\\hub\\vendor\\laravel\\framework\\src\\Illuminate\\Foundation\\Http\\Middleware\\PreventRequestForgery.php(104): Illuminate\\Pipeline\\Pipeline->{closure:{closure:Illuminate\\Pipeline\\Pipeline::carry():194}:195}(Object(Illuminate\\Http\\Request))\n#34 C:\\Repositorio\\Sites\\hub\\vendor\\laravel\\framework\\src\\Illuminate\\Pipeline\\Pipeline.php(219): Illuminate\\Foundation\\Http\\Middleware\\PreventRequestForgery->handle(Object(Illuminate\\Http\\Request), Object(Closure))\n#35 C:\\Repositorio\\Sites\\hub\\vendor\\laravel\\framework\\src\\Illuminate\\View\\Middleware\\ShareErrorsFromSession.php(48): Illuminate\\Pipeline\\Pipeline->{closure:{closure:Illuminate\\Pipeline\\Pipeline::carry():194}:195}(Object(Illuminate\\Http\\Request))\n#36 C:\\Repositorio\\Sites\\hub\\vendor\\laravel\\framework\\src\\Illuminate\\Pipeline\\Pipeline.php(219): Illuminate\\View\\Middleware\\ShareErrorsFromSession->handle(Object(Illuminate\\Http\\Request), Object(Closure))\n#37 C:\\Repositorio\\Sites\\hub\\vendor\\laravel\\framework\\src\\Illuminate\\Session\\Middleware\\StartSession.php(120): Illuminate\\Pipeline\\Pipeline->{closure:{closure:Illuminate\\Pipeline\\Pipeline::carry():194}:195}(Object(Illuminate\\Http\\Request))\n#38 C:\\Repositorio\\Sites\\hub\\vendor\\laravel\\framework\\src\\Illuminate\\Session\\Middleware\\StartSession.php(63): Illuminate\\Session\\Middleware\\StartSession->handleStatefulRequest(Object(Illuminate\\Http\\Request), Object(Illuminate\\Session\\Store), Object(Closure))\n#39 C:\\Repositorio\\Sites\\hub\\vendor\\laravel\\framework\\src\\Illuminate\\Pipeline\\Pipeline.php(219): Illuminate\\Session\\Middleware\\StartSession->handle(Object(Illuminate\\Http\\Request), Object(Closure))\n#40 C:\\Repositorio\\Sites\\hub\\vendor\\laravel\\framework\\src\\Illuminate\\Cookie\\Middleware\\AddQueuedCookiesToResponse.php(36): Illuminate\\Pipeline\\Pipeline->{closure:{closure:Illuminate\\Pipeline\\Pipeline::carry():194}:195}(Object(Illuminate\\Http\\Request))\n#41 C:\\Repositorio\\Sites\\hub\\vendor\\laravel\\framework\\src\\Illuminate\\Pipeline\\Pipeline.php(219): Illuminate\\Cookie\\Middleware\\AddQueuedCookiesToResponse->handle(Object(Illuminate\\Http\\Request), Object(Closure))\n#42 C:\\Repositorio\\Sites\\hub\\vendor\\laravel\\framework\\src\\Illuminate\\Cookie\\Middleware\\EncryptCookies.php(74): Illuminate\\Pipeline\\Pipeline->{closure:{closure:Illuminate\\Pipeline\\Pipeline::carry():194}:195}(Object(Illuminate\\Http\\Request))\n#43 C:\\Repositorio\\Sites\\hub\\vendor\\laravel\\framework\\src\\Illuminate\\Pipeline\\Pipeline.php(219): Illuminate\\Cookie\\Middleware\\EncryptCookies->handle(Object(Illuminate\\Http\\Request), Object(Closure))\n#44 C:\\Repositorio\\Sites\\hub\\vendor\\laravel\\framework\\src\\Illuminate\\Pipeline\\Pipeline.php(137): Illuminate\\Pipeline\\Pipeline->{closure:{closure:Illuminate\\Pipeline\\Pipeline::carry():194}:195}(Object(Illuminate\\Http\\Request))\n#45 C:\\Repositorio\\Sites\\hub\\vendor\\laravel\\framework\\src\\Illuminate\\Routing\\Router.php(821): Illuminate\\Pipeline\\Pipeline->then(Object(Closure))\n#46 C:\\Repositorio\\Sites\\hub\\vendor\\laravel\\framework\\src\\Illuminate\\Routing\\Router.php(800): Illuminate\\Routing\\Router->runRouteWithinStack(Object(Illuminate\\Routing\\Route), Object(Illuminate\\Http\\Request))\n#47 C:\\Repositorio\\Sites\\hub\\vendor\\laravel\\framework\\src\\Illuminate\\Routing\\Router.php(764): Illuminate\\Routing\\Router->runRoute(Object(Illuminate\\Http\\Request), Object(Illuminate\\Routing\\Route))\n#48 C:\\Repositorio\\Sites\\hub\\vendor\\laravel\\framework\\src\\Illuminate\\Routing\\Router.php(753): Illuminate\\Routing\\Router->dispatchToRoute(Object(Illuminate\\Http\\Request))\n#49 C:\\Repositorio\\Sites\\hub\\vendor\\laravel\\framework\\src\\Illuminate\\Foundation\\Http\\Kernel.php(200): Illuminate\\Routing\\Router->dispatch(Object(Illuminate\\Http\\Request))\n#50 C:\\Repositorio\\Sites\\hub\\vendor\\laravel\\framework\\src\\Illuminate\\Pipeline\\Pipeline.php(180): Illuminate\\Foundation\\Http\\Kernel->{closure:Illuminate\\Foundation\\Http\\Kernel::dispatchToRouter():197}(Object(Illuminate\\Http\\Request))\n#51 C:\\Repositorio\\Sites\\hub\\vendor\\livewire\\livewire\\src\\Features\\SupportDisablingBackButtonCache\\DisableBackButtonCacheMiddleware.php(19): Illuminate\\Pipeline\\Pipeline->{closure:Illuminate\\Pipeline\\Pipeline::prepareDestination():178}(Object(Illuminate\\Http\\Request))\n#52 C:\\Repositorio\\Sites\\hub\\vendor\\laravel\\framework\\src\\Illuminate\\Pipeline\\Pipeline.php(219): Livewire\\Features\\SupportDisablingBackButtonCache\\DisableBackButtonCacheMiddleware->handle(Object(Illuminate\\Http\\Request), Object(Closure))\n#53 C:\\Repositorio\\Sites\\hub\\vendor\\laravel\\framework\\src\\Illuminate\\Foundation\\Http\\Middleware\\TransformsRequest.php(21): Illuminate\\Pipeline\\Pipeline->{closure:{closure:Illuminate\\Pipeline\\Pipeline::carry():194}:195}(Object(Illuminate\\Http\\Request))\n#54 C:\\Repositorio\\Sites\\hub\\vendor\\laravel\\framework\\src\\Illuminate\\Foundation\\Http\\Middleware\\ConvertEmptyStringsToNull.php(31): Illuminate\\Foundation\\Http\\Middleware\\TransformsRequest->handle(Object(Illuminate\\Http\\Request), Object(Closure))\n#55 C:\\Repositorio\\Sites\\hub\\vendor\\laravel\\framework\\src\\Illuminate\\Pipeline\\Pipeline.php(219): Illuminate\\Foundation\\Http\\Middleware\\ConvertEmptyStringsToNull->handle(Object(Illuminate\\Http\\Request), Object(Closure))\n#56 C:\\Repositorio\\Sites\\hub\\vendor\\laravel\\framework\\src\\Illuminate\\Foundation\\Http\\Middleware\\TransformsRequest.php(21): Illuminate\\Pipeline\\Pipeline->{closure:{closure:Illuminate\\Pipeline\\Pipeline::carry():194}:195}(Object(Illuminate\\Http\\Request))\n#57 C:\\Repositorio\\Sites\\hub\\vendor\\laravel\\framework\\src\\Illuminate\\Foundation\\Http\\Middleware\\TrimStrings.php(51): Illuminate\\Foundation\\Http\\Middleware\\TransformsRequest->handle(Object(Illuminate\\Http\\Request), Object(Closure))\n#58 C:\\Repositorio\\Sites\\hub\\vendor\\laravel\\framework\\src\\Illuminate\\Pipeline\\Pipeline.php(219): Illuminate\\Foundation\\Http\\Middleware\\TrimStrings->handle(Object(Illuminate\\Http\\Request), Object(Closure))\n#59 C:\\Repositorio\\Sites\\hub\\vendor\\laravel\\framework\\src\\Illuminate\\Http\\Middleware\\ValidatePostSize.php(27): Illuminate\\Pipeline\\Pipeline->{closure:{closure:Illuminate\\Pipeline\\Pipeline::carry():194}:195}(Object(Illuminate\\Http\\Request))\n#60 C:\\Repositorio\\Sites\\hub\\vendor\\laravel\\framework\\src\\Illuminate\\Pipeline\\Pipeline.php(219): Illuminate\\Http\\Middleware\\ValidatePostSize->handle(Object(Illuminate\\Http\\Request), Object(Closure))\n#61 C:\\Repositorio\\Sites\\hub\\vendor\\laravel\\framework\\src\\Illuminate\\Foundation\\Http\\Middleware\\PreventRequestsDuringMaintenance.php(109): Illuminate\\Pipeline\\Pipeline->{closure:{closure:Illuminate\\Pipeline\\Pipeline::carry():194}:195}(Object(Illuminate\\Http\\Request))\n#62 C:\\Repositorio\\Sites\\hub\\vendor\\laravel\\framework\\src\\Illuminate\\Pipeline\\Pipeline.php(219): Illuminate\\Foundation\\Http\\Middleware\\PreventRequestsDuringMaintenance->handle(Object(Illuminate\\Http\\Request), Object(Closure))\n#63 C:\\Repositorio\\Sites\\hub\\vendor\\laravel\\framework\\src\\Illuminate\\Http\\Middleware\\HandleCors.php(61): Illuminate\\Pipeline\\Pipeline->{closure:{closure:Illuminate\\Pipeline\\Pipeline::carry():194}:195}(Object(Illuminate\\Http\\Request))\n#64 C:\\Repositorio\\Sites\\hub\\vendor\\laravel\\framework\\src\\Illuminate\\Pipeline\\Pipeline.php(219): Illuminate\\Http\\Middleware\\HandleCors->handle(Object(Illuminate\\Http\\Request), Object(Closure))\n#65 C:\\Repositorio\\Sites\\hub\\vendor\\laravel\\framework\\src\\Illuminate\\Http\\Middleware\\TrustProxies.php(58): Illuminate\\Pipeline\\Pipeline->{closure:{closure:Illuminate\\Pipeline\\Pipeline::carry():194}:195}(Object(Illuminate\\Http\\Request))\n#66 C:\\Repositorio\\Sites\\hub\\vendor\\laravel\\framework\\src\\Illuminate\\Pipeline\\Pipeline.php(219): Illuminate\\Http\\Middleware\\TrustProxies->handle(Object(Illuminate\\Http\\Request), Object(Closure))\n#67 C:\\Repositorio\\Sites\\hub\\vendor\\laravel\\framework\\src\\Illuminate\\Foundation\\Http\\Middleware\\InvokeDeferredCallbacks.php(22): Illuminate\\Pipeline\\Pipeline->{closure:{closure:Illuminate\\Pipeline\\Pipeline::carry():194}:195}(Object(Illuminate\\Http\\Request))\n#68 C:\\Repositorio\\Sites\\hub\\vendor\\laravel\\framework\\src\\Illuminate\\Pipeline\\Pipeline.php(219): Illuminate\\Foundation\\Http\\Middleware\\InvokeDeferredCallbacks->handle(Object(Illuminate\\Http\\Request), Object(Closure))\n#69 C:\\Repositorio\\Sites\\hub\\vendor\\laravel\\framework\\src\\Illuminate\\Http\\Middleware\\ValidatePathEncoding.php(28): Illuminate\\Pipeline\\Pipeline->{closure:{closure:Illuminate\\Pipeline\\Pipeline::carry():194}:195}(Object(Illuminate\\Http\\Request))\n#70 C:\\Repositorio\\Sites\\hub\\vendor\\laravel\\framework\\src\\Illuminate\\Pipeline\\Pipeline.php(219): Illuminate\\Http\\Middleware\\ValidatePathEncoding->handle(Object(Illuminate\\Http\\Request), Object(Closure))\n#71 C:\\Repositorio\\Sites\\hub\\vendor\\laravel\\framework\\src\\Illuminate\\Pipeline\\Pipeline.php(137): Illuminate\\Pipeline\\Pipeline->{closure:{closure:Illuminate\\Pipeline\\Pipeline::carry():194}:195}(Object(Illuminate\\Http\\Request))\n#72 C:\\Repositorio\\Sites\\hub\\vendor\\laravel\\framework\\src\\Illuminate\\Foundation\\Http\\Kernel.php(175): Illuminate\\Pipeline\\Pipeline->then(Object(Closure))\n#73 C:\\Repositorio\\Sites\\hub\\vendor\\laravel\\framework\\src\\Illuminate\\Foundation\\Http\\Kernel.php(144): Illuminate\\Foundation\\Http\\Kernel->sendRequestThroughRouter(Object(Illuminate\\Http\\Request))\n#74 C:\\Repositorio\\Sites\\hub\\vendor\\laravel\\framework\\src\\Illuminate\\Foundation\\Testing\\Concerns\\MakesHttpRequests.php(607): Illuminate\\Foundation\\Http\\Kernel->handle(Object(Illuminate\\Http\\Request))\n#75 C:\\Repositorio\\Sites\\hub\\vendor\\laravel\\framework\\src\\Illuminate\\Foundation\\Testing\\Concerns\\MakesHttpRequests.php(368): Illuminate\\Foundation\\Testing\\TestCase->call('GET', 'http://hub.test..', Array, Array, Array, Array)\n#76 C:\\Repositorio\\Sites\\hub\\tests\\Feature\\Settings\\AuthorizationTest.php(167): Illuminate\\Foundation\\Testing\\TestCase->get('http://hub.test..')\n#77 C:\\Repositorio\\Sites\\hub\\vendor\\pestphp\\pest\\src\\Factories\\TestCaseMethodFactory.php(177): P\\Tests\\Feature\\Settings\\AuthorizationTest->{closure:C:\\Repositorio\\Sites\\hub\\tests\\Feature\\Settings\\AuthorizationTest.php:163}()\n#78 [internal function]: P\\Tests\\Feature\\Settings\\AuthorizationTest->{closure:Pest\\Factories\\TestCaseMethodFactory::getClosure():167}()\n#79 C:\\Repositorio\\Sites\\hub\\vendor\\pestphp\\pest\\src\\Concerns\\Testable.php(581): call_user_func_array(Object(Closure), Array)\n#80 C:\\Repositorio\\Sites\\hub\\vendor\\pestphp\\pest\\src\\Support\\ExceptionTrace.php(26): P\\Tests\\Feature\\Settings\\AuthorizationTest->{closure:Pest\\Concerns\\Testable::__callClosure():581}()\n#81 C:\\Repositorio\\Sites\\hub\\vendor\\pestphp\\pest\\src\\Concerns\\Testable.php(581): Pest\\Support\\ExceptionTrace::ensure(Object(Closure))\n#82 C:\\Repositorio\\Sites\\hub\\vendor\\pestphp\\pest\\src\\Concerns\\Testable.php(403): P\\Tests\\Feature\\Settings\\AuthorizationTest->__callClosure(Object(Closure), Array)\n#83 C:\\Repositorio\\Sites\\hub\\vendor\\pestphp\\pest\\src\\Factories\\TestCaseFactory.php(175) : eval()'d code(98): P\\Tests\\Feature\\Settings\\AuthorizationTest->__runTest(Object(Closure))\n#84 C:\\Repositorio\\Sites\\hub\\vendor\\phpunit\\phpunit\\src\\Framework\\TestCase.php(1318): P\\Tests\\Feature\\Settings\\AuthorizationTest->__pest_evaluable_super__admin__can__view__permissions__index()\n#85 C:\\Repositorio\\Sites\\hub\\vendor\\phpunit\\phpunit\\src\\Framework\\TestCase.php(1355): PHPUnit\\Framework\\TestCase->invokeTestMethod('__pest_evaluabl..', Array)\n#86 C:\\Repositorio\\Sites\\hub\\vendor\\phpunit\\phpunit\\src\\Framework\\TestCase.php(521): PHPUnit\\Framework\\TestCase->runTest()\n#87 C:\\Repositorio\\Sites\\hub\\vendor\\phpunit\\phpunit\\src\\Framework\\TestRunner\\TestRunner.php(99): PHPUnit\\Framework\\TestCase->runBare()\n#88 C:\\Repositorio\\Sites\\hub\\vendor\\phpunit\\phpunit\\src\\Framework\\TestCase.php(361): PHPUnit\\Framework\\TestRunner->run(Object(P\\Tests\\Feature\\Settings\\AuthorizationTest))\n#89 C:\\Repositorio\\Sites\\hub\\vendor\\phpunit\\phpunit\\src\\Framework\\TestSuite.php(374): PHPUnit\\Framework\\TestCase->run()\n#90 C:\\Repositorio\\Sites\\hub\\vendor\\phpunit\\phpunit\\src\\Framework\\TestSuite.php(374): PHPUnit\\Framework\\TestSuite->run()\n#91 C:\\Repositorio\\Sites\\hub\\vendor\\phpunit\\phpunit\\src\\Framework\\TestSuite.php(374): PHPUnit\\Framework\\TestSuite->run()\n#92 C:\\Repositorio\\Sites\\hub\\vendor\\phpunit\\phpunit\\src\\TextUI\\TestRunner.php(64): PHPUnit\\Framework\\TestSuite->run()\n#93 C:\\Repositorio\\Sites\\hub\\vendor\\phpunit\\phpunit\\src\\TextUI\\Application.php(229): PHPUnit\\TextUI\\TestRunner->run(Object(PHPUnit\\TextUI\\Configuration\\Configuration), Object(PHPUnit\\Runner\\ResultCache\\DefaultResultCache), Object(PHPUnit\\Framework\\TestSuite))\n#94 C:\\Repositorio\\Sites\\hub\\vendor\\pestphp\\pest\\src\\Kernel.php(117): PHPUnit\\TextUI\\Application->run(Array)\n#95 C:\\Repositorio\\Sites\\hub\\vendor\\pestphp\\pest\\bin\\pest(207): Pest\\Kernel->handle(Array, Array)\n#96 C:\\Repositorio\\Sites\\hub\\vendor\\pestphp\\pest\\bin\\pest(215): {closure:C:\\Repositorio\\Sites\\hub\\vendor\\pestphp\\pest\\bin\\pest:21}()\n#97 {main}\n\n----------------------------------------------------------------------------------\n\nFlux component [icon.history] does not exist. (View: C:\\Repositorio\\Sites\\hub\\resources\\views\\layouts\\app\\sidebar.blade.php) (View: C:\\Repositorio\\Sites\\hub\\resources\\views\\layouts\\app\\sidebar.blade.php) (View: C:\\Repositorio\\Sites\\hub\\resources\\views\\layouts\\app\\sidebar.blade.php)"}]}
